Archive member included to satisfy reference by file (symbol)

c:/program files (x86)/stm32cubeide_1.12.1/stm32cubeide/plugins/com.st.stm32cube.ide.mcu.externaltools.gnu-tools-for-stm32.10.3-2021.10.win32_1.0.200.202301161003/tools/bin/../lib/gcc/arm-none-eabi/10.3.1/../../../../arm-none-eabi/lib/thumb/v7e-m+dp/hard\libc_nano.a(lib_a-errno.o)
                              ./Core/Src/syscalls.o (__errno)
c:/program files (x86)/stm32cubeide_1.12.1/stm32cubeide/plugins/com.st.stm32cube.ide.mcu.externaltools.gnu-tools-for-stm32.10.3-2021.10.win32_1.0.200.202301161003/tools/bin/../lib/gcc/arm-none-eabi/10.3.1/../../../../arm-none-eabi/lib/thumb/v7e-m+dp/hard\libc_nano.a(lib_a-exit.o)
                              c:/program files (x86)/stm32cubeide_1.12.1/stm32cubeide/plugins/com.st.stm32cube.ide.mcu.externaltools.gnu-tools-for-stm32.10.3-2021.10.win32_1.0.200.202301161003/tools/bin/../lib/gcc/arm-none-eabi/10.3.1/../../../../arm-none-eabi/lib/thumb/v7e-m+dp/hard/crt0.o (exit)
c:/program files (x86)/stm32cubeide_1.12.1/stm32cubeide/plugins/com.st.stm32cube.ide.mcu.externaltools.gnu-tools-for-stm32.10.3-2021.10.win32_1.0.200.202301161003/tools/bin/../lib/gcc/arm-none-eabi/10.3.1/../../../../arm-none-eabi/lib/thumb/v7e-m+dp/hard\libc_nano.a(lib_a-impure.o)
                              c:/program files (x86)/stm32cubeide_1.12.1/stm32cubeide/plugins/com.st.stm32cube.ide.mcu.externaltools.gnu-tools-for-stm32.10.3-2021.10.win32_1.0.200.202301161003/tools/bin/../lib/gcc/arm-none-eabi/10.3.1/../../../../arm-none-eabi/lib/thumb/v7e-m+dp/hard\libc_nano.a(lib_a-exit.o) (_global_impure_ptr)
c:/program files (x86)/stm32cubeide_1.12.1/stm32cubeide/plugins/com.st.stm32cube.ide.mcu.externaltools.gnu-tools-for-stm32.10.3-2021.10.win32_1.0.200.202301161003/tools/bin/../lib/gcc/arm-none-eabi/10.3.1/../../../../arm-none-eabi/lib/thumb/v7e-m+dp/hard\libc_nano.a(lib_a-init.o)
                              c:/program files (x86)/stm32cubeide_1.12.1/stm32cubeide/plugins/com.st.stm32cube.ide.mcu.externaltools.gnu-tools-for-stm32.10.3-2021.10.win32_1.0.200.202301161003/tools/bin/../lib/gcc/arm-none-eabi/10.3.1/../../../../arm-none-eabi/lib/thumb/v7e-m+dp/hard/crt0.o (__libc_init_array)
c:/program files (x86)/stm32cubeide_1.12.1/stm32cubeide/plugins/com.st.stm32cube.ide.mcu.externaltools.gnu-tools-for-stm32.10.3-2021.10.win32_1.0.200.202301161003/tools/bin/../lib/gcc/arm-none-eabi/10.3.1/../../../../arm-none-eabi/lib/thumb/v7e-m+dp/hard\libc_nano.a(lib_a-memcpy-stub.o)
                              ./Middlewares/Third_Party/FreeRTOS/Source/queue.o (memcpy)
c:/program files (x86)/stm32cubeide_1.12.1/stm32cubeide/plugins/com.st.stm32cube.ide.mcu.externaltools.gnu-tools-for-stm32.10.3-2021.10.win32_1.0.200.202301161003/tools/bin/../lib/gcc/arm-none-eabi/10.3.1/../../../../arm-none-eabi/lib/thumb/v7e-m+dp/hard\libc_nano.a(lib_a-memset.o)
                              c:/program files (x86)/stm32cubeide_1.12.1/stm32cubeide/plugins/com.st.stm32cube.ide.mcu.externaltools.gnu-tools-for-stm32.10.3-2021.10.win32_1.0.200.202301161003/tools/bin/../lib/gcc/arm-none-eabi/10.3.1/../../../../arm-none-eabi/lib/thumb/v7e-m+dp/hard/crt0.o (memset)
c:/program files (x86)/stm32cubeide_1.12.1/stm32cubeide/plugins/com.st.stm32cube.ide.mcu.externaltools.gnu-tools-for-stm32.10.3-2021.10.win32_1.0.200.202301161003/tools/bin/../lib/gcc/arm-none-eabi/10.3.1/../../../../arm-none-eabi/lib/thumb/v7e-m+dp/hard\libc_nano.a(lib_a-printf.o)
                              ./CANLib/CAN_Main/CAN_Main.o (printf)
c:/program files (x86)/stm32cubeide_1.12.1/stm32cubeide/plugins/com.st.stm32cube.ide.mcu.externaltools.gnu-tools-for-stm32.10.3-2021.10.win32_1.0.200.202301161003/tools/bin/../lib/gcc/arm-none-eabi/10.3.1/../../../../arm-none-eabi/lib/thumb/v7e-m+dp/hard\libc_nano.a(lib_a-puts.o)
                              ./CANLib/CAN_Main/CAN_Main.o (puts)
c:/program files (x86)/stm32cubeide_1.12.1/stm32cubeide/plugins/com.st.stm32cube.ide.mcu.externaltools.gnu-tools-for-stm32.10.3-2021.10.win32_1.0.200.202301161003/tools/bin/../lib/gcc/arm-none-eabi/10.3.1/../../../../arm-none-eabi/lib/thumb/v7e-m+dp/hard\libc_nano.a(lib_a-wbuf.o)
                              c:/program files (x86)/stm32cubeide_1.12.1/stm32cubeide/plugins/com.st.stm32cube.ide.mcu.externaltools.gnu-tools-for-stm32.10.3-2021.10.win32_1.0.200.202301161003/tools/bin/../lib/gcc/arm-none-eabi/10.3.1/../../../../arm-none-eabi/lib/thumb/v7e-m+dp/hard\libc_nano.a(lib_a-puts.o) (__swbuf_r)
c:/program files (x86)/stm32cubeide_1.12.1/stm32cubeide/plugins/com.st.stm32cube.ide.mcu.externaltools.gnu-tools-for-stm32.10.3-2021.10.win32_1.0.200.202301161003/tools/bin/../lib/gcc/arm-none-eabi/10.3.1/../../../../arm-none-eabi/lib/thumb/v7e-m+dp/hard\libc_nano.a(lib_a-wsetup.o)
[...]
Memory Configuration

Name             Origin             Length             Attributes
RAM              0x0000000020000000 0x0000000000080000 xrw
FLASH            0x0000000008000000 0x0000000000200000 xr
*default*        0x0000000000000000 0xffffffffffffffff

Linker script and memory map

LOAD c:/program files (x86)/stm32cubeide_1.12.1/stm32cubeide/plugins/com.st.stm32cube.ide.mcu.externaltools.gnu-tools-for-stm32.10.3-2021.10.win32_1.0.200.202301161003/tools/bin/../lib/gcc/arm-none-eabi/10.3.1/thumb/v7e-m+dp/hard/crti.o
LOAD c:/program files (x86)/stm32cubeide_1.12.1/stm32cubeide/plugins/com.st.stm32cube.ide.mcu.externaltools.gnu-tools-for-stm32.10.3-2021.10.win32_1.0.200.202301161003/tools/bin/../lib/gcc/arm-none-eabi/10.3.1/thumb/v7e-m+dp/hard/crtbegin.o
LOAD c:/program files (x86)/stm32cubeide_1.12.1/stm32cubeide/plugins/com.st.stm32cube.ide.mcu.externaltools.gnu-tools-for-stm32.10.3-2021.10.win32_1.0.200.202301161003/tools/bin/../lib/gcc/arm-none-eabi/10.3.1/../../../../arm-none-eabi/lib/thumb/v7e-m+dp/hard/crt0.o
LOAD ./CANLib/CAN_Main/CAN_Main.o
LOAD ./CANLib/Defines/CAN_System_Def.o
LOAD ./Core/Src/freertos.o
LOAD ./Core/Src/main.o
LOAD ./Core/Src/pid.o
LOAD ./Core/Src/stm32f7xx_hal_msp.o
LOAD ./Core/Src/stm32f7xx_it.o
LOAD ./Core/Src/syscalls.o
LOAD ./Core/Src/sysmem.o
LOAD ./Core/Src/system_stm32f7xx.o
LOAD ./Core/Startup/startup_stm32f767zitx.o
LOAD ./Drivers/STM32F7xx_HAL_Driver/Src/stm32f7xx_hal.o
LOAD ./Drivers/STM32F7xx_HAL_Driver/Src/stm32f7xx_hal_can.o
LOAD ./Drivers/STM32F7xx_HAL_Driver/Src/stm32f7xx_hal_cortex.o
LOAD ./Drivers/STM32F7xx_HAL_Driver/Src/stm32f7xx_hal_dma.o
LOAD ./Drivers/STM32F7xx_HAL_Driver/Src/stm32f7xx_hal_dma_ex.o
LOAD ./Drivers/STM32F7xx_HAL_Driver/Src/stm32f7xx_hal_eth.o
LOAD ./Drivers/STM32F7xx_HAL_Driver/Src/stm32f7xx_hal_exti.o
LOAD ./Drivers/STM32F7xx_HAL_Driver/Src/stm32f7xx_hal_flash.o
LOAD ./Drivers/STM32F7xx_HAL_Driver/Src/stm32f7xx_hal_flash_ex.o
LOAD ./Drivers/STM32F7xx_HAL_Driver/Src/stm32f7xx_hal_gpio.o
LOAD ./Drivers/STM32F7xx_HAL_Driver/Src/stm32f7xx_hal_i2c.o
LOAD ./Drivers/STM32F7xx_HAL_Driver/Src/stm32f7xx_hal_i2c_ex.o
LOAD ./Drivers/STM32F7xx_HAL_Driver/Src/stm32f7xx_hal_pcd.o
LOAD ./Drivers/STM32F7xx_HAL_Driver/Src/stm32f7xx_hal_pcd_ex.o
LOAD ./Drivers/STM32F7xx_HAL_Driver/Src/stm32f7xx_hal_pwr.o
LOAD ./Drivers/STM32F7xx_HAL_Driver/Src/stm32f7xx_hal_pwr_ex.o
LOAD ./Drivers/STM32F7xx_HAL_Driver/Src/stm32f7xx_hal_rcc.o
LOAD ./Drivers/STM32F7xx_HAL_Driver/Src/stm32f7xx_hal_rcc_ex.o
LOAD ./Drivers/STM32F7xx_HAL_Driver/Src/stm32f7xx_hal_tim.o
LOAD ./Drivers/STM32F7xx_HAL_Driver/Src/stm32f7xx_hal_tim_ex.o
LOAD ./Drivers/STM32F7xx_HAL_Driver/Src/stm32f7xx_hal_uart.o
LOAD ./Drivers/STM32F7xx_HAL_Driver/Src/stm32f7xx_hal_uart_ex.o
LOAD ./Drivers/STM32F7xx_HAL_Driver/Src/stm32f7xx_ll_usb.o
LOAD ./Middlewares/Third_Party/FreeRTOS/Source/CMSIS_RTOS/cmsis_os.o
LOAD ./Middlewares/Third_Party/FreeRTOS/Source/croutine.o
LOAD ./Middlewares/Third_Party/FreeRTOS/Source/event_groups.o
LOAD ./Middlewares/Third_Party/FreeRTOS/Source/list.o
LOAD ./Middlewares/Third_Party/FreeRTOS/Source/queue.o
LOAD ./Middlewares/Third_Party/FreeRTOS/Source/stream_buffer.o
LOAD ./Middlewares/Third_Party/FreeRTOS/Source/tasks.o
LOAD ./Middlewares/Third_Party/FreeRTOS/Source/timers.o
LOAD ./Middlewares/Third_Party/FreeRTOS/Source/portable/GCC/ARM_CM7/r0p1/port.o
LOAD ./Middlewares/Third_Party/FreeRTOS/Source/portable/MemMang/heap_4.o
START GROUP
LOAD c:/program files (x86)/stm32cubeide_1.12.1/stm32cubeide/plugins/com.st.stm32cube.ide.mcu.externaltools.gnu-tools-for-stm32.10.3-2021.10.win32_1.0.200.202301161003/tools/bin/../lib/gcc/arm-none-eabi/10.3.1/../../../../arm-none-eabi/lib/thumb/v7e-m+dp/hard\libc_nano.a
LOAD c:/program files (x86)/stm32cubeide_1.12.1/stm32cubeide/plugins/com.st.stm32cube.ide.mcu.externaltools.gnu-tools-for-stm32.10.3-2021.10.win32_1.0.200.202301161003/tools/bin/../lib/gcc/arm-none-eabi/10.3.1/../../../../arm-none-eabi/lib/thumb/v7e-m+dp/hard\libm.a
END GROUP
START GROUP
LOAD c:/program files (x86)/stm32cubeide_1.12.1/stm32cubeide/plugins/com.st.stm32cube.ide.mcu.externaltools.gnu-tools-for-stm32.10.3-2021.10.win32_1.0.200.202301161003/tools/bin/../lib/gcc/arm-none-eabi/10.3.1/thumb/v7e-m+dp/hard\libgcc.a
LOAD c:/program files (x86)/stm32cubeide_1.12.1/stm32cubeide/plugins/com.st.stm32cube.ide.mcu.externaltools.gnu-tools-for-stm32.10.3-2021.10.win32_1.0.200.202301161003/tools/bin/../lib/gcc/arm-none-eabi/10.3.1/../../../../arm-none-eabi/lib/thumb/v7e-m+dp/hard\libc_nano.a
END GROUP
START GROUP
LOAD c:/program files (x86)/stm32cubeide_1.12.1/stm32cubeide/plugins/com.st.stm32cube.ide.mcu.externaltools.gnu-tools-for-stm32.10.3-2021.10.win32_1.0.200.202301161003/tools/bin/../lib/gcc/arm-none-eabi/10.3.1/thumb/v7e-m+dp/hard\libgcc.a
LOAD c:/program files (x86)/stm32cubeide_1.12.1/stm32cubeide/plugins/com.st.stm32cube.ide.mcu.externaltools.gnu-tools-for-stm32.10.3-2021.10.win32_1.0.200.202301161003/tools/bin/../lib/gcc/arm-none-eabi/10.3.1/../../../../arm-none-eabi/lib/thumb/v7e-m+dp/hard\libc_nano.a
LOAD c:/program files (x86)/stm32cubeide_1.12.1/stm32cubeide/plugins/com.st.stm32cube.ide.mcu.externaltools.gnu-tools-for-stm32.10.3-2021.10.win32_1.0.200.202301161003/tools/bin/../lib/gcc/arm-none-eabi/10.3.1/../../../../arm-none-eabi/lib/thumb/v7e-m+dp/hard\libnosys.a
END GROUP
START GROUP
LOAD c:/program files (x86)/stm32cubeide_1.12.1/stm32cubeide/plugins/com.st.stm32cube.ide.mcu.externaltools.gnu-tools-for-stm32.10.3-2021.10.win32_1.0.200.202301161003/tools/bin/../lib/gcc/arm-none-eabi/10.3.1/thumb/v7e-m+dp/hard\libgcc.a
LOAD c:/program files (x86)/stm32cubeide_1.12.1/stm32cubeide/plugins/com.st.stm32cube.ide.mcu.externaltools.gnu-tools-for-stm32.10.3-2021.10.win32_1.0.200.202301161003/tools/bin/../lib/gcc/arm-none-eabi/10.3.1/../../../../arm-none-eabi/lib/thumb/v7e-m+dp/hard\libc_nano.a
LOAD c:/program files (x86)/stm32cubeide_1.12.1/stm32cubeide/plugins/com.st.stm32cube.ide.mcu.externaltools.gnu-tools-for-stm32.10.3-2021.10.win32_1.0.200.202301161003/tools/bin/../lib/gcc/arm-none-eabi/10.3.1/../../../../arm-none-eabi/lib/thumb/v7e-m+dp/hard\libnosys.a
END GROUP
LOAD c:/program files (x86)/stm32cubeide_1.12.1/stm32cubeide/plugins/com.st.stm32cube.ide.mcu.externaltools.gnu-tools-for-stm32.10.3-2021.10.win32_1.0.200.202301161003/tools/bin/../lib/gcc/arm-none-eabi/10.3.1/thumb/v7e-m+dp/hard/crtend.o
LOAD c:/program files (x86)/stm32cubeide_1.12.1/stm32cubeide/plugins/com.st.stm32cube.ide.mcu.externaltools.gnu-tools-for-stm32.10.3-2021.10.win32_1.0.200.202301161003/tools/bin/../lib/gcc/arm-none-eabi/10.3.1/thumb/v7e-m+dp/hard/crtn.o
                0x0000000020080000                _estack = (ORIGIN (RAM) + LENGTH (RAM))
                0x0000000000000200                _Min_Heap_Size = 0x200
                0x0000000000000400                _Min_Stack_Size = 0x400

.isr_vector     0x0000000008000000      0x1f8
                0x0000000008000000                . = ALIGN (0x4)
 *(.isr_vector)
 .isr_vector    0x0000000008000000      0x1f8 ./Core/Startup/startup_stm32f767zitx.o
                0x0000000008000000                g_pfnVectors
                0x00000000080001f8                . = ALIGN (0x4)

.text           0x0000000008000200     0xa83c
                0x0000000008000200                . = ALIGN (0x4)
 *(.text)
 .text          0x0000000008000200       0x40 c:/program files (x86)/stm32cubeide_1.12.1/stm32cubeide/plugins/com.st.stm32cube.ide.mcu.externaltools.gnu-tools-for-stm32.10.3-2021.10.win32_1.0.200.202301161003/tools/bin/../lib/gcc/arm-none-eabi/10.3.1/thumb/v7e-m+dp/hard/crtbegin.o
 .text          0x0000000008000240       0xa0 c:/program files (x86)/stm32cubeide_1.12.1/stm32cubeide/plugins/com.st.stm32cube.ide.mcu.externaltools.gnu-tools-for-stm32.10.3-2021.10.win32_1.0.200.202301161003/tools/bin/../lib/gcc/arm-none-eabi/10.3.1/../../../../arm-none-eabi/lib/thumb/v7e-m+dp/hard\libc_nano.a(lib_a-memchr.o)
                0x0000000008000240                memchr
 .text          0x00000000080002e0       0x30 c:/program files (x86)/stm32cubeide_1.12.1/stm32cubeide/plugins/com.st.stm32cube.ide.mcu.externaltools.gnu-tools-for-stm32.10.3-2021.10.win32_1.0.200.202301161003/tools/bin/../lib/gcc/arm-none-eabi/10.3.1/thumb/v7e-m+dp/hard\libgcc.a(_aeabi_uldivmod.o)
                0x00000000080002e0                __aeabi_uldivmod
 .text          0x0000000008000310      0x2d0 c:/program files (x86)/stm32cubeide_1.12.1/stm32cubeide/plugins/com.st.stm32cube.ide.mcu.externaltools.gnu-tools-for-stm32.10.3-2021.10.win32_1.0.200.202301161003/tools/bin/../lib/gcc/arm-none-eabi/10.3.1/thumb/v7e-m+dp/hard\libgcc.a(_udivmoddi4.o)
                0x0000000008000310                __udivmoddi4
 .text          0x00000000080005e0        0x4 c:/program files (x86)/stm32cubeide_1.12.1/stm32cubeide/plugins/com.st.stm32cube.ide.mcu.externaltools.gnu-tools-for-stm32.10.3-2021.10.win32_1.0.200.202301161003/tools/bin/../lib/gcc/arm-none-eabi/10.3.1/thumb/v7e-m+dp/hard\libgcc.a(_dvmd_tls.o)
                0x00000000080005e0                __aeabi_idiv0
                0x00000000080005e0                __aeabi_ldiv0
 *(.text*)
 .text.PushTx8Bytes
                0x00000000080005e4       0xb0 ./CANLib/CAN_Main/CAN_Main.o
                0x00000000080005e4                PushTx8Bytes
 .text.PopSendTx8Bytes
                0x0000000008000694       0xb4 ./CANLib/CAN_Main/CAN_Main.o
                0x0000000008000694                PopSendTx8Bytes
 .text.WhenTxMailbox0_1_2CompleteCallbackCalled
                0x0000000008000748        0xc ./CANLib/CAN_Main/CAN_Main.o
                0x0000000008000748                WhenTxMailbox0_1_2CompleteCallbackCalled
 .text.WhenTxMailbox0_1_2AbortCallbackCalled
                0x0000000008000754        0xc ./CANLib/CAN_Main/CAN_Main.o
                0x0000000008000754                WhenTxMailbox0_1_2AbortCallbackCalled
 .text.WhenCANRxFifo0MsgPending
                0x0000000008000760      0x200 ./CANLib/CAN_Main/CAN_Main.o
                0x0000000008000760                WhenCANRxFifo0MsgPending
 .text.SendBytes
                0x0000000008000960       0xa0 ./CANLib/CAN_Main/CAN_Main.o
                0x0000000008000960                SendBytes
 .text.CAN_SystemInit
                0x0000000008000a00      0x550 ./CANLib/CAN_Main/CAN_Main.o
                0x0000000008000a00                CAN_SystemInit
 .text.MCMD_ChangeControl
                0x0000000008000f50       0xd0 ./CANLib/CAN_Main/CAN_Main.o
                0x0000000008000f50                MCMD_ChangeControl
 .text.MCMD_init
                0x0000000008001020       0xa0 ./CANLib/CAN_Main/CAN_Main.o
                0x0000000008001020                MCMD_init
 .text.MCMD_Calib
                0x00000000080010c0       0x2c ./CANLib/CAN_Main/CAN_Main.o
                0x00000000080010c0                MCMD_Calib
 .text.MCMD_SetTarget
                0x00000000080010ec       0x2e ./CANLib/CAN_Main/CAN_Main.o
                0x00000000080010ec                MCMD_SetTarget
 *fill*         0x000000000800111a        0x2 
 .text.Get_MCMD_Feedback
                0x000000000800111c      0x1b0 ./CANLib/CAN_Main/CAN_Main.o
                0x000000000800111c                Get_MCMD_Feedback
 .text.Make_CAN_ID_from_CAN_Device
                0x00000000080012cc       0x52 ./CANLib/Defines/CAN_System_Def.o
                0x00000000080012cc                Make_CAN_ID_from_CAN_Device
 .text.Make_CAN_ID
                0x000000000800131e       0x5a ./CANLib/Defines/CAN_System_Def.o
                0x000000000800131e                Make_CAN_ID
 .text.Extract_CAN_Device
                0x0000000008001378       0x98 ./CANLib/Defines/CAN_System_Def.o
                0x0000000008001378                Extract_CAN_Device
 .text.Extract_CAN_CMD
                0x0000000008001410       0x1e ./CANLib/Defines/CAN_System_Def.o
                0x0000000008001410                Extract_CAN_CMD
 *fill*         0x000000000800142e        0x2 
 .text.vApplicationGetIdleTaskMemory
                0x0000000008001430       0x34 ./Core/Src/freertos.o
                0x0000000008001430                vApplicationGetIdleTaskMemory
 .text.vApplicationGetTimerTaskMemory
                0x0000000008001464       0x34 ./Core/Src/freertos.o
                0x0000000008001464                vApplicationGetTimerTaskMemory
 .text.__io_putchar
                0x0000000008001498       0x28 ./Core/Src/main.o
                0x0000000008001498                __io_putchar
 .text.HAL_CAN_TxMailbox0CompleteCallback
                0x00000000080014c0       0x14 ./Core/Src/main.o
                0x00000000080014c0                HAL_CAN_TxMailbox0CompleteCallback
 .text.HAL_CAN_TxMailbox0AbortCallback
                0x00000000080014d4       0x14 ./Core/Src/main.o
                0x00000000080014d4                HAL_CAN_TxMailbox0AbortCallback
 .text.HAL_CAN_TxMailbox1CompleteCallback
                0x00000000080014e8       0x14 ./Core/Src/main.o
                0x00000000080014e8                HAL_CAN_TxMailbox1CompleteCallback
 .text.HAL_CAN_TxMailbox1AbortCallback
                0x00000000080014fc       0x14 ./Core/Src/main.o
                0x00000000080014fc                HAL_CAN_TxMailbox1AbortCallback
 .text.HAL_CAN_TxMailbox2CompleteCallback
                0x0000000008001510       0x14 ./Core/Src/main.o
                0x0000000008001510                HAL_CAN_TxMailbox2CompleteCallback
 .text.HAL_CAN_TxMailbox2AbortCallback
                0x0000000008001524       0x14 ./Core/Src/main.o
                0x0000000008001524                HAL_CAN_TxMailbox2AbortCallback
 .text.HAL_CAN_RxFifo0MsgPendingCallback
                0x0000000008001538       0x1c ./Core/Src/main.o
                0x0000000008001538                HAL_CAN_RxFifo0MsgPendingCallback
 .text.mcmdSetting.0
                0x0000000008001554      0x118 ./Core/Src/main.o
 .text.main     0x000000000800166c       0x94 ./Core/Src/main.o
                0x000000000800166c                main
 .text.SystemClock_Config
                0x0000000008001700       0xe4 ./Core/Src/main.o
                0x0000000008001700                SystemClock_Config
 .text.MX_CAN1_Init
                0x00000000080017e4       0x6c ./Core/Src/main.o
 .text.MX_ETH_Init
                0x0000000008001850       0x9c ./Core/Src/main.o
 .text.MX_USART3_UART_Init
                0x00000000080018ec       0x60 ./Core/Src/main.o
 .text.MX_USB_OTG_FS_PCD_Init
                0x000000000800194c       0x5c ./Core/Src/main.o
 .text.MX_DMA_Init
                0x00000000080019a8       0x3c ./Core/Src/main.o
 .text.MX_GPIO_Init
                0x00000000080019e4      0x144 ./Core/Src/main.o
 .text.StartDefaultTask
                0x0000000008001b28       0x20 ./Core/Src/main.o
                0x0000000008001b28                StartDefaultTask
 .text.StartsystemCheck
                0x0000000008001b48       0x4c ./Core/Src/main.o
                0x0000000008001b48                StartsystemCheck
 .text.Error_Handler
                0x0000000008001b94        0xa ./Core/Src/main.o
                0x0000000008001b94                Error_Handler
 *fill*         0x0000000008001b9e        0x2 
 .text.HAL_MspInit
                0x0000000008001ba0       0x50 ./Core/Src/stm32f7xx_hal_msp.o
                0x0000000008001ba0                HAL_MspInit
 .text.HAL_CAN_MspInit
                0x0000000008001bf0       0xb8 ./Core/Src/stm32f7xx_hal_msp.o
                0x0000000008001bf0                HAL_CAN_MspInit
 .text.HAL_ETH_MspInit
                0x0000000008001ca8      0x170 ./Core/Src/stm32f7xx_hal_msp.o
                0x0000000008001ca8                HAL_ETH_MspInit
 .text.HAL_UART_MspInit
                0x0000000008001e18      0x134 ./Core/Src/stm32f7xx_hal_msp.o
                0x0000000008001e18                HAL_UART_MspInit
 .text.HAL_PCD_MspInit
                0x0000000008001f4c       0xf4 ./Core/Src/stm32f7xx_hal_msp.o
                0x0000000008001f4c                HAL_PCD_MspInit
 .text.NMI_Handler
                0x0000000008002040        0x6 ./Core/Src/stm32f7xx_it.o
                0x0000000008002040                NMI_Handler
 .text.HardFault_Handler
                0x0000000008002046        0x6 ./Core/Src/stm32f7xx_it.o
                0x0000000008002046                HardFault_Handler
 .text.MemManage_Handler
                0x000000000800204c        0x6 ./Core/Src/stm32f7xx_it.o
                0x000000000800204c                MemManage_Handler
 .text.BusFault_Handler
                0x0000000008002052        0x6 ./Core/Src/stm32f7xx_it.o
                0x0000000008002052                BusFault_Handler
 .text.UsageFault_Handler
                0x0000000008002058        0x6 ./Core/Src/stm32f7xx_it.o
                0x0000000008002058                UsageFault_Handler
 .text.DebugMon_Handler
                0x000000000800205e        0xe ./Core/Src/stm32f7xx_it.o
                0x000000000800205e                DebugMon_Handler
 .text.SysTick_Handler
                0x000000000800206c       0x1a ./Core/Src/stm32f7xx_it.o
                0x000000000800206c                SysTick_Handler
 *fill*         0x0000000008002086        0x2 
 .text.DMA1_Stream3_IRQHandler
                0x0000000008002088       0x14 ./Core/Src/stm32f7xx_it.o
                0x0000000008002088                DMA1_Stream3_IRQHandler
 .text.CAN1_TX_IRQHandler
                0x000000000800209c       0x14 ./Core/Src/stm32f7xx_it.o
                0x000000000800209c                CAN1_TX_IRQHandler
 .text.CAN1_RX0_IRQHandler
                0x00000000080020b0       0x14 ./Core/Src/stm32f7xx_it.o
                0x00000000080020b0                CAN1_RX0_IRQHandler
 .text.CAN1_RX1_IRQHandler
                0x00000000080020c4       0x14 ./Core/Src/stm32f7xx_it.o
                0x00000000080020c4                CAN1_RX1_IRQHandler
 .text.USART3_IRQHandler
                0x00000000080020d8       0x14 ./Core/Src/stm32f7xx_it.o
                0x00000000080020d8                USART3_IRQHandler
 .text._read    0x00000000080020ec       0x3a ./Core/Src/syscalls.o
                0x00000000080020ec                _read
 .text._write   0x0000000008002126       0x38 ./Core/Src/syscalls.o
                0x0000000008002126                _write
 .text._close   0x000000000800215e       0x18 ./Core/Src/syscalls.o
                0x000000000800215e                _close
 .text._fstat   0x0000000008002176       0x20 ./Core/Src/syscalls.o
                0x0000000008002176                _fstat
 .text._isatty  0x0000000008002196       0x16 ./Core/Src/syscalls.o
                0x0000000008002196                _isatty
 .text._lseek   0x00000000080021ac       0x1a ./Core/Src/syscalls.o
                0x00000000080021ac                _lseek
 *fill*         0x00000000080021c6        0x2 
 .text._sbrk    0x00000000080021c8       0x6c ./Core/Src/sysmem.o
                0x00000000080021c8                _sbrk
 .text.SystemInit
                0x0000000008002234       0x24 ./Core/Src/system_stm32f7xx.o
                0x0000000008002234                SystemInit
 .text.Reset_Handler
                0x0000000008002258       0x50 ./Core/Startup/startup_stm32f767zitx.o
                0x0000000008002258                Reset_Handler
 .text.Default_Handler
                0x00000000080022a8        0x2 ./Core/Startup/startup_stm32f767zitx.o
                0x00000000080022a8                RTC_Alarm_IRQHandler
                0x00000000080022a8                EXTI2_IRQHandler
                0x00000000080022a8                TIM8_CC_IRQHandler
                0x00000000080022a8                UART8_IRQHandler
                0x00000000080022a8                SPI4_IRQHandler
                0x00000000080022a8                TIM1_CC_IRQHandler
                0x00000000080022a8                DMA2_Stream5_IRQHandler
                0x00000000080022a8                JPEG_IRQHandler
                0x00000000080022a8                DMA1_Stream5_IRQHandler
                0x00000000080022a8                CAN3_RX1_IRQHandler
                0x00000000080022a8                PVD_IRQHandler
                0x00000000080022a8                TAMP_STAMP_IRQHandler
                0x00000000080022a8                CAN2_RX1_IRQHandler
                0x00000000080022a8                EXTI3_IRQHandler
                0x00000000080022a8                TIM8_TRG_COM_TIM14_IRQHandler
                0x00000000080022a8                DFSDM1_FLT1_IRQHandler
                0x00000000080022a8                TIM1_UP_TIM10_IRQHandler
                0x00000000080022a8                TIM8_UP_TIM13_IRQHandler
                0x00000000080022a8                I2C3_ER_IRQHandler
                0x00000000080022a8                DFSDM1_FLT2_IRQHandler
                0x00000000080022a8                EXTI0_IRQHandler
                0x00000000080022a8                I2C2_EV_IRQHandler
                0x00000000080022a8                DMA1_Stream2_IRQHandler
                0x00000000080022a8                FPU_IRQHandler
                0x00000000080022a8                OTG_HS_WKUP_IRQHandler
                0x00000000080022a8                CAN3_SCE_IRQHandler
                0x00000000080022a8                LTDC_ER_IRQHandler
                0x00000000080022a8                CAN2_SCE_IRQHandler
                0x00000000080022a8                DMA2_Stream2_IRQHandler
                0x00000000080022a8                SPI1_IRQHandler
                0x00000000080022a8                TIM6_DAC_IRQHandler
                0x00000000080022a8                TIM1_BRK_TIM9_IRQHandler
                0x00000000080022a8                DCMI_IRQHandler
                0x00000000080022a8                CAN2_RX0_IRQHandler
                0x00000000080022a8                DMA2_Stream3_IRQHandler
                0x00000000080022a8                SAI2_IRQHandler
                0x00000000080022a8                DFSDM1_FLT3_IRQHandler
                0x00000000080022a8                USART6_IRQHandler
                0x00000000080022a8                CAN3_RX0_IRQHandler
                0x00000000080022a8                UART5_IRQHandler
                0x00000000080022a8                DMA2_Stream0_IRQHandler
                0x00000000080022a8                TIM4_IRQHandler
                0x00000000080022a8                QUADSPI_IRQHandler
                0x00000000080022a8                I2C1_EV_IRQHandler
                0x00000000080022a8                DMA1_Stream6_IRQHandler
                0x00000000080022a8                DMA1_Stream1_IRQHandler
                0x00000000080022a8                UART4_IRQHandler
                0x00000000080022a8                TIM3_IRQHandler
                0x00000000080022a8                RCC_IRQHandler
                0x00000000080022a8                TIM8_BRK_TIM12_IRQHandler
                0x00000000080022a8                Default_Handler
                0x00000000080022a8                CEC_IRQHandler
                0x00000000080022a8                EXTI15_10_IRQHandler
                0x00000000080022a8                ADC_IRQHandler
                0x00000000080022a8                DMA1_Stream7_IRQHandler
                0x00000000080022a8                SPI5_IRQHandler
                0x00000000080022a8                TIM7_IRQHandler
                0x00000000080022a8                SDMMC1_IRQHandler
                0x00000000080022a8                CAN2_TX_IRQHandler
                0x00000000080022a8                TIM5_IRQHandler
                0x00000000080022a8                DMA2_Stream7_IRQHandler
                0x00000000080022a8                I2C3_EV_IRQHandler
                0x00000000080022a8                EXTI9_5_IRQHandler
                0x00000000080022a8                RTC_WKUP_IRQHandler
                0x00000000080022a8                LTDC_IRQHandler
                0x00000000080022a8                ETH_WKUP_IRQHandler
                0x00000000080022a8                SPDIF_RX_IRQHandler
                0x00000000080022a8                SPI2_IRQHandler
                0x00000000080022a8                OTG_HS_EP1_IN_IRQHandler
                0x00000000080022a8                DMA1_Stream0_IRQHandler
                0x00000000080022a8                EXTI4_IRQHandler
                0x00000000080022a8                RNG_IRQHandler
                0x00000000080022a8                ETH_IRQHandler
                0x00000000080022a8                OTG_HS_EP1_OUT_IRQHandler
                0x00000000080022a8                WWDG_IRQHandler
                0x00000000080022a8                SPI6_IRQHandler
                0x00000000080022a8                MDIOS_IRQHandler
                0x00000000080022a8                I2C4_EV_IRQHandler
                0x00000000080022a8                CAN3_TX_IRQHandler
                0x00000000080022a8                TIM2_IRQHandler
                0x00000000080022a8                OTG_FS_WKUP_IRQHandler
                0x00000000080022a8                TIM1_TRG_COM_TIM11_IRQHandler
                0x00000000080022a8                OTG_HS_IRQHandler
                0x00000000080022a8                DMA2D_IRQHandler
                0x00000000080022a8                EXTI1_IRQHandler
                0x00000000080022a8                SDMMC2_IRQHandler
                0x00000000080022a8                UART7_IRQHandler
                0x00000000080022a8                USART2_IRQHandler
                0x00000000080022a8                DFSDM1_FLT0_IRQHandler
                0x00000000080022a8                I2C2_ER_IRQHandler
                0x00000000080022a8                DMA2_Stream1_IRQHandler
                0x00000000080022a8                CAN1_SCE_IRQHandler
                0x00000000080022a8                FLASH_IRQHandler
                0x00000000080022a8                DMA2_Stream4_IRQHandler
                0x00000000080022a8                USART1_IRQHandler
                0x00000000080022a8                OTG_FS_IRQHandler
                0x00000000080022a8                SPI3_IRQHandler
                0x00000000080022a8                DMA1_Stream4_IRQHandler
                0x00000000080022a8                I2C1_ER_IRQHandler
                0x00000000080022a8                FMC_IRQHandler
                0x00000000080022a8                LPTIM1_IRQHandler
                0x00000000080022a8                I2C4_ER_IRQHandler
                0x00000000080022a8                DMA2_Stream6_IRQHandler
                0x00000000080022a8                SAI1_IRQHandler
 .text.HAL_Init
                0x00000000080022aa       0x1a ./Drivers/STM32F7xx_HAL_Driver/Src/stm32f7xx_hal.o
                0x00000000080022aa                HAL_Init
 .text.HAL_InitTick
                0x00000000080022c4       0x60 ./Drivers/STM32F7xx_HAL_Driver/Src/stm32f7xx_hal.o
                0x00000000080022c4                HAL_InitTick
 .text.HAL_IncTick
                0x0000000008002324       0x28 ./Drivers/STM32F7xx_HAL_Driver/Src/stm32f7xx_hal.o
                0x0000000008002324                HAL_IncTick
 .text.HAL_GetTick
                0x000000000800234c       0x18 ./Drivers/STM32F7xx_HAL_Driver/Src/stm32f7xx_hal.o
                0x000000000800234c                HAL_GetTick
 .text.HAL_Delay
                0x0000000008002364       0x48 ./Drivers/STM32F7xx_HAL_Driver/Src/stm32f7xx_hal.o
                0x0000000008002364                HAL_Delay
 .text.HAL_CAN_Init
                0x00000000080023ac      0x1f6 ./Drivers/STM32F7xx_HAL_Driver/Src/stm32f7xx_hal_can.o
                0x00000000080023ac                HAL_CAN_Init
 *fill*         0x00000000080025a2        0x2 
 .text.HAL_CAN_ConfigFilter
                0x00000000080025a4      0x1d8 ./Drivers/STM32F7xx_HAL_Driver/Src/stm32f7xx_hal_can.o
                0x00000000080025a4                HAL_CAN_ConfigFilter
 .text.HAL_CAN_Start
                0x000000000800277c       0x88 ./Drivers/STM32F7xx_HAL_Driver/Src/stm32f7xx_hal_can.o
                0x000000000800277c                HAL_CAN_Start
 .text.HAL_CAN_AddTxMessage
                0x0000000008002804      0x1a0 ./Drivers/STM32F7xx_HAL_Driver/Src/stm32f7xx_hal_can.o
                0x0000000008002804                HAL_CAN_AddTxMessage
 .text.HAL_CAN_GetTxMailboxesFreeLevel
                0x00000000080029a4       0x6a ./Drivers/STM32F7xx_HAL_Driver/Src/stm32f7xx_hal_can.o
                0x00000000080029a4                HAL_CAN_GetTxMailboxesFreeLevel
 .text.HAL_CAN_GetRxMessage
                0x0000000008002a0e      0x224 ./Drivers/STM32F7xx_HAL_Driver/Src/stm32f7xx_hal_can.o
                0x0000000008002a0e                HAL_CAN_GetRxMessage
 .text.HAL_CAN_ActivateNotification
                0x0000000008002c32       0x4c ./Drivers/STM32F7xx_HAL_Driver/Src/stm32f7xx_hal_can.o
                0x0000000008002c32                HAL_CAN_ActivateNotification
 .text.HAL_CAN_IRQHandler
                0x0000000008002c7e      0x36e ./Drivers/STM32F7xx_HAL_Driver/Src/stm32f7xx_hal_can.o
                0x0000000008002c7e                HAL_CAN_IRQHandler
 .text.HAL_CAN_RxFifo0FullCallback
                0x0000000008002fec       0x14 ./Drivers/STM32F7xx_HAL_Driver/Src/stm32f7xx_hal_can.o
                0x0000000008002fec                HAL_CAN_RxFifo0FullCallback
 .text.HAL_CAN_RxFifo1MsgPendingCallback
                0x0000000008003000       0x14 ./Drivers/STM32F7xx_HAL_Driver/Src/stm32f7xx_hal_can.o
                0x0000000008003000                HAL_CAN_RxFifo1MsgPendingCallback
 .text.HAL_CAN_RxFifo1FullCallback
                0x0000000008003014       0x14 ./Drivers/STM32F7xx_HAL_Driver/Src/stm32f7xx_hal_can.o
                0x0000000008003014                HAL_CAN_RxFifo1FullCallback
 .text.HAL_CAN_SleepCallback
                0x0000000008003028       0x14 ./Drivers/STM32F7xx_HAL_Driver/Src/stm32f7xx_hal_can.o
                0x0000000008003028                HAL_CAN_SleepCallback
 .text.HAL_CAN_WakeUpFromRxMsgCallback
                0x000000000800303c       0x14 ./Drivers/STM32F7xx_HAL_Driver/Src/stm32f7xx_hal_can.o
                0x000000000800303c                HAL_CAN_WakeUpFromRxMsgCallback
 .text.HAL_CAN_ErrorCallback
                0x0000000008003050       0x14 ./Drivers/STM32F7xx_HAL_Driver/Src/stm32f7xx_hal_can.o
                0x0000000008003050                HAL_CAN_ErrorCallback
 .text.__NVIC_SetPriorityGrouping
                0x0000000008003064       0x48 ./Drivers/STM32F7xx_HAL_Driver/Src/stm32f7xx_hal_cortex.o
 .text.__NVIC_GetPriorityGrouping
                0x00000000080030ac       0x1c ./Drivers/STM32F7xx_HAL_Driver/Src/stm32f7xx_hal_cortex.o
 .text.__NVIC_EnableIRQ
                0x00000000080030c8       0x3c ./Drivers/STM32F7xx_HAL_Driver/Src/stm32f7xx_hal_cortex.o
 .text.__NVIC_SetPriority
                0x0000000008003104       0x54 ./Drivers/STM32F7xx_HAL_Driver/Src/stm32f7xx_hal_cortex.o
 .text.NVIC_EncodePriority
                0x0000000008003158       0x66 ./Drivers/STM32F7xx_HAL_Driver/Src/stm32f7xx_hal_cortex.o
 *fill*         0x00000000080031be        0x2 
 .text.SysTick_Config
                0x00000000080031c0       0x44 ./Drivers/STM32F7xx_HAL_Driver/Src/stm32f7xx_hal_cortex.o
 .text.HAL_NVIC_SetPriorityGrouping
                0x0000000008003204       0x16 ./Drivers/STM32F7xx_HAL_Driver/Src/stm32f7xx_hal_cortex.o
                0x0000000008003204                HAL_NVIC_SetPriorityGrouping
 .text.HAL_NVIC_SetPriority
                0x000000000800321a       0x38 ./Drivers/STM32F7xx_HAL_Driver/Src/stm32f7xx_hal_cortex.o
                0x000000000800321a                HAL_NVIC_SetPriority
 .text.HAL_NVIC_EnableIRQ
                0x0000000008003252       0x1c ./Drivers/STM32F7xx_HAL_Driver/Src/stm32f7xx_hal_cortex.o
                0x0000000008003252                HAL_NVIC_EnableIRQ
 .text.HAL_SYSTICK_Config
                0x000000000800326e       0x18 ./Drivers/STM32F7xx_HAL_Driver/Src/stm32f7xx_hal_cortex.o
                0x000000000800326e                HAL_SYSTICK_Config
 *fill*         0x0000000008003286        0x2 
 .text.HAL_DMA_Init
                0x0000000008003288      0x15c ./Drivers/STM32F7xx_HAL_Driver/Src/stm32f7xx_hal_dma.o
                0x0000000008003288                HAL_DMA_Init
 .text.HAL_DMA_Abort
                0x00000000080033e4       0xe0 ./Drivers/STM32F7xx_HAL_Driver/Src/stm32f7xx_hal_dma.o
                0x00000000080033e4                HAL_DMA_Abort
 .text.HAL_DMA_Abort_IT
                0x00000000080034c4       0x44 ./Drivers/STM32F7xx_HAL_Driver/Src/stm32f7xx_hal_dma.o
                0x00000000080034c4                HAL_DMA_Abort_IT
 .text.HAL_DMA_IRQHandler
                0x0000000008003508      0x314 ./Drivers/STM32F7xx_HAL_Driver/Src/stm32f7xx_hal_dma.o
                0x0000000008003508                HAL_DMA_IRQHandler
 .text.DMA_CalcBaseAndBitshift
                0x000000000800381c       0x6c ./Drivers/STM32F7xx_HAL_Driver/Src/stm32f7xx_hal_dma.o
 .text.DMA_CheckFifoParam
                0x0000000008003888       0xf8 ./Drivers/STM32F7xx_HAL_Driver/Src/stm32f7xx_hal_dma.o
 .text.HAL_ETH_Init
                0x0000000008003980       0xf8 ./Drivers/STM32F7xx_HAL_Driver/Src/stm32f7xx_hal_eth.o
                0x0000000008003980                HAL_ETH_Init
 .text.ETH_SetMACConfig
                0x0000000008003a78      0x160 ./Drivers/STM32F7xx_HAL_Driver/Src/stm32f7xx_hal_eth.o
 .text.ETH_SetDMAConfig
                0x0000000008003bd8      0x114 ./Drivers/STM32F7xx_HAL_Driver/Src/stm32f7xx_hal_eth.o
 .text.ETH_MACDMAConfig
                0x0000000008003cec       0xe4 ./Drivers/STM32F7xx_HAL_Driver/Src/stm32f7xx_hal_eth.o
 .text.ETH_MACAddressConfig
                0x0000000008003dd0       0x70 ./Drivers/STM32F7xx_HAL_Driver/Src/stm32f7xx_hal_eth.o
 .text.ETH_DMATxDescListInit
                0x0000000008003e40       0xb2 ./Drivers/STM32F7xx_HAL_Driver/Src/stm32f7xx_hal_eth.o
 .text.ETH_DMARxDescListInit
                0x0000000008003ef2       0xda ./Drivers/STM32F7xx_HAL_Driver/Src/stm32f7xx_hal_eth.o
 .text.HAL_GPIO_Init
                0x0000000008003fcc      0x358 ./Drivers/STM32F7xx_HAL_Driver/Src/stm32f7xx_hal_gpio.o
                0x0000000008003fcc                HAL_GPIO_Init
 .text.HAL_GPIO_WritePin
                0x0000000008004324       0x32 ./Drivers/STM32F7xx_HAL_Driver/Src/stm32f7xx_hal_gpio.o
                0x0000000008004324                HAL_GPIO_WritePin
 .text.HAL_GPIO_TogglePin
                0x0000000008004356       0x34 ./Drivers/STM32F7xx_HAL_Driver/Src/stm32f7xx_hal_gpio.o
                0x0000000008004356                HAL_GPIO_TogglePin
 .text.HAL_PCD_Init
                0x000000000800438a      0x248 ./Drivers/STM32F7xx_HAL_Driver/Src/stm32f7xx_hal_pcd.o
                0x000000000800438a                HAL_PCD_Init
 *fill*         0x00000000080045d2        0x2 
 .text.HAL_PCDEx_ActivateLPM
                0x00000000080045d4       0x48 ./Drivers/STM32F7xx_HAL_Driver/Src/stm32f7xx_hal_pcd_ex.o
                0x00000000080045d4                HAL_PCDEx_ActivateLPM
 .text.HAL_PWR_EnableBkUpAccess
                0x000000000800461c       0x20 ./Drivers/STM32F7xx_HAL_Driver/Src/stm32f7xx_hal_pwr.o
                0x000000000800461c                HAL_PWR_EnableBkUpAccess
 .text.HAL_PWREx_EnableOverDrive
                0x000000000800463c       0xa0 ./Drivers/STM32F7xx_HAL_Driver/Src/stm32f7xx_hal_pwr_ex.o
                0x000000000800463c                HAL_PWREx_EnableOverDrive
 .text.HAL_RCC_OscConfig
                0x00000000080046dc      0x55c ./Drivers/STM32F7xx_HAL_Driver/Src/stm32f7xx_hal_rcc.o
                0x00000000080046dc                HAL_RCC_OscConfig
 .text.HAL_RCC_ClockConfig
                0x0000000008004c38      0x1d8 ./Drivers/STM32F7xx_HAL_Driver/Src/stm32f7xx_hal_rcc.o
                0x0000000008004c38                HAL_RCC_ClockConfig
 .text.HAL_RCC_GetSysClockFreq
                0x0000000008004e10      0x20c ./Drivers/STM32F7xx_HAL_Driver/Src/stm32f7xx_hal_rcc.o
                0x0000000008004e10                HAL_RCC_GetSysClockFreq
 .text.HAL_RCC_GetHCLKFreq
                0x000000000800501c       0x18 ./Drivers/STM32F7xx_HAL_Driver/Src/stm32f7xx_hal_rcc.o
                0x000000000800501c                HAL_RCC_GetHCLKFreq
 .text.HAL_RCC_GetPCLK1Freq
                0x0000000008005034       0x28 ./Drivers/STM32F7xx_HAL_Driver/Src/stm32f7xx_hal_rcc.o
                0x0000000008005034                HAL_RCC_GetPCLK1Freq
 .text.HAL_RCC_GetPCLK2Freq
                0x000000000800505c       0x28 ./Drivers/STM32F7xx_HAL_Driver/Src/stm32f7xx_hal_rcc.o
                0x000000000800505c                HAL_RCC_GetPCLK2Freq
 .text.HAL_RCCEx_PeriphCLKConfig
                0x0000000008005084      0x850 ./Drivers/STM32F7xx_HAL_Driver/Src/stm32f7xx_hal_rcc_ex.o
                0x0000000008005084                HAL_RCCEx_PeriphCLKConfig
 .text.HAL_UART_Init
                0x00000000080058d4       0x9c ./Drivers/STM32F7xx_HAL_Driver/Src/stm32f7xx_hal_uart.o
                0x00000000080058d4                HAL_UART_Init
 .text.HAL_UART_Transmit
                0x0000000008005970      0x106 ./Drivers/STM32F7xx_HAL_Driver/Src/stm32f7xx_hal_uart.o
                0x0000000008005970                HAL_UART_Transmit
 *fill*         0x0000000008005a76        0x2 
 .text.HAL_UART_IRQHandler
                0x0000000008005a78      0x5d0 ./Drivers/STM32F7xx_HAL_Driver/Src/stm32f7xx_hal_uart.o
                0x0000000008005a78                HAL_UART_IRQHandler
 .text.HAL_UART_TxCpltCallback
                0x0000000008006048       0x14 ./Drivers/STM32F7xx_HAL_Driver/Src/stm32f7xx_hal_uart.o
                0x0000000008006048                HAL_UART_TxCpltCallback
 .text.HAL_UART_ErrorCallback
                0x000000000800605c       0x14 ./Drivers/STM32F7xx_HAL_Driver/Src/stm32f7xx_hal_uart.o
                0x000000000800605c                HAL_UART_ErrorCallback
 .text.HAL_UARTEx_RxEventCallback
                0x0000000008006070       0x18 ./Drivers/STM32F7xx_HAL_Driver/Src/stm32f7xx_hal_uart.o
                0x0000000008006070                HAL_UARTEx_RxEventCallback
 .text.HAL_UARTEx_WakeupCallback
                0x0000000008006088       0x14 ./Drivers/STM32F7xx_HAL_Driver/Src/stm32f7xx_hal_uart.o
                0x0000000008006088                HAL_UARTEx_WakeupCallback
 .text.UART_SetConfig
                0x000000000800609c      0x4c8 ./Drivers/STM32F7xx_HAL_Driver/Src/stm32f7xx_hal_uart.o
                0x000000000800609c                UART_SetConfig
 .text.UART_AdvFeatureConfig
                0x0000000008006564      0x144 ./Drivers/STM32F7xx_HAL_Driver/Src/stm32f7xx_hal_uart.o
                0x0000000008006564                UART_AdvFeatureConfig
 .text.UART_CheckIdleState
                0x00000000080066a8       0x9a ./Drivers/STM32F7xx_HAL_Driver/Src/stm32f7xx_hal_uart.o
                0x00000000080066a8                UART_CheckIdleState
 .text.UART_WaitOnFlagUntilTimeout
                0x0000000008006742      0x18c ./Drivers/STM32F7xx_HAL_Driver/Src/stm32f7xx_hal_uart.o
                0x0000000008006742                UART_WaitOnFlagUntilTimeout
 .text.UART_EndRxTransfer
                0x00000000080068ce       0xc8 ./Drivers/STM32F7xx_HAL_Driver/Src/stm32f7xx_hal_uart.o
 .text.UART_DMAAbortOnError
                0x0000000008006996       0x2c ./Drivers/STM32F7xx_HAL_Driver/Src/stm32f7xx_hal_uart.o
 .text.UART_EndTransmit_IT
                0x00000000080069c2       0x54 ./Drivers/STM32F7xx_HAL_Driver/Src/stm32f7xx_hal_uart.o
 *fill*         0x0000000008006a16        0x2 
 .text.USB_CoreInit
                0x0000000008006a18       0xb0 ./Drivers/STM32F7xx_HAL_Driver/Src/stm32f7xx_ll_usb.o
                0x0000000008006a18                USB_CoreInit
 .text.USB_DisableGlobalInt
                0x0000000008006ac8       0x22 ./Drivers/STM32F7xx_HAL_Driver/Src/stm32f7xx_ll_usb.o
                0x0000000008006ac8                USB_DisableGlobalInt
 .text.USB_SetCurrentMode
                0x0000000008006aea       0x98 ./Drivers/STM32F7xx_HAL_Driver/Src/stm32f7xx_ll_usb.o
                0x0000000008006aea                USB_SetCurrentMode
 *fill*         0x0000000008006b82        0x2 
 .text.USB_DevInit
                0x0000000008006b84      0x2bc ./Drivers/STM32F7xx_HAL_Driver/Src/stm32f7xx_ll_usb.o
                0x0000000008006b84                USB_DevInit
 .text.USB_FlushTxFifo
                0x0000000008006e40       0x68 ./Drivers/STM32F7xx_HAL_Driver/Src/stm32f7xx_ll_usb.o
                0x0000000008006e40                USB_FlushTxFifo
 .text.USB_FlushRxFifo
                0x0000000008006ea8       0x60 ./Drivers/STM32F7xx_HAL_Driver/Src/stm32f7xx_ll_usb.o
                0x0000000008006ea8                USB_FlushRxFifo
 .text.USB_SetDevSpeed
                0x0000000008006f08       0x32 ./Drivers/STM32F7xx_HAL_Driver/Src/stm32f7xx_ll_usb.o
                0x0000000008006f08                USB_SetDevSpeed
 .text.USB_DevDisconnect
                0x0000000008006f3a       0x42 ./Drivers/STM32F7xx_HAL_Driver/Src/stm32f7xx_ll_usb.o
                0x0000000008006f3a                USB_DevDisconnect
 .text.USB_GetMode
                0x0000000008006f7c       0x1c ./Drivers/STM32F7xx_HAL_Driver/Src/stm32f7xx_ll_usb.o
                0x0000000008006f7c                USB_GetMode
 .text.USB_CoreReset
                0x0000000008006f98       0x68 ./Drivers/STM32F7xx_HAL_Driver/Src/stm32f7xx_ll_usb.o
 .text.makeFreeRtosPriority
                0x0000000008007000       0x30 ./Middlewares/Third_Party/FreeRTOS/Source/CMSIS_RTOS/cmsis_os.o
 .text.osKernelStart
                0x0000000008007030        0xe ./Middlewares/Third_Party/FreeRTOS/Source/CMSIS_RTOS/cmsis_os.o
                0x0000000008007030                osKernelStart
 .text.osThreadCreate
                0x000000000800703e       0x98 ./Middlewares/Third_Party/FreeRTOS/Source/CMSIS_RTOS/cmsis_os.o
                0x000000000800703e                osThreadCreate
 .text.osDelay  0x00000000080070d6       0x28 ./Middlewares/Third_Party/FreeRTOS/Source/CMSIS_RTOS/cmsis_os.o
                0x00000000080070d6                osDelay
 .text.vListInitialise
                0x00000000080070fe       0x40 ./Middlewares/Third_Party/FreeRTOS/Source/list.o
                0x00000000080070fe                vListInitialise
 .text.vListInitialiseItem
                0x000000000800713e       0x1a ./Middlewares/Third_Party/FreeRTOS/Source/list.o
                0x000000000800713e                vListInitialiseItem
 .text.vListInsertEnd
                0x0000000008007158       0x48 ./Middlewares/Third_Party/FreeRTOS/Source/list.o
                0x0000000008007158                vListInsertEnd
 .text.vListInsert
                0x00000000080071a0       0x72 ./Middlewares/Third_Party/FreeRTOS/Source/list.o
                0x00000000080071a0                vListInsert
 .text.uxListRemove
                0x0000000008007212       0x54 ./Middlewares/Third_Party/FreeRTOS/Source/list.o
                0x0000000008007212                uxListRemove
 *fill*         0x0000000008007266        0x2 
 .text.xQueueGenericReset
                0x0000000008007268       0xd4 ./Middlewares/Third_Party/FreeRTOS/Source/queue.o
                0x0000000008007268                xQueueGenericReset
 .text.xQueueGenericCreateStatic
                0x000000000800733c      0x104 ./Middlewares/Third_Party/FreeRTOS/Source/queue.o
                0x000000000800733c                xQueueGenericCreateStatic
 .text.prvInitialiseNewQueue
                0x0000000008007440       0x3e ./Middlewares/Third_Party/FreeRTOS/Source/queue.o
 *fill*         0x000000000800747e        0x2 
 .text.xQueueGenericSend
                0x0000000008007480      0x20c ./Middlewares/Third_Party/FreeRTOS/Source/queue.o
                0x0000000008007480                xQueueGenericSend
 .text.xQueueGenericSendFromISR
                0x000000000800768c      0x140 ./Middlewares/Third_Party/FreeRTOS/Source/queue.o
                0x000000000800768c                xQueueGenericSendFromISR
 .text.xQueueReceive
                0x00000000080077cc      0x1cc ./Middlewares/Third_Party/FreeRTOS/Source/queue.o
                0x00000000080077cc                xQueueReceive
 .text.prvCopyDataToQueue
                0x0000000008007998       0xd4 ./Middlewares/Third_Party/FreeRTOS/Source/queue.o
 .text.prvCopyDataFromQueue
                0x0000000008007a6c       0x4c ./Middlewares/Third_Party/FreeRTOS/Source/queue.o
 .text.prvUnlockQueue
                0x0000000008007ab8       0xa4 ./Middlewares/Third_Party/FreeRTOS/Source/queue.o
 .text.prvIsQueueEmpty
                0x0000000008007b5c       0x2c ./Middlewares/Third_Party/FreeRTOS/Source/queue.o
 .text.prvIsQueueFull
                0x0000000008007b88       0x30 ./Middlewares/Third_Party/FreeRTOS/Source/queue.o
 .text.vQueueAddToRegistry
                0x0000000008007bb8       0x54 ./Middlewares/Third_Party/FreeRTOS/Source/queue.o
                0x0000000008007bb8                vQueueAddToRegistry
 .text.vQueueWaitForMessageRestricted
                0x0000000008007c0c       0x68 ./Middlewares/Third_Party/FreeRTOS/Source/queue.o
                0x0000000008007c0c                vQueueWaitForMessageRestricted
 .text.xTaskCreateStatic
                0x0000000008007c74       0xc6 ./Middlewares/Third_Party/FreeRTOS/Source/tasks.o
                0x0000000008007c74                xTaskCreateStatic
 .text.xTaskCreate
                0x0000000008007d3a       0x8a ./Middlewares/Third_Party/FreeRTOS/Source/tasks.o
                0x0000000008007d3a                xTaskCreate
 .text.prvInitialiseNewTask
                0x0000000008007dc4      0x112 ./Middlewares/Third_Party/FreeRTOS/Source/tasks.o
 *fill*         0x0000000008007ed6        0x2 
 .text.prvAddNewTaskToReadyList
                0x0000000008007ed8       0xd4 ./Middlewares/Third_Party/FreeRTOS/Source/tasks.o
 .text.vTaskDelay
                0x0000000008007fac       0x6c ./Middlewares/Third_Party/FreeRTOS/Source/tasks.o
                0x0000000008007fac                vTaskDelay
 .text.vTaskStartScheduler
                0x0000000008008018       0xd4 ./Middlewares/Third_Party/FreeRTOS/Source/tasks.o
                0x0000000008008018                vTaskStartScheduler
 .text.vTaskSuspendAll
                0x00000000080080ec       0x1c ./Middlewares/Third_Party/FreeRTOS/Source/tasks.o
                0x00000000080080ec                vTaskSuspendAll
 .text.xTaskResumeAll
                0x0000000008008108      0x13c ./Middlewares/Third_Party/FreeRTOS/Source/tasks.o
                0x0000000008008108                xTaskResumeAll
 .text.xTaskGetTickCount
                0x0000000008008244       0x20 ./Middlewares/Third_Party/FreeRTOS/Source/tasks.o
                0x0000000008008244                xTaskGetTickCount
 .text.xTaskIncrementTick
                0x0000000008008264      0x174 ./Middlewares/Third_Party/FreeRTOS/Source/tasks.o
                0x0000000008008264                xTaskIncrementTick
 .text.vTaskSwitchContext
                0x00000000080083d8       0xbc ./Middlewares/Third_Party/FreeRTOS/Source/tasks.o
                0x00000000080083d8                vTaskSwitchContext
 .text.vTaskPlaceOnEventList
                0x0000000008008494       0x4c ./Middlewares/Third_Party/FreeRTOS/Source/tasks.o
                0x0000000008008494                vTaskPlaceOnEventList
 .text.vTaskPlaceOnEventListRestricted
                0x00000000080084e0       0x5c ./Middlewares/Third_Party/FreeRTOS/Source/tasks.o
                0x00000000080084e0                vTaskPlaceOnEventListRestricted
 .text.xTaskRemoveFromEventList
                0x000000000800853c       0xc8 ./Middlewares/Third_Party/FreeRTOS/Source/tasks.o
                0x000000000800853c                xTaskRemoveFromEventList
 .text.vTaskInternalSetTimeOutState
                0x0000000008008604       0x2c ./Middlewares/Third_Party/FreeRTOS/Source/tasks.o
                0x0000000008008604                vTaskInternalSetTimeOutState
 .text.xTaskCheckForTimeOut
                0x0000000008008630       0xcc ./Middlewares/Third_Party/FreeRTOS/Source/tasks.o
                0x0000000008008630                xTaskCheckForTimeOut
 .text.vTaskMissedYield
                0x00000000080086fc       0x18 ./Middlewares/Third_Party/FreeRTOS/Source/tasks.o
                0x00000000080086fc                vTaskMissedYield
 .text.prvIdleTask
                0x0000000008008714       0x30 ./Middlewares/Third_Party/FreeRTOS/Source/tasks.o
 .text.prvInitialiseTaskLists
                0x0000000008008744       0x80 ./Middlewares/Third_Party/FreeRTOS/Source/tasks.o
 .text.prvCheckTasksWaitingTermination
                0x00000000080087c4       0x5c ./Middlewares/Third_Party/FreeRTOS/Source/tasks.o
 .text.prvDeleteTCB
                0x0000000008008820       0x62 ./Middlewares/Third_Party/FreeRTOS/Source/tasks.o
 *fill*         0x0000000008008882        0x2 
 .text.prvResetNextTaskUnblockTime
                0x0000000008008884       0x40 ./Middlewares/Third_Party/FreeRTOS/Source/tasks.o
 .text.xTaskGetSchedulerState
                0x00000000080088c4       0x3c ./Middlewares/Third_Party/FreeRTOS/Source/tasks.o
                0x00000000080088c4                xTaskGetSchedulerState
 .text.xTaskPriorityDisinherit
                0x0000000008008900      0x114 ./Middlewares/Third_Party/FreeRTOS/Source/tasks.o
                0x0000000008008900                xTaskPriorityDisinherit
 .text.prvAddCurrentTaskToDelayedList
                0x0000000008008a14       0xcc ./Middlewares/Third_Party/FreeRTOS/Source/tasks.o
 .text.xTimerCreateTimerTask
                0x0000000008008ae0       0x94 ./Middlewares/Third_Party/FreeRTOS/Source/timers.o
                0x0000000008008ae0                xTimerCreateTimerTask
 .text.xTimerGenericCommand
                0x0000000008008b74       0xa0 ./Middlewares/Third_Party/FreeRTOS/Source/timers.o
                0x0000000008008b74                xTimerGenericCommand
 .text.prvProcessExpiredTimer
                0x0000000008008c14       0x9c ./Middlewares/Third_Party/FreeRTOS/Source/timers.o
 .text.prvTimerTask
                0x0000000008008cb0       0x24 ./Middlewares/Third_Party/FreeRTOS/Source/timers.o
 .text.prvProcessTimerOrBlockTask
                0x0000000008008cd4       0x9c ./Middlewares/Third_Party/FreeRTOS/Source/timers.o
 .text.prvGetNextExpireTime
                0x0000000008008d70       0x48 ./Middlewares/Third_Party/FreeRTOS/Source/timers.o
 .text.prvSampleTimeNow
                0x0000000008008db8       0x40 ./Middlewares/Third_Party/FreeRTOS/Source/timers.o
 .text.prvInsertTimerInActiveList
                0x0000000008008df8       0x84 ./Middlewares/Third_Party/FreeRTOS/Source/timers.o
 .text.prvProcessReceivedCommands
                0x0000000008008e7c      0x194 ./Middlewares/Third_Party/FreeRTOS/Source/timers.o
 .text.prvSwitchTimerLists
                0x0000000008009010       0xcc ./Middlewares/Third_Party/FreeRTOS/Source/timers.o
 .text.prvCheckForValidListAndQueue
                0x00000000080090dc       0x80 ./Middlewares/Third_Party/FreeRTOS/Source/timers.o
 .text.pxPortInitialiseStack
                0x000000000800915c       0x68 ./Middlewares/Third_Party/FreeRTOS/Source/portable/GCC/ARM_CM7/r0p1/port.o
                0x000000000800915c                pxPortInitialiseStack
 .text.prvTaskExitError
                0x00000000080091c4       0x60 ./Middlewares/Third_Party/FreeRTOS/Source/portable/GCC/ARM_CM7/r0p1/port.o
 *fill*         0x0000000008009224        0xc 
 .text.SVC_Handler
                0x0000000008009230       0x28 ./Middlewares/Third_Party/FreeRTOS/Source/portable/GCC/ARM_CM7/r0p1/port.o
                0x0000000008009230                SVC_Handler
 .text.prvPortStartFirstTask
                0x0000000008009258       0x28 ./Middlewares/Third_Party/FreeRTOS/Source/portable/GCC/ARM_CM7/r0p1/port.o
 .text.xPortStartScheduler
                0x0000000008009280       0xfc ./Middlewares/Third_Party/FreeRTOS/Source/portable/GCC/ARM_CM7/r0p1/port.o
                0x0000000008009280                xPortStartScheduler
 .text.vPortEnterCritical
                0x000000000800937c       0x68 ./Middlewares/Third_Party/FreeRTOS/Source/portable/GCC/ARM_CM7/r0p1/port.o
                0x000000000800937c                vPortEnterCritical
 .text.vPortExitCritical
                0x00000000080093e4       0x58 ./Middlewares/Third_Party/FreeRTOS/Source/portable/GCC/ARM_CM7/r0p1/port.o
                0x00000000080093e4                vPortExitCritical
 *fill*         0x000000000800943c        0x4 
 .text.PendSV_Handler
                0x0000000008009440       0x68 ./Middlewares/Third_Party/FreeRTOS/Source/portable/GCC/ARM_CM7/r0p1/port.o
                0x0000000008009440                PendSV_Handler
 .text.xPortSysTickHandler
                0x00000000080094a8       0x48 ./Middlewares/Third_Party/FreeRTOS/Source/portable/GCC/ARM_CM7/r0p1/port.o
                0x00000000080094a8                xPortSysTickHandler
 .text.vPortSetupTimerInterrupt
                0x00000000080094f0       0x48 ./Middlewares/Third_Party/FreeRTOS/Source/portable/GCC/ARM_CM7/r0p1/port.o
                0x00000000080094f0                vPortSetupTimerInterrupt
 .text.vPortEnableVFP
                0x0000000008009538       0x14 ./Middlewares/Third_Party/FreeRTOS/Source/portable/GCC/ARM_CM7/r0p1/port.o
 .text.vPortValidateInterruptPriority
                0x000000000800954c       0x88 ./Middlewares/Third_Party/FreeRTOS/Source/portable/GCC/ARM_CM7/r0p1/port.o
                0x000000000800954c                vPortValidateInterruptPriority
 .text.pvPortMalloc
                0x00000000080095d4      0x194 ./Middlewares/Third_Party/FreeRTOS/Source/portable/MemMang/heap_4.o
                0x00000000080095d4                pvPortMalloc
 .text.vPortFree
                0x0000000008009768       0xbc ./Middlewares/Third_Party/FreeRTOS/Source/portable/MemMang/heap_4.o
                0x0000000008009768                vPortFree
 .text.prvHeapInit
                0x0000000008009824       0xc4 ./Middlewares/Third_Party/FreeRTOS/Source/portable/MemMang/heap_4.o
 .text.prvInsertBlockIntoFreeList
                0x00000000080098e8       0xb4 ./Middlewares/Third_Party/FreeRTOS/Source/portable/MemMang/heap_4.o
 .text.__errno  0x000000000800999c        0xc c:/program files (x86)/stm32cubeide_1.12.1/stm32cubeide/plugins/com.st.stm32cube.ide.mcu.externaltools.gnu-tools-for-stm32.10.3-2021.10.win32_1.0.200.202301161003/tools/bin/../lib/gcc/arm-none-eabi/10.3.1/../../../../arm-none-eabi/lib/thumb/v7e-m+dp/hard\libc_nano.a(lib_a-errno.o)
                0x000000000800999c                __errno
 .text.__libc_init_array
                0x00000000080099a8       0x48 c:/program files (x86)/stm32cubeide_1.12.1/stm32cubeide/plugins/com.st.stm32cube.ide.mcu.externaltools.gnu-tools-for-stm32.10.3-2021.10.win32_1.0.200.202301161003/tools/bin/../lib/gcc/arm-none-eabi/10.3.1/../../../../arm-none-eabi/lib/thumb/v7e-m+dp/hard\libc_nano.a(lib_a-init.o)
                0x00000000080099a8                __libc_init_array
 .text.memcpy   0x00000000080099f0       0x1c c:/program files (x86)/stm32cubeide_1.12.1/stm32cubeide/plugins/com.st.stm32cube.ide.mcu.externaltools.gnu-tools-for-stm32.10.3-2021.10.win32_1.0.200.202301161003/tools/bin/../lib/gcc/arm-none-eabi/10.3.1/../../../../arm-none-eabi/lib/thumb/v7e-m+dp/hard\libc_nano.a(lib_a-memcpy-stub.o)
                0x00000000080099f0                memcpy
 .text.memset   0x0000000008009a0c       0x10 c:/program files (x86)/stm32cubeide_1.12.1/stm32cubeide/plugins/com.st.stm32cube.ide.mcu.externaltools.gnu-tools-for-stm32.10.3-2021.10.win32_1.0.200.202301161003/tools/bin/../lib/gcc/arm-none-eabi/10.3.1/../../../../arm-none-eabi/lib/thumb/v7e-m+dp/hard\libc_nano.a(lib_a-memset.o)
                0x0000000008009a0c                memset
 .text.printf   0x0000000008009a1c       0x30 c:/program files (x86)/stm32cubeide_1.12.1/stm32cubeide/plugins/com.st.stm32cube.ide.mcu.externaltools.gnu-tools-for-stm32.10.3-2021.10.win32_1.0.200.202301161003/tools/bin/../lib/gcc/arm-none-eabi/10.3.1/../../../../arm-none-eabi/lib/thumb/v7e-m+dp/hard\libc_nano.a(lib_a-printf.o)
                0x0000000008009a1c                iprintf
                0x0000000008009a1c                printf
 .text._puts_r  0x0000000008009a4c       0xdc c:/program files (x86)/stm32cubeide_1.12.1/stm32cubeide/plugins/com.st.stm32cube.ide.mcu.externaltools.gnu-tools-for-stm32.10.3-2021.10.win32_1.0.200.202301161003/tools/bin/../lib/gcc/arm-none-eabi/10.3.1/../../../../arm-none-eabi/lib/thumb/v7e-m+dp/hard\libc_nano.a(lib_a-puts.o)
                0x0000000008009a4c                _puts_r
 .text.puts     0x0000000008009b28       0x10 c:/program files (x86)/stm32cubeide_1.12.1/stm32cubeide/plugins/com.st.stm32cube.ide.mcu.externaltools.gnu-tools-for-stm32.10.3-2021.10.win32_1.0.200.202301161003/tools/bin/../lib/gcc/arm-none-eabi/10.3.1/../../../../arm-none-eabi/lib/thumb/v7e-m+dp/hard\libc_nano.a(lib_a-puts.o)
                0x0000000008009b28                puts
 .text.__swbuf_r
                0x0000000008009b38       0xa4 c:/program files (x86)/stm32cubeide_1.12.1/stm32cubeide/plugins/com.st.stm32cube.ide.mcu.externaltools.gnu-tools-for-stm32.10.3-2021.10.win32_1.0.200.202301161003/tools/bin/../lib/gcc/arm-none-eabi/10.3.1/../../../../arm-none-eabi/lib/thumb/v7e-m+dp/hard\libc_nano.a(lib_a-wbuf.o)
                0x0000000008009b38                __swbuf_r
 .text.__swsetup_r
                0x0000000008009bdc       0xdc c:/program files (x86)/stm32cubeide_1.12.1/stm32cubeide/plugins/com.st.stm32cube.ide.mcu.externaltools.gnu-tools-for-stm32.10.3-2021.10.win32_1.0.200.202301161003/tools/bin/../lib/gcc/arm-none-eabi/10.3.1/../../../../arm-none-eabi/lib/thumb/v7e-m+dp/hard\libc_nano.a(lib_a-wsetup.o)
                0x0000000008009bdc                __swsetup_r
 .text.__sflush_r
                0x0000000008009cb8      0x10c c:/program files (x86)/stm32cubeide_1.12.1/stm32cubeide/plugins/com.st.stm32cube.ide.mcu.externaltools.gnu-tools-for-stm32.10.3-2021.10.win32_1.0.200.202301161003/tools/bin/../lib/gcc/arm-none-eabi/10.3.1/../../../../arm-none-eabi/lib/thumb/v7e-m+dp/hard\libc_nano.a(lib_a-fflush.o)
                0x0000000008009cb8                __sflush_r
 .text._fflush_r
                0x0000000008009dc4       0x78 c:/program files (x86)/stm32cubeide_1.12.1/stm32cubeide/plugins/com.st.stm32cube.ide.mcu.externaltools.gnu-tools-for-stm32.10.3-2021.10.win32_1.0.200.202301161003/tools/bin/../lib/gcc/arm-none-eabi/10.3.1/../../../../arm-none-eabi/lib/thumb/v7e-m+dp/hard\libc_nano.a(lib_a-fflush.o)
                0x0000000008009dc4                _fflush_r
 .text.std      0x0000000008009e3c       0x48 c:/program files (x86)/stm32cubeide_1.12.1/stm32cubeide/plugins/com.st.stm32cube.ide.mcu.externaltools.gnu-tools-for-stm32.10.3-2021.10.win32_1.0.200.202301161003/tools/bin/../lib/gcc/arm-none-eabi/10.3.1/../../../../arm-none-eabi/lib/thumb/v7e-m+dp/hard\libc_nano.a(lib_a-findfp.o)
 .text._cleanup_r
                0x0000000008009e84        0xc c:/program files (x86)/stm32cubeide_1.12.1/stm32cubeide/plugins/com.st.stm32cube.ide.mcu.externaltools.gnu-tools-for-stm32.10.3-2021.10.win32_1.0.200.202301161003/tools/bin/../lib/gcc/arm-none-eabi/10.3.1/../../../../arm-none-eabi/lib/thumb/v7e-m+dp/hard\libc_nano.a(lib_a-findfp.o)
                0x0000000008009e84                _cleanup_r
 .text.__sfmoreglue
                0x0000000008009e90       0x2c c:/program files (x86)/stm32cubeide_1.12.1/stm32cubeide/plugins/com.st.stm32cube.ide.mcu.externaltools.gnu-tools-for-stm32.10.3-2021.10.win32_1.0.200.202301161003/tools/bin/../lib/gcc/arm-none-eabi/10.3.1/../../../../arm-none-eabi/lib/thumb/v7e-m+dp/hard\libc_nano.a(lib_a-findfp.o)
                0x0000000008009e90                __sfmoreglue
 .text.__sfp_lock_acquire
                0x0000000008009ebc        0xc c:/program files (x86)/stm32cubeide_1.12.1/stm32cubeide/plugins/com.st.stm32cube.ide.mcu.externaltools.gnu-tools-for-stm32.10.3-2021.10.win32_1.0.200.202301161003/tools/bin/../lib/gcc/arm-none-eabi/10.3.1/../../../../arm-none-eabi/lib/thumb/v7e-m+dp/hard\libc_nano.a(lib_a-findfp.o)
                0x0000000008009ebc                __sfp_lock_acquire
 .text.__sfp_lock_release
                0x0000000008009ec8        0xc c:/program files (x86)/stm32cubeide_1.12.1/stm32cubeide/plugins/com.st.stm32cube.ide.mcu.externaltools.gnu-tools-for-stm32.10.3-2021.10.win32_1.0.200.202301161003/tools/bin/../lib/gcc/arm-none-eabi/10.3.1/../../../../arm-none-eabi/lib/thumb/v7e-m+dp/hard\libc_nano.a(lib_a-findfp.o)
                0x0000000008009ec8                __sfp_lock_release
 .text.__sinit_lock_acquire
                0x0000000008009ed4        0xc c:/program files (x86)/stm32cubeide_1.12.1/stm32cubeide/plugins/com.st.stm32cube.ide.mcu.externaltools.gnu-tools-for-stm32.10.3-2021.10.win32_1.0.200.202301161003/tools/bin/../lib/gcc/arm-none-eabi/10.3.1/../../../../arm-none-eabi/lib/thumb/v7e-m+dp/hard\libc_nano.a(lib_a-findfp.o)
                0x0000000008009ed4                __sinit_lock_acquire
 .text.__sinit_lock_release
                0x0000000008009ee0        0xc c:/program files (x86)/stm32cubeide_1.12.1/stm32cubeide/plugins/com.st.stm32cube.ide.mcu.externaltools.gnu-tools-for-stm32.10.3-2021.10.win32_1.0.200.202301161003/tools/bin/../lib/gcc/arm-none-eabi/10.3.1/../../../../arm-none-eabi/lib/thumb/v7e-m+dp/hard\libc_nano.a(lib_a-findfp.o)
                0x0000000008009ee0                __sinit_lock_release
 .text.__sinit  0x0000000008009eec       0x70 c:/program files (x86)/stm32cubeide_1.12.1/stm32cubeide/plugins/com.st.stm32cube.ide.mcu.externaltools.gnu-tools-for-stm32.10.3-2021.10.win32_1.0.200.202301161003/tools/bin/../lib/gcc/arm-none-eabi/10.3.1/../../../../arm-none-eabi/lib/thumb/v7e-m+dp/hard\libc_nano.a(lib_a-findfp.o)
                0x0000000008009eec                __sinit
 .text.__sfp    0x0000000008009f5c       0x8c c:/program files (x86)/stm32cubeide_1.12.1/stm32cubeide/plugins/com.st.stm32cube.ide.mcu.externaltools.gnu-tools-for-stm32.10.3-2021.10.win32_1.0.200.202301161003/tools/bin/../lib/gcc/arm-none-eabi/10.3.1/../../../../arm-none-eabi/lib/thumb/v7e-m+dp/hard\libc_nano.a(lib_a-findfp.o)
                0x0000000008009f5c                __sfp
 .text._fwalk_reent
                0x0000000008009fe8       0x3e c:/program files (x86)/stm32cubeide_1.12.1/stm32cubeide/plugins/com.st.stm32cube.ide.mcu.externaltools.gnu-tools-for-stm32.10.3-2021.10.win32_1.0.200.202301161003/tools/bin/../lib/gcc/arm-none-eabi/10.3.1/../../../../arm-none-eabi/lib/thumb/v7e-m+dp/hard\libc_nano.a(lib_a-fwalk.o)
                0x0000000008009fe8                _fwalk_reent
 .text.__retarget_lock_init_recursive
                0x000000000800a026        0x2 c:/program files (x86)/stm32cubeide_1.12.1/stm32cubeide/plugins/com.st.stm32cube.ide.mcu.externaltools.gnu-tools-for-stm32.10.3-2021.10.win32_1.0.200.202301161003/tools/bin/../lib/gcc/arm-none-eabi/10.3.1/../../../../arm-none-eabi/lib/thumb/v7e-m+dp/hard\libc_nano.a(lib_a-lock.o)
                0x000000000800a026                __retarget_lock_init_recursive
 .text.__retarget_lock_acquire_recursive
                0x000000000800a028        0x2 c:/program files (x86)/stm32cubeide_1.12.1/stm32cubeide/plugins/com.st.stm32cube.ide.mcu.externaltools.gnu-tools-for-stm32.10.3-2021.10.win32_1.0.200.202301161003/tools/bin/../lib/gcc/arm-none-eabi/10.3.1/../../../../arm-none-eabi/lib/thumb/v7e-m+dp/hard\libc_nano.a(lib_a-lock.o)
                0x000000000800a028                __retarget_lock_acquire_recursive
 .text.__retarget_lock_release_recursive
                0x000000000800a02a        0x2 c:/program files (x86)/stm32cubeide_1.12.1/stm32cubeide/plugins/com.st.stm32cube.ide.mcu.externaltools.gnu-tools-for-stm32.10.3-2021.10.win32_1.0.200.202301161003/tools/bin/../lib/gcc/arm-none-eabi/10.3.1/../../../../arm-none-eabi/lib/thumb/v7e-m+dp/hard\libc_nano.a(lib_a-lock.o)
                0x000000000800a02a                __retarget_lock_release_recursive
 .text.__swhatbuf_r
                0x000000000800a02c       0x4a c:/program files (x86)/stm32cubeide_1.12.1/stm32cubeide/plugins/com.st.stm32cube.ide.mcu.externaltools.gnu-tools-for-stm32.10.3-2021.10.win32_1.0.200.202301161003/tools/bin/../lib/gcc/arm-none-eabi/10.3.1/../../../../arm-none-eabi/lib/thumb/v7e-m+dp/hard\libc_nano.a(lib_a-makebuf.o)
                0x000000000800a02c                __swhatbuf_r
 *fill*         0x000000000800a076        0x2 
 .text.__smakebuf_r
                0x000000000800a078       0x80 c:/program files (x86)/stm32cubeide_1.12.1/stm32cubeide/plugins/com.st.stm32cube.ide.mcu.externaltools.gnu-tools-for-stm32.10.3-2021.10.win32_1.0.200.202301161003/tools/bin/../lib/gcc/arm-none-eabi/10.3.1/../../../../arm-none-eabi/lib/thumb/v7e-m+dp/hard\libc_nano.a(lib_a-makebuf.o)
                0x000000000800a078                __smakebuf_r
 .text._free_r  0x000000000800a0f8       0x98 c:/program files (x86)/stm32cubeide_1.12.1/stm32cubeide/plugins/com.st.stm32cube.ide.mcu.externaltools.gnu-tools-for-stm32.10.3-2021.10.win32_1.0.200.202301161003/tools/bin/../lib/gcc/arm-none-eabi/10.3.1/../../../../arm-none-eabi/lib/thumb/v7e-m+dp/hard\libc_nano.a(lib_a-nano-freer.o)
                0x000000000800a0f8                _free_r
 .text.sbrk_aligned
                0x000000000800a190       0x40 c:/program files (x86)/stm32cubeide_1.12.1/stm32cubeide/plugins/com.st.stm32cube.ide.mcu.externaltools.gnu-tools-for-stm32.10.3-2021.10.win32_1.0.200.202301161003/tools/bin/../lib/gcc/arm-none-eabi/10.3.1/../../../../arm-none-eabi/lib/thumb/v7e-m+dp/hard\libc_nano.a(lib_a-nano-mallocr.o)
 .text._malloc_r
                0x000000000800a1d0       0xe8 c:/program files (x86)/stm32cubeide_1.12.1/stm32cubeide/plugins/com.st.stm32cube.ide.mcu.externaltools.gnu-tools-for-stm32.10.3-2021.10.win32_1.0.200.202301161003/tools/bin/../lib/gcc/arm-none-eabi/10.3.1/../../../../arm-none-eabi/lib/thumb/v7e-m+dp/hard\libc_nano.a(lib_a-nano-mallocr.o)
                0x000000000800a1d0                _malloc_r
 .text.__sfputc_r
                0x000000000800a2b8       0x2e c:/program files (x86)/stm32cubeide_1.12.1/stm32cubeide/plugins/com.st.stm32cube.ide.mcu.externaltools.gnu-tools-for-stm32.10.3-2021.10.win32_1.0.200.202301161003/tools/bin/../lib/gcc/arm-none-eabi/10.3.1/../../../../arm-none-eabi/lib/thumb/v7e-m+dp/hard\libc_nano.a(lib_a-nano-vfprintf.o)
 .text.__sfputs_r
                0x000000000800a2e6       0x24 c:/program files (x86)/stm32cubeide_1.12.1/stm32cubeide/plugins/com.st.stm32cube.ide.mcu.externaltools.gnu-tools-for-stm32.10.3-2021.10.win32_1.0.200.202301161003/tools/bin/../lib/gcc/arm-none-eabi/10.3.1/../../../../arm-none-eabi/lib/thumb/v7e-m+dp/hard\libc_nano.a(lib_a-nano-vfprintf.o)
                0x000000000800a2e6                __sfputs_r
 *fill*         0x000000000800a30a        0x2 
 .text._vfprintf_r
                0x000000000800a30c      0x260 c:/program files (x86)/stm32cubeide_1.12.1/stm32cubeide/plugins/com.st.stm32cube.ide.mcu.externaltools.gnu-tools-for-stm32.10.3-2021.10.win32_1.0.200.202301161003/tools/bin/../lib/gcc/arm-none-eabi/10.3.1/../../../../arm-none-eabi/lib/thumb/v7e-m+dp/hard\libc_nano.a(lib_a-nano-vfprintf.o)
                0x000000000800a30c                _vfprintf_r
                0x000000000800a30c                _vfiprintf_r
 .text._printf_common
                0x000000000800a56c       0xda c:/program files (x86)/stm32cubeide_1.12.1/stm32cubeide/plugins/com.st.stm32cube.ide.mcu.externaltools.gnu-tools-for-stm32.10.3-2021.10.win32_1.0.200.202301161003/tools/bin/../lib/gcc/arm-none-eabi/10.3.1/../../../../arm-none-eabi/lib/thumb/v7e-m+dp/hard\libc_nano.a(lib_a-nano-vfprintf_i.o)
                0x000000000800a56c                _printf_common
 *fill*         0x000000000800a646        0x2 
 .text._printf_i
                0x000000000800a648      0x24c c:/program files (x86)/stm32cubeide_1.12.1/stm32cubeide/plugins/com.st.stm32cube.ide.mcu.externaltools.gnu-tools-for-stm32.10.3-2021.10.win32_1.0.200.202301161003/tools/bin/../lib/gcc/arm-none-eabi/10.3.1/../../../../arm-none-eabi/lib/thumb/v7e-m+dp/hard\libc_nano.a(lib_a-nano-vfprintf_i.o)
                0x000000000800a648                _printf_i
 .text._sbrk_r  0x000000000800a894       0x20 c:/program files (x86)/stm32cubeide_1.12.1/stm32cubeide/plugins/com.st.stm32cube.ide.mcu.externaltools.gnu-tools-for-stm32.10.3-2021.10.win32_1.0.200.202301161003/tools/bin/../lib/gcc/arm-none-eabi/10.3.1/../../../../arm-none-eabi/lib/thumb/v7e-m+dp/hard\libc_nano.a(lib_a-sbrkr.o)
                0x000000000800a894                _sbrk_r
 .text.__sread  0x000000000800a8b4       0x22 c:/program files (x86)/stm32cubeide_1.12.1/stm32cubeide/plugins/com.st.stm32cube.ide.mcu.externaltools.gnu-tools-for-stm32.10.3-2021.10.win32_1.0.200.202301161003/tools/bin/../lib/gcc/arm-none-eabi/10.3.1/../../../../arm-none-eabi/lib/thumb/v7e-m+dp/hard\libc_nano.a(lib_a-stdio.o)
                0x000000000800a8b4                __sread
 .text.__swrite
                0x000000000800a8d6       0x38 c:/program files (x86)/stm32cubeide_1.12.1/stm32cubeide/plugins/com.st.stm32cube.ide.mcu.externaltools.gnu-tools-for-stm32.10.3-2021.10.win32_1.0.200.202301161003/tools/bin/../lib/gcc/arm-none-eabi/10.3.1/../../../../arm-none-eabi/lib/thumb/v7e-m+dp/hard\libc_nano.a(lib_a-stdio.o)
                0x000000000800a8d6                __swrite
 .text.__sseek  0x000000000800a90e       0x24 c:/program files (x86)/stm32cubeide_1.12.1/stm32cubeide/plugins/com.st.stm32cube.ide.mcu.externaltools.gnu-tools-for-stm32.10.3-2021.10.win32_1.0.200.202301161003/tools/bin/../lib/gcc/arm-none-eabi/10.3.1/../../../../arm-none-eabi/lib/thumb/v7e-m+dp/hard\libc_nano.a(lib_a-stdio.o)
                0x000000000800a90e                __sseek
 .text.__sclose
                0x000000000800a932        0x8 c:/program files (x86)/stm32cubeide_1.12.1/stm32cubeide/plugins/com.st.stm32cube.ide.mcu.externaltools.gnu-tools-for-stm32.10.3-2021.10.win32_1.0.200.202301161003/tools/bin/../lib/gcc/arm-none-eabi/10.3.1/../../../../arm-none-eabi/lib/thumb/v7e-m+dp/hard\libc_nano.a(lib_a-stdio.o)
                0x000000000800a932                __sclose
 *fill*         0x000000000800a93a        0x2 
 .text._write_r
                0x000000000800a93c       0x24 c:/program files (x86)/stm32cubeide_1.12.1/stm32cubeide/plugins/com.st.stm32cube.ide.mcu.externaltools.gnu-tools-for-stm32.10.3-2021.10.win32_1.0.200.202301161003/tools/bin/../lib/gcc/arm-none-eabi/10.3.1/../../../../arm-none-eabi/lib/thumb/v7e-m+dp/hard\libc_nano.a(lib_a-writer.o)
                0x000000000800a93c                _write_r
 .text._close_r
                0x000000000800a960       0x20 c:/program files (x86)/stm32cubeide_1.12.1/stm32cubeide/plugins/com.st.stm32cube.ide.mcu.externaltools.gnu-tools-for-stm32.10.3-2021.10.win32_1.0.200.202301161003/tools/bin/../lib/gcc/arm-none-eabi/10.3.1/../../../../arm-none-eabi/lib/thumb/v7e-m+dp/hard\libc_nano.a(lib_a-closer.o)
                0x000000000800a960                _close_r
 .text._fstat_r
                0x000000000800a980       0x24 c:/program files (x86)/stm32cubeide_1.12.1/stm32cubeide/plugins/com.st.stm32cube.ide.mcu.externaltools.gnu-tools-for-stm32.10.3-2021.10.win32_1.0.200.202301161003/tools/bin/../lib/gcc/arm-none-eabi/10.3.1/../../../../arm-none-eabi/lib/thumb/v7e-m+dp/hard\libc_nano.a(lib_a-fstatr.o)
                0x000000000800a980                _fstat_r
 .text._isatty_r
                0x000000000800a9a4       0x20 c:/program files (x86)/stm32cubeide_1.12.1/stm32cubeide/plugins/com.st.stm32cube.ide.mcu.externaltools.gnu-tools-for-stm32.10.3-2021.10.win32_1.0.200.202301161003/tools/bin/../lib/gcc/arm-none-eabi/10.3.1/../../../../arm-none-eabi/lib/thumb/v7e-m+dp/hard\libc_nano.a(lib_a-isattyr.o)
                0x000000000800a9a4                _isatty_r
 .text._lseek_r
                0x000000000800a9c4       0x24 c:/program files (x86)/stm32cubeide_1.12.1/stm32cubeide/plugins/com.st.stm32cube.ide.mcu.externaltools.gnu-tools-for-stm32.10.3-2021.10.win32_1.0.200.202301161003/tools/bin/../lib/gcc/arm-none-eabi/10.3.1/../../../../arm-none-eabi/lib/thumb/v7e-m+dp/hard\libc_nano.a(lib_a-lseekr.o)
                0x000000000800a9c4                _lseek_r
 .text.__malloc_lock
                0x000000000800a9e8        0xc c:/program files (x86)/stm32cubeide_1.12.1/stm32cubeide/plugins/com.st.stm32cube.ide.mcu.externaltools.gnu-tools-for-stm32.10.3-2021.10.win32_1.0.200.202301161003/tools/bin/../lib/gcc/arm-none-eabi/10.3.1/../../../../arm-none-eabi/lib/thumb/v7e-m+dp/hard\libc_nano.a(lib_a-mlock.o)
                0x000000000800a9e8                __malloc_lock
 .text.__malloc_unlock
                0x000000000800a9f4        0xc c:/program files (x86)/stm32cubeide_1.12.1/stm32cubeide/plugins/com.st.stm32cube.ide.mcu.externaltools.gnu-tools-for-stm32.10.3-2021.10.win32_1.0.200.202301161003/tools/bin/../lib/gcc/arm-none-eabi/10.3.1/../../../../arm-none-eabi/lib/thumb/v7e-m+dp/hard\libc_nano.a(lib_a-mlock.o)
                0x000000000800a9f4                __malloc_unlock
 .text._read_r  0x000000000800aa00       0x24 c:/program files (x86)/stm32cubeide_1.12.1/stm32cubeide/plugins/com.st.stm32cube.ide.mcu.externaltools.gnu-tools-for-stm32.10.3-2021.10.win32_1.0.200.202301161003/tools/bin/../lib/gcc/arm-none-eabi/10.3.1/../../../../arm-none-eabi/lib/thumb/v7e-m+dp/hard\libc_nano.a(lib_a-readr.o)
                0x000000000800aa00                _read_r
 *(.glue_7)
 .glue_7        0x000000000800aa24        0x0 linker stubs
 *(.glue_7t)
 .glue_7t       0x000000000800aa24        0x0 linker stubs
 *(.eh_frame)
 .eh_frame      0x000000000800aa24        0x0 c:/program files (x86)/stm32cubeide_1.12.1/stm32cubeide/plugins/com.st.stm32cube.ide.mcu.externaltools.gnu-tools-for-stm32.10.3-2021.10.win32_1.0.200.202301161003/tools/bin/../lib/gcc/arm-none-eabi/10.3.1/thumb/v7e-m+dp/hard/crtbegin.o
 *(.init)
 .init          0x000000000800aa24        0x4 c:/program files (x86)/stm32cubeide_1.12.1/stm32cubeide/plugins/com.st.stm32cube.ide.mcu.externaltools.gnu-tools-for-stm32.10.3-2021.10.win32_1.0.200.202301161003/tools/bin/../lib/gcc/arm-none-eabi/10.3.1/thumb/v7e-m+dp/hard/crti.o
                0x000000000800aa24                _init
 .init          0x000000000800aa28        0x8 c:/program files (x86)/stm32cubeide_1.12.1/stm32cubeide/plugins/com.st.stm32cube.ide.mcu.externaltools.gnu-tools-for-stm32.10.3-2021.10.win32_1.0.200.202301161003/tools/bin/../lib/gcc/arm-none-eabi/10.3.1/thumb/v7e-m+dp/hard/crtn.o
 *(.fini)
 .fini          0x000000000800aa30        0x4 c:/program files (x86)/stm32cubeide_1.12.1/stm32cubeide/plugins/com.st.stm32cube.ide.mcu.externaltools.gnu-tools-for-stm32.10.3-2021.10.win32_1.0.200.202301161003/tools/bin/../lib/gcc/arm-none-eabi/10.3.1/thumb/v7e-m+dp/hard/crti.o
                0x000000000800aa30                _fini
 .fini          0x000000000800aa34        0x8 c:/program files (x86)/stm32cubeide_1.12.1/stm32cubeide/plugins/com.st.stm32cube.ide.mcu.externaltools.gnu-tools-for-stm32.10.3-2021.10.win32_1.0.200.202301161003/tools/bin/../lib/gcc/arm-none-eabi/10.3.1/thumb/v7e-m+dp/hard/crtn.o
                0x000000000800aa3c                . = ALIGN (0x4)
                0x000000000800aa3c                _etext = .

.vfp11_veneer   0x000000000800aa3c        0x0
 .vfp11_veneer  0x000000000800aa3c        0x0 linker stubs

.v4_bx          0x000000000800aa3c        0x0
 .v4_bx         0x000000000800aa3c        0x0 linker stubs

.iplt           0x000000000800aa3c        0x0
 .iplt          0x000000000800aa3c        0x0 c:/program files (x86)/stm32cubeide_1.12.1/stm32cubeide/plugins/com.st.stm32cube.ide.mcu.externaltools.gnu-tools-for-stm32.10.3-2021.10.win32_1.0.200.202301161003/tools/bin/../lib/gcc/arm-none-eabi/10.3.1/thumb/v7e-m+dp/hard/crtbegin.o

.rodata         0x000000000800aa3c      0x280
                0x000000000800aa3c                . = ALIGN (0x4)
 *(.rodata)
 .rodata        0x000000000800aa3c       0xf6 ./CANLib/CAN_Main/CAN_Main.o
 *fill*         0x000000000800ab32        0x2 
 .rodata        0x000000000800ab34       0xb7 ./Core/Src/main.o
 *fill*         0x000000000800abeb        0x1 
 .rodata        0x000000000800abec        0x5 ./Middlewares/Third_Party/FreeRTOS/Source/tasks.o
 *fill*         0x000000000800abf1        0x3 
 .rodata        0x000000000800abf4        0xd ./Middlewares/Third_Party/FreeRTOS/Source/timers.o
 *(.rodata*)
 *fill*         0x000000000800ac01        0x3 
 .rodata.AHBPrescTable
                0x000000000800ac04       0x10 ./Core/Src/system_stm32f7xx.o
                0x000000000800ac04                AHBPrescTable
 .rodata.APBPrescTable
                0x000000000800ac14        0x8 ./Core/Src/system_stm32f7xx.o
                0x000000000800ac14                APBPrescTable
 .rodata.flagBitshiftOffset.0
                0x000000000800ac1c        0x8 ./Drivers/STM32F7xx_HAL_Driver/Src/stm32f7xx_hal_dma.o
 .rodata._global_impure_ptr
                0x000000000800ac24        0x4 c:/program files (x86)/stm32cubeide_1.12.1/stm32cubeide/plugins/com.st.stm32cube.ide.mcu.externaltools.gnu-tools-for-stm32.10.3-2021.10.win32_1.0.200.202301161003/tools/bin/../lib/gcc/arm-none-eabi/10.3.1/../../../../arm-none-eabi/lib/thumb/v7e-m+dp/hard\libc_nano.a(lib_a-impure.o)
                0x000000000800ac24                _global_impure_ptr
 .rodata.__sf_fake_stderr
                0x000000000800ac28       0x20 c:/program files (x86)/stm32cubeide_1.12.1/stm32cubeide/plugins/com.st.stm32cube.ide.mcu.externaltools.gnu-tools-for-stm32.10.3-2021.10.win32_1.0.200.202301161003/tools/bin/../lib/gcc/arm-none-eabi/10.3.1/../../../../arm-none-eabi/lib/thumb/v7e-m+dp/hard\libc_nano.a(lib_a-findfp.o)
                0x000000000800ac28                __sf_fake_stderr
 .rodata.__sf_fake_stdin
                0x000000000800ac48       0x20 c:/program files (x86)/stm32cubeide_1.12.1/stm32cubeide/plugins/com.st.stm32cube.ide.mcu.externaltools.gnu-tools-for-stm32.10.3-2021.10.win32_1.0.200.202301161003/tools/bin/../lib/gcc/arm-none-eabi/10.3.1/../../../../arm-none-eabi/lib/thumb/v7e-m+dp/hard\libc_nano.a(lib_a-findfp.o)
                0x000000000800ac48                __sf_fake_stdin
 .rodata.__sf_fake_stdout
                0x000000000800ac68       0x20 c:/program files (x86)/stm32cubeide_1.12.1/stm32cubeide/plugins/com.st.stm32cube.ide.mcu.externaltools.gnu-tools-for-stm32.10.3-2021.10.win32_1.0.200.202301161003/tools/bin/../lib/gcc/arm-none-eabi/10.3.1/../../../../arm-none-eabi/lib/thumb/v7e-m+dp/hard\libc_nano.a(lib_a-findfp.o)
                0x000000000800ac68                __sf_fake_stdout
 .rodata._vfprintf_r.str1.1
                0x000000000800ac88       0x11 c:/program files (x86)/stm32cubeide_1.12.1/stm32cubeide/plugins/com.st.stm32cube.ide.mcu.externaltools.gnu-tools-for-stm32.10.3-2021.10.win32_1.0.200.202301161003/tools/bin/../lib/gcc/arm-none-eabi/10.3.1/../../../../arm-none-eabi/lib/thumb/v7e-m+dp/hard\libc_nano.a(lib_a-nano-vfprintf.o)
 .rodata._printf_i.str1.1
                0x000000000800ac99       0x22 c:/program files (x86)/stm32cubeide_1.12.1/stm32cubeide/plugins/com.st.stm32cube.ide.mcu.externaltools.gnu-tools-for-stm32.10.3-2021.10.win32_1.0.200.202301161003/tools/bin/../lib/gcc/arm-none-eabi/10.3.1/../../../../arm-none-eabi/lib/thumb/v7e-m+dp/hard\libc_nano.a(lib_a-nano-vfprintf_i.o)
                0x000000000800acbc                . = ALIGN (0x4)
 *fill*         0x000000000800acbb        0x1 

.ARM.extab      0x000000000800acbc        0x0
                0x000000000800acbc                . = ALIGN (0x4)
 *(.ARM.extab* .gnu.linkonce.armextab.*)
                0x000000000800acbc                . = ALIGN (0x4)

.ARM            0x000000000800acbc        0x8
                0x000000000800acbc                . = ALIGN (0x4)
                0x000000000800acbc                __exidx_start = .
 *(.ARM.exidx*)
 .ARM.exidx     0x000000000800acbc        0x8 c:/program files (x86)/stm32cubeide_1.12.1/stm32cubeide/plugins/com.st.stm32cube.ide.mcu.externaltools.gnu-tools-for-stm32.10.3-2021.10.win32_1.0.200.202301161003/tools/bin/../lib/gcc/arm-none-eabi/10.3.1/thumb/v7e-m+dp/hard\libgcc.a(_udivmoddi4.o)
                0x000000000800acc4                __exidx_end = .
                0x000000000800acc4                . = ALIGN (0x4)

.rel.dyn        0x000000000800acc4        0x0
 .rel.iplt      0x000000000800acc4        0x0 c:/program files (x86)/stm32cubeide_1.12.1/stm32cubeide/plugins/com.st.stm32cube.ide.mcu.externaltools.gnu-tools-for-stm32.10.3-2021.10.win32_1.0.200.202301161003/tools/bin/../lib/gcc/arm-none-eabi/10.3.1/thumb/v7e-m+dp/hard/crtbegin.o

.preinit_array  0x000000000800acc4        0x0
                0x000000000800acc4                . = ALIGN (0x4)
                0x000000000800acc4                PROVIDE (__preinit_array_start = .)
 *(.preinit_array*)
                0x000000000800acc4                PROVIDE (__preinit_array_end = .)
                0x000000000800acc4                . = ALIGN (0x4)

.init_array     0x000000000800acc4        0x4
                0x000000000800acc4                . = ALIGN (0x4)
                0x000000000800acc4                PROVIDE (__init_array_start = .)
 *(SORT_BY_NAME(.init_array.*))
 *(.init_array*)
 .init_array    0x000000000800acc4        0x4 c:/program files (x86)/stm32cubeide_1.12.1/stm32cubeide/plugins/com.st.stm32cube.ide.mcu.externaltools.gnu-tools-for-stm32.10.3-2021.10.win32_1.0.200.202301161003/tools/bin/../lib/gcc/arm-none-eabi/10.3.1/thumb/v7e-m+dp/hard/crtbegin.o
                0x000000000800acc8                PROVIDE (__init_array_end = .)
                0x000000000800acc8                . = ALIGN (0x4)

.fini_array     0x000000000800acc8        0x4
                0x000000000800acc8                . = ALIGN (0x4)
                [!provide]                        PROVIDE (__fini_array_start = .)
 *(SORT_BY_NAME(.fini_array.*))
 *(.fini_array*)
 .fini_array    0x000000000800acc8        0x4 c:/program files (x86)/stm32cubeide_1.12.1/stm32cubeide/plugins/com.st.stm32cube.ide.mcu.externaltools.gnu-tools-for-stm32.10.3-2021.10.win32_1.0.200.202301161003/tools/bin/../lib/gcc/arm-none-eabi/10.3.1/thumb/v7e-m+dp/hard/crtbegin.o
                [!provide]                        PROVIDE (__fini_array_end = .)
                0x000000000800accc                . = ALIGN (0x4)
                0x000000000800accc                _sidata = LOADADDR (.data)

.data           0x0000000020000000       0x74 load address 0x000000000800accc
                0x0000000020000000                . = ALIGN (0x4)
                0x0000000020000000                _sdata = .
 *(.data)
 *(.data*)
 .data.SystemCoreClock
                0x0000000020000000        0x4 ./Core/Src/system_stm32f7xx.o
                0x0000000020000000                SystemCoreClock
 .data.uwTickPrio
                0x0000000020000004        0x4 ./Drivers/STM32F7xx_HAL_Driver/Src/stm32f7xx_hal.o
                0x0000000020000004                uwTickPrio
 .data.uwTickFreq
                0x0000000020000008        0x1 ./Drivers/STM32F7xx_HAL_Driver/Src/stm32f7xx_hal.o
                0x0000000020000008                uwTickFreq
 *fill*         0x0000000020000009        0x3 
 .data.uxCriticalNesting
                0x000000002000000c        0x4 ./Middlewares/Third_Party/FreeRTOS/Source/portable/GCC/ARM_CM7/r0p1/port.o
 .data._impure_ptr
                0x0000000020000010        0x4 c:/program files (x86)/stm32cubeide_1.12.1/stm32cubeide/plugins/com.st.stm32cube.ide.mcu.externaltools.gnu-tools-for-stm32.10.3-2021.10.win32_1.0.200.202301161003/tools/bin/../lib/gcc/arm-none-eabi/10.3.1/../../../../arm-none-eabi/lib/thumb/v7e-m+dp/hard\libc_nano.a(lib_a-impure.o)
                0x0000000020000010                _impure_ptr
 .data.impure_data
                0x0000000020000014       0x60 c:/program files (x86)/stm32cubeide_1.12.1/stm32cubeide/plugins/com.st.stm32cube.ide.mcu.externaltools.gnu-tools-for-stm32.10.3-2021.10.win32_1.0.200.202301161003/tools/bin/../lib/gcc/arm-none-eabi/10.3.1/../../../../arm-none-eabi/lib/thumb/v7e-m+dp/hard\libc_nano.a(lib_a-impure.o)
 *(.RamFunc)
 *(.RamFunc*)
                0x0000000020000074                . = ALIGN (0x4)
                0x0000000020000074                _edata = .

.igot.plt       0x0000000020000074        0x0 load address 0x000000000800ad40
 .igot.plt      0x0000000020000074        0x0 c:/program files (x86)/stm32cubeide_1.12.1/stm32cubeide/plugins/com.st.stm32cube.ide.mcu.externaltools.gnu-tools-for-stm32.10.3-2021.10.win32_1.0.200.202301161003/tools/bin/../lib/gcc/arm-none-eabi/10.3.1/thumb/v7e-m+dp/hard/crtbegin.o

.RxDecripSection
                0x0000000020000074       0xa0 load address 0x000000000800ad40
 .RxDecripSection
                0x0000000020000074       0xa0 ./Core/Src/main.o
                0x0000000020000074                DMARxDscrTab

.TxDecripSection
                0x0000000020000114       0xa0 load address 0x000000000800ade0
 .TxDecripSection
                0x0000000020000114       0xa0 ./Core/Src/main.o
                0x0000000020000114                DMATxDscrTab
                0x00000000200001b4                . = ALIGN (0x4)

.bss            0x00000000200001b4     0x77f8 load address 0x000000000800ae80
                0x00000000200001b4                _sbss = .
                0x00000000200001b4                __bss_start__ = _sbss
 *(.bss)
 .bss           0x00000000200001b4       0x1c c:/program files (x86)/stm32cubeide_1.12.1/stm32cubeide/plugins/com.st.stm32cube.ide.mcu.externaltools.gnu-tools-for-stm32.10.3-2021.10.win32_1.0.200.202301161003/tools/bin/../lib/gcc/arm-none-eabi/10.3.1/thumb/v7e-m+dp/hard/crtbegin.o
 *(.bss*)
 .bss.phcan     0x00000000200001d0        0x4 ./CANLib/CAN_Main/CAN_Main.o
                0x00000000200001d0                phcan
 .bss.all_node_detected
                0x00000000200001d4        0x1 ./CANLib/CAN_Main/CAN_Main.o
                0x00000000200001d4                all_node_detected
 *fill*         0x00000000200001d5        0x3 
 .bss.num_detected
                0x00000000200001d8        0x9 ./CANLib/CAN_Main/CAN_Main.o
                0x00000000200001d8                num_detected
 *fill*         0x00000000200001e1        0x3 
 .bss.node_id_list
                0x00000000200001e4       0x3f ./CANLib/CAN_Main/CAN_Main.o
                0x00000000200001e4                node_id_list
 *fill*         0x0000000020000223        0x1 
 .bss._feedback_table_mcmd1
                0x0000000020000224       0xa0 ./CANLib/CAN_Main/CAN_Main.o
                0x0000000020000224                _feedback_table_mcmd1
 .bss._feedback_table_mcmd2
                0x00000000200002c4       0xa0 ./CANLib/CAN_Main/CAN_Main.o
                0x00000000200002c4                _feedback_table_mcmd2
 .bss._feedback_table_mcmd3
                0x0000000020000364       0xa0 ./CANLib/CAN_Main/CAN_Main.o
                0x0000000020000364                _feedback_table_mcmd3
 .bss._feedback_table_mcmd4
                0x0000000020000404       0xa0 ./CANLib/CAN_Main/CAN_Main.o
                0x0000000020000404                _feedback_table_mcmd4
 .bss.buffer    0x00000000200004a4     0x2000 ./CANLib/CAN_Main/CAN_Main.o
                0x00000000200004a4                buffer
 .bss.readpoint
                0x00000000200024a4        0x4 ./CANLib/CAN_Main/CAN_Main.o
                0x00000000200024a4                readpoint
 .bss.writepoint
                0x00000000200024a8        0x4 ./CANLib/CAN_Main/CAN_Main.o
                0x00000000200024a8                writepoint
 .bss.isfull    0x00000000200024ac        0x1 ./CANLib/CAN_Main/CAN_Main.o
                0x00000000200024ac                isfull
 *fill*         0x00000000200024ad        0x3 
 .bss.xIdleTaskTCBBuffer
                0x00000000200024b0       0x54 ./Core/Src/freertos.o
 .bss.xIdleStack
                0x0000000020002504      0x200 ./Core/Src/freertos.o
 .bss.xTimerTaskTCBBuffer
                0x0000000020002704       0x54 ./Core/Src/freertos.o
 .bss.xTimerStack
                0x0000000020002758      0x400 ./Core/Src/freertos.o
 .bss.TxConfig  0x0000000020002b58       0x38 ./Core/Src/main.o
                0x0000000020002b58                TxConfig
 .bss.hcan1     0x0000000020002b90       0x28 ./Core/Src/main.o
                0x0000000020002b90                hcan1
 .bss.heth      0x0000000020002bb8       0xb0 ./Core/Src/main.o
                0x0000000020002bb8                heth
 .bss.huart3    0x0000000020002c68       0x88 ./Core/Src/main.o
                0x0000000020002c68                huart3
 .bss.hdma_usart3_tx
                0x0000000020002cf0       0x60 ./Core/Src/main.o
                0x0000000020002cf0                hdma_usart3_tx
 .bss.hpcd_USB_OTG_FS
                0x0000000020002d50      0x508 ./Core/Src/main.o
                0x0000000020002d50                hpcd_USB_OTG_FS
 .bss.defaultTaskHandle
                0x0000000020003258        0x4 ./Core/Src/main.o
                0x0000000020003258                defaultTaskHandle
 .bss.defaultTaskBuffer
                0x000000002000325c      0x800 ./Core/Src/main.o
                0x000000002000325c                defaultTaskBuffer
 .bss.defaultTaskControlBlock
                0x0000000020003a5c       0x54 ./Core/Src/main.o
                0x0000000020003a5c                defaultTaskControlBlock
 .bss.systemCheckTaskHandle
                0x0000000020003ab0        0x4 ./Core/Src/main.o
                0x0000000020003ab0                systemCheckTaskHandle
 .bss.num_of_devices
                0x0000000020003ab4        0x7 ./Core/Src/main.o
                0x0000000020003ab4                num_of_devices
 *fill*         0x0000000020003abb        0x1 
 .bss.mcmd4_struct
                0x0000000020003abc       0x40 ./Core/Src/main.o
                0x0000000020003abc                mcmd4_struct
 .bss.mcmd_fb   0x0000000020003afc        0x8 ./Core/Src/main.o
                0x0000000020003afc                mcmd_fb
 .bss.MACAddr.1
                0x0000000020003b04        0x6 ./Core/Src/main.o
 *fill*         0x0000000020003b0a        0x2 
 .bss.__sbrk_heap_end
                0x0000000020003b0c        0x4 ./Core/Src/sysmem.o
 .bss.uwTick    0x0000000020003b10        0x4 ./Drivers/STM32F7xx_HAL_Driver/Src/stm32f7xx_hal.o
                0x0000000020003b10                uwTick
 .bss.xQueueRegistry
                0x0000000020003b14       0x40 ./Middlewares/Third_Party/FreeRTOS/Source/queue.o
                0x0000000020003b14                xQueueRegistry
 .bss.pxCurrentTCB
                0x0000000020003b54        0x4 ./Middlewares/Third_Party/FreeRTOS/Source/tasks.o
                0x0000000020003b54                pxCurrentTCB
 .bss.pxReadyTasksLists
                0x0000000020003b58       0x8c ./Middlewares/Third_Party/FreeRTOS/Source/tasks.o
 .bss.xDelayedTaskList1
                0x0000000020003be4       0x14 ./Middlewares/Third_Party/FreeRTOS/Source/tasks.o
 .bss.xDelayedTaskList2
                0x0000000020003bf8       0x14 ./Middlewares/Third_Party/FreeRTOS/Source/tasks.o
 .bss.pxDelayedTaskList
                0x0000000020003c0c        0x4 ./Middlewares/Third_Party/FreeRTOS/Source/tasks.o
 .bss.pxOverflowDelayedTaskList
                0x0000000020003c10        0x4 ./Middlewares/Third_Party/FreeRTOS/Source/tasks.o
 .bss.xPendingReadyList
                0x0000000020003c14       0x14 ./Middlewares/Third_Party/FreeRTOS/Source/tasks.o
 .bss.xTasksWaitingTermination
                0x0000000020003c28       0x14 ./Middlewares/Third_Party/FreeRTOS/Source/tasks.o
 .bss.uxDeletedTasksWaitingCleanUp
                0x0000000020003c3c        0x4 ./Middlewares/Third_Party/FreeRTOS/Source/tasks.o
 .bss.xSuspendedTaskList
                0x0000000020003c40       0x14 ./Middlewares/Third_Party/FreeRTOS/Source/tasks.o
 .bss.uxCurrentNumberOfTasks
                0x0000000020003c54        0x4 ./Middlewares/Third_Party/FreeRTOS/Source/tasks.o
 .bss.xTickCount
                0x0000000020003c58        0x4 ./Middlewares/Third_Party/FreeRTOS/Source/tasks.o
 .bss.uxTopReadyPriority
                0x0000000020003c5c        0x4 ./Middlewares/Third_Party/FreeRTOS/Source/tasks.o
 .bss.xSchedulerRunning
                0x0000000020003c60        0x4 ./Middlewares/Third_Party/FreeRTOS/Source/tasks.o
 .bss.uxPendedTicks
                0x0000000020003c64        0x4 ./Middlewares/Third_Party/FreeRTOS/Source/tasks.o
 .bss.xYieldPending
                0x0000000020003c68        0x4 ./Middlewares/Third_Party/FreeRTOS/Source/tasks.o
 .bss.xNumOfOverflows
                0x0000000020003c6c        0x4 ./Middlewares/Third_Party/FreeRTOS/Source/tasks.o
 .bss.uxTaskNumber
                0x0000000020003c70        0x4 ./Middlewares/Third_Party/FreeRTOS/Source/tasks.o
 .bss.xNextTaskUnblockTime
                0x0000000020003c74        0x4 ./Middlewares/Third_Party/FreeRTOS/Source/tasks.o
 .bss.xIdleTaskHandle
                0x0000000020003c78        0x4 ./Middlewares/Third_Party/FreeRTOS/Source/tasks.o
 .bss.uxSchedulerSuspended
                0x0000000020003c7c        0x4 ./Middlewares/Third_Party/FreeRTOS/Source/tasks.o
 .bss.xActiveTimerList1
                0x0000000020003c80       0x14 ./Middlewares/Third_Party/FreeRTOS/Source/timers.o
 .bss.xActiveTimerList2
                0x0000000020003c94       0x14 ./Middlewares/Third_Party/FreeRTOS/Source/timers.o
 .bss.pxCurrentTimerList
                0x0000000020003ca8        0x4 ./Middlewares/Third_Party/FreeRTOS/Source/timers.o
 .bss.pxOverflowTimerList
                0x0000000020003cac        0x4 ./Middlewares/Third_Party/FreeRTOS/Source/timers.o
 .bss.xTimerQueue
                0x0000000020003cb0        0x4 ./Middlewares/Third_Party/FreeRTOS/Source/timers.o
 .bss.xTimerTaskHandle
                0x0000000020003cb4        0x4 ./Middlewares/Third_Party/FreeRTOS/Source/timers.o
 .bss.xLastTime.2
                0x0000000020003cb8        0x4 ./Middlewares/Third_Party/FreeRTOS/Source/timers.o
 .bss.ucStaticTimerQueueStorage.1
                0x0000000020003cbc       0x78 ./Middlewares/Third_Party/FreeRTOS/Source/timers.o
 .bss.xStaticTimerQueue.0
                0x0000000020003d34       0x48 ./Middlewares/Third_Party/FreeRTOS/Source/timers.o
 .bss.ucMaxSysCallPriority
                0x0000000020003d7c        0x1 ./Middlewares/Third_Party/FreeRTOS/Source/portable/GCC/ARM_CM7/r0p1/port.o
 *fill*         0x0000000020003d7d        0x3 
 .bss.ulMaxPRIGROUPValue
                0x0000000020003d80        0x4 ./Middlewares/Third_Party/FreeRTOS/Source/portable/GCC/ARM_CM7/r0p1/port.o
 .bss.ucHeap    0x0000000020003d84     0x3c00 ./Middlewares/Third_Party/FreeRTOS/Source/portable/MemMang/heap_4.o