Archive member included to satisfy reference by file (symbol)

c:/program files (x86)/stm32cubeide_1.12.1/stm32cubeide/plugins/com.st.stm32cube.ide.mcu.externaltools.gnu-tools-for-stm32.10.3-2021.10.win32_1.0.200.202301161003/tools/bin/../lib/gcc/arm-none-eabi/10.3.1/../../../../arm-none-eabi/lib/thumb/v7e-m+dp/hard\libc_nano.a(lib_a-errno.o)
                              ./Core/Src/syscalls.o (__errno)
c:/program files (x86)/stm32cubeide_1.12.1/stm32cubeide/plugins/com.st.stm32cube.ide.mcu.externaltools.gnu-tools-for-stm32.10.3-2021.10.win32_1.0.200.202301161003/tools/bin/../lib/gcc/arm-none-eabi/10.3.1/../../../../arm-none-eabi/lib/thumb/v7e-m+dp/hard\libc_nano.a(lib_a-exit.o)
                              c:/program files (x86)/stm32cubeide_1.12.1/stm32cubeide/plugins/com.st.stm32cube.ide.mcu.externaltools.gnu-tools-for-stm32.10.3-2021.10.win32_1.0.200.202301161003/tools/bin/../lib/gcc/arm-none-eabi/10.3.1/../../../../arm-none-eabi/lib/thumb/v7e-m+dp/hard/crt0.o (exit)
c:/program files (x86)/stm32cubeide_1.12.1/stm32cubeide/plugins/com.st.stm32cube.ide.mcu.externaltools.gnu-tools-for-stm32.10.3-2021.10.win32_1.0.200.202301161003/tools/bin/../lib/gcc/arm-none-eabi/10.3.1/../../../../arm-none-eabi/lib/thumb/v7e-m+dp/hard\libc_nano.a(lib_a-impure.o)
                              c:/program files (x86)/stm32cubeide_1.12.1/stm32cubeide/plugins/com.st.stm32cube.ide.mcu.externaltools.gnu-tools-for-stm32.10.3-2021.10.win32_1.0.200.202301161003/tools/bin/../lib/gcc/arm-none-eabi/10.3.1/../../../../arm-none-eabi/lib/thumb/v7e-m+dp/hard\libc_nano.a(lib_a-exit.o) (_global_impure_ptr)
c:/program files (x86)/stm32cubeide_1.12.1/stm32cubeide/plugins/com.st.stm32cube.ide.mcu.externaltools.gnu-tools-for-stm32.10.3-2021.10.win32_1.0.200.202301161003/tools/bin/../lib/gcc/arm-none-eabi/10.3.1/../../../../arm-none-eabi/lib/thumb/v7e-m+dp/hard\libc_nano.a(lib_a-init.o)
                              c:/program files (x86)/stm32cubeide_1.12.1/stm32cubeide/plugins/com.st.stm32cube.ide.mcu.externaltools.gnu-tools-for-stm32.10.3-2021.10.win32_1.0.200.202301161003/tools/bin/../lib/gcc/arm-none-eabi/10.3.1/../../../../arm-none-eabi/lib/thumb/v7e-m+dp/hard/crt0.o (__libc_init_array)
c:/program files (x86)/stm32cubeide_1.12.1/stm32cubeide/plugins/com.st.stm32cube.ide.mcu.externaltools.gnu-tools-for-stm32.10.3-2021.10.win32_1.0.200.202301161003/tools/bin/../lib/gcc/arm-none-eabi/10.3.1/../../../../arm-none-eabi/lib/thumb/v7e-m+dp/hard\libc_nano.a(lib_a-memcpy-stub.o)
                              ./Middlewares/Third_Party/FreeRTOS/Source/CMSIS_RTOS_V2/cmsis_os2.o (memcpy)
c:/program files (x86)/stm32cubeide_1.12.1/stm32cubeide/plugins/com.st.stm32cube.ide.mcu.externaltools.gnu-tools-for-stm32.10.3-2021.10.win32_1.0.200.202301161003/tools/bin/../lib/gcc/arm-none-eabi/10.3.1/../../../../arm-none-eabi/lib/thumb/v7e-m+dp/hard\libc_nano.a(lib_a-memset.o)
                              c:/program files (x86)/stm32cubeide_1.12.1/stm32cubeide/plugins/com.st.stm32cube.ide.mcu.externaltools.gnu-tools-for-stm32.10.3-2021.10.win32_1.0.200.202301161003/tools/bin/../lib/gcc/arm-none-eabi/10.3.1/../../../../arm-none-eabi/lib/thumb/v7e-m+dp/hard/crt0.o (memset)
c:/program files (x86)/stm32cubeide_1.12.1/stm32cubeide/plugins/com.st.stm32cube.ide.mcu.externaltools.gnu-tools-for-stm32.10.3-2021.10.win32_1.0.200.202301161003/tools/bin/../lib/gcc/arm-none-eabi/10.3.1/../../../../arm-none-eabi/lib/thumb/v7e-m+dp/hard\libc_nano.a(lib_a-printf.o)
                              ./CANLib/CAN_Main/CAN_Main.o (printf)
c:/program files (x86)/stm32cubeide_1.12.1/stm32cubeide/plugins/com.st.stm32cube.ide.mcu.externaltools.gnu-tools-for-stm32.10.3-2021.10.win32_1.0.200.202301161003/tools/bin/../lib/gcc/arm-none-eabi/10.3.1/../../../../arm-none-eabi/lib/thumb/v7e-m+dp/hard\libc_nano.a(lib_a-puts.o)
                              ./CANLib/CAN_Main/CAN_Main.o (puts)
c:/program files (x86)/stm32cubeide_1.12.1/stm32cubeide/plugins/com.st.stm32cube.ide.mcu.externaltools.gnu-tools-for-stm32.10.3-2021.10.win32_1.0.200.202301161003/tools/bin/../lib/gcc/arm-none-eabi/10.3.1/../../../../arm-none-eabi/lib/thumb/v7e-m+dp/hard\libc_nano.a(lib_a-wbuf.o)
                              c:/program files (x86)/stm32cubeide_1.12.1/stm32cubeide/plugins/com.st.stm32cube.ide.mcu.externaltools.gnu-tools-for-stm32.10.3-2021.10.win32_1.0.200.202301161003/tools/bin/../lib/gcc/arm-none-eabi/10.3.1/../../../../arm-none-eabi/lib/thumb/v7e-m+dp/hard\libc_nano.a(lib_a-puts.o) (__swbuf_r)
c:/program files (x86)/stm32cubeide_1.12.1/stm32cubeide/plugins/com.st.stm32cube.ide.mcu.externaltools.gnu-tools-for-stm32.10.3-2021.10.win32_1.0.200.202301161003/tools/bin/../lib/gcc/arm-none-eabi/10.3.1/../../../../arm-none-eabi/lib/thumb/v7e-m+dp/hard\libc_nano.a(lib_a-wsetup.o)
[...]
Memory Configuration

Name             Origin             Length             Attributes
RAM              0x0000000020000000 0x0000000000080000 xrw
FLASH            0x0000000008000000 0x0000000000200000 xr
*default*        0x0000000000000000 0xffffffffffffffff

Linker script and memory map

LOAD c:/program files (x86)/stm32cubeide_1.12.1/stm32cubeide/plugins/com.st.stm32cube.ide.mcu.externaltools.gnu-tools-for-stm32.10.3-2021.10.win32_1.0.200.202301161003/tools/bin/../lib/gcc/arm-none-eabi/10.3.1/thumb/v7e-m+dp/hard/crti.o
LOAD c:/program files (x86)/stm32cubeide_1.12.1/stm32cubeide/plugins/com.st.stm32cube.ide.mcu.externaltools.gnu-tools-for-stm32.10.3-2021.10.win32_1.0.200.202301161003/tools/bin/../lib/gcc/arm-none-eabi/10.3.1/thumb/v7e-m+dp/hard/crtbegin.o
LOAD c:/program files (x86)/stm32cubeide_1.12.1/stm32cubeide/plugins/com.st.stm32cube.ide.mcu.externaltools.gnu-tools-for-stm32.10.3-2021.10.win32_1.0.200.202301161003/tools/bin/../lib/gcc/arm-none-eabi/10.3.1/../../../../arm-none-eabi/lib/thumb/v7e-m+dp/hard/crt0.o
LOAD ./CANLib/CAN_Main/CAN_Main.o
LOAD ./CANLib/Defines/CAN_System_Def.o
LOAD ./Core/Src/freertos.o
LOAD ./Core/Src/main.o
LOAD ./Core/Src/pid.o
LOAD ./Core/Src/stm32f7xx_hal_msp.o
LOAD ./Core/Src/stm32f7xx_hal_timebase_tim.o
LOAD ./Core/Src/stm32f7xx_it.o
LOAD ./Core/Src/syscalls.o
LOAD ./Core/Src/sysmem.o
LOAD ./Core/Src/system_stm32f7xx.o
LOAD ./Core/Startup/startup_stm32f767zitx.o
LOAD ./Drivers/STM32F7xx_HAL_Driver/Src/stm32f7xx_hal.o
LOAD ./Drivers/STM32F7xx_HAL_Driver/Src/stm32f7xx_hal_can.o
LOAD ./Drivers/STM32F7xx_HAL_Driver/Src/stm32f7xx_hal_cortex.o
LOAD ./Drivers/STM32F7xx_HAL_Driver/Src/stm32f7xx_hal_dma.o
LOAD ./Drivers/STM32F7xx_HAL_Driver/Src/stm32f7xx_hal_dma_ex.o
LOAD ./Drivers/STM32F7xx_HAL_Driver/Src/stm32f7xx_hal_eth.o
LOAD ./Drivers/STM32F7xx_HAL_Driver/Src/stm32f7xx_hal_exti.o
LOAD ./Drivers/STM32F7xx_HAL_Driver/Src/stm32f7xx_hal_flash.o
LOAD ./Drivers/STM32F7xx_HAL_Driver/Src/stm32f7xx_hal_flash_ex.o
LOAD ./Drivers/STM32F7xx_HAL_Driver/Src/stm32f7xx_hal_gpio.o
LOAD ./Drivers/STM32F7xx_HAL_Driver/Src/stm32f7xx_hal_i2c.o
LOAD ./Drivers/STM32F7xx_HAL_Driver/Src/stm32f7xx_hal_i2c_ex.o
LOAD ./Drivers/STM32F7xx_HAL_Driver/Src/stm32f7xx_hal_pcd.o
LOAD ./Drivers/STM32F7xx_HAL_Driver/Src/stm32f7xx_hal_pcd_ex.o
LOAD ./Drivers/STM32F7xx_HAL_Driver/Src/stm32f7xx_hal_pwr.o
LOAD ./Drivers/STM32F7xx_HAL_Driver/Src/stm32f7xx_hal_pwr_ex.o
LOAD ./Drivers/STM32F7xx_HAL_Driver/Src/stm32f7xx_hal_rcc.o
LOAD ./Drivers/STM32F7xx_HAL_Driver/Src/stm32f7xx_hal_rcc_ex.o
LOAD ./Drivers/STM32F7xx_HAL_Driver/Src/stm32f7xx_hal_tim.o
LOAD ./Drivers/STM32F7xx_HAL_Driver/Src/stm32f7xx_hal_tim_ex.o
LOAD ./Drivers/STM32F7xx_HAL_Driver/Src/stm32f7xx_hal_uart.o
LOAD ./Drivers/STM32F7xx_HAL_Driver/Src/stm32f7xx_hal_uart_ex.o
LOAD ./Drivers/STM32F7xx_HAL_Driver/Src/stm32f7xx_ll_usb.o
LOAD ./Middlewares/Third_Party/FreeRTOS/Source/CMSIS_RTOS_V2/cmsis_os2.o
LOAD ./Middlewares/Third_Party/FreeRTOS/Source/croutine.o
LOAD ./Middlewares/Third_Party/FreeRTOS/Source/event_groups.o
LOAD ./Middlewares/Third_Party/FreeRTOS/Source/list.o
LOAD ./Middlewares/Third_Party/FreeRTOS/Source/queue.o
LOAD ./Middlewares/Third_Party/FreeRTOS/Source/stream_buffer.o
LOAD ./Middlewares/Third_Party/FreeRTOS/Source/tasks.o
LOAD ./Middlewares/Third_Party/FreeRTOS/Source/timers.o
LOAD ./Middlewares/Third_Party/FreeRTOS/Source/portable/GCC/ARM_CM7/r0p1/port.o
LOAD ./Middlewares/Third_Party/FreeRTOS/Source/portable/MemMang/heap_4.o
START GROUP
LOAD c:/program files (x86)/stm32cubeide_1.12.1/stm32cubeide/plugins/com.st.stm32cube.ide.mcu.externaltools.gnu-tools-for-stm32.10.3-2021.10.win32_1.0.200.202301161003/tools/bin/../lib/gcc/arm-none-eabi/10.3.1/../../../../arm-none-eabi/lib/thumb/v7e-m+dp/hard\libc_nano.a
LOAD c:/program files (x86)/stm32cubeide_1.12.1/stm32cubeide/plugins/com.st.stm32cube.ide.mcu.externaltools.gnu-tools-for-stm32.10.3-2021.10.win32_1.0.200.202301161003/tools/bin/../lib/gcc/arm-none-eabi/10.3.1/../../../../arm-none-eabi/lib/thumb/v7e-m+dp/hard\libm.a
END GROUP
START GROUP
LOAD c:/program files (x86)/stm32cubeide_1.12.1/stm32cubeide/plugins/com.st.stm32cube.ide.mcu.externaltools.gnu-tools-for-stm32.10.3-2021.10.win32_1.0.200.202301161003/tools/bin/../lib/gcc/arm-none-eabi/10.3.1/thumb/v7e-m+dp/hard\libgcc.a
LOAD c:/program files (x86)/stm32cubeide_1.12.1/stm32cubeide/plugins/com.st.stm32cube.ide.mcu.externaltools.gnu-tools-for-stm32.10.3-2021.10.win32_1.0.200.202301161003/tools/bin/../lib/gcc/arm-none-eabi/10.3.1/../../../../arm-none-eabi/lib/thumb/v7e-m+dp/hard\libc_nano.a
END GROUP
START GROUP
LOAD c:/program files (x86)/stm32cubeide_1.12.1/stm32cubeide/plugins/com.st.stm32cube.ide.mcu.externaltools.gnu-tools-for-stm32.10.3-2021.10.win32_1.0.200.202301161003/tools/bin/../lib/gcc/arm-none-eabi/10.3.1/thumb/v7e-m+dp/hard\libgcc.a
LOAD c:/program files (x86)/stm32cubeide_1.12.1/stm32cubeide/plugins/com.st.stm32cube.ide.mcu.externaltools.gnu-tools-for-stm32.10.3-2021.10.win32_1.0.200.202301161003/tools/bin/../lib/gcc/arm-none-eabi/10.3.1/../../../../arm-none-eabi/lib/thumb/v7e-m+dp/hard\libc_nano.a
LOAD c:/program files (x86)/stm32cubeide_1.12.1/stm32cubeide/plugins/com.st.stm32cube.ide.mcu.externaltools.gnu-tools-for-stm32.10.3-2021.10.win32_1.0.200.202301161003/tools/bin/../lib/gcc/arm-none-eabi/10.3.1/../../../../arm-none-eabi/lib/thumb/v7e-m+dp/hard\libnosys.a
END GROUP
START GROUP
LOAD c:/program files (x86)/stm32cubeide_1.12.1/stm32cubeide/plugins/com.st.stm32cube.ide.mcu.externaltools.gnu-tools-for-stm32.10.3-2021.10.win32_1.0.200.202301161003/tools/bin/../lib/gcc/arm-none-eabi/10.3.1/thumb/v7e-m+dp/hard\libgcc.a
LOAD c:/program files (x86)/stm32cubeide_1.12.1/stm32cubeide/plugins/com.st.stm32cube.ide.mcu.externaltools.gnu-tools-for-stm32.10.3-2021.10.win32_1.0.200.202301161003/tools/bin/../lib/gcc/arm-none-eabi/10.3.1/../../../../arm-none-eabi/lib/thumb/v7e-m+dp/hard\libc_nano.a
LOAD c:/program files (x86)/stm32cubeide_1.12.1/stm32cubeide/plugins/com.st.stm32cube.ide.mcu.externaltools.gnu-tools-for-stm32.10.3-2021.10.win32_1.0.200.202301161003/tools/bin/../lib/gcc/arm-none-eabi/10.3.1/../../../../arm-none-eabi/lib/thumb/v7e-m+dp/hard\libnosys.a
END GROUP
LOAD c:/program files (x86)/stm32cubeide_1.12.1/stm32cubeide/plugins/com.st.stm32cube.ide.mcu.externaltools.gnu-tools-for-stm32.10.3-2021.10.win32_1.0.200.202301161003/tools/bin/../lib/gcc/arm-none-eabi/10.3.1/thumb/v7e-m+dp/hard/crtend.o
LOAD c:/program files (x86)/stm32cubeide_1.12.1/stm32cubeide/plugins/com.st.stm32cube.ide.mcu.externaltools.gnu-tools-for-stm32.10.3-2021.10.win32_1.0.200.202301161003/tools/bin/../lib/gcc/arm-none-eabi/10.3.1/thumb/v7e-m+dp/hard/crtn.o
                0x0000000020080000                _estack = (ORIGIN (RAM) + LENGTH (RAM))
                0x0000000000000200                _Min_Heap_Size = 0x200
                0x0000000000000400                _Min_Stack_Size = 0x400

.isr_vector     0x0000000008000000      0x1f8
                0x0000000008000000                . = ALIGN (0x4)
 *(.isr_vector)
 .isr_vector    0x0000000008000000      0x1f8 ./Core/Startup/startup_stm32f767zitx.o
                0x0000000008000000                g_pfnVectors
                0x00000000080001f8                . = ALIGN (0x4)

.text           0x0000000008000200     0xb2cc
                0x0000000008000200                . = ALIGN (0x4)
 *(.text)
 .text          0x0000000008000200       0x40 c:/program files (x86)/stm32cubeide_1.12.1/stm32cubeide/plugins/com.st.stm32cube.ide.mcu.externaltools.gnu-tools-for-stm32.10.3-2021.10.win32_1.0.200.202301161003/tools/bin/../lib/gcc/arm-none-eabi/10.3.1/thumb/v7e-m+dp/hard/crtbegin.o
 .text          0x0000000008000240       0xa0 c:/program files (x86)/stm32cubeide_1.12.1/stm32cubeide/plugins/com.st.stm32cube.ide.mcu.externaltools.gnu-tools-for-stm32.10.3-2021.10.win32_1.0.200.202301161003/tools/bin/../lib/gcc/arm-none-eabi/10.3.1/../../../../arm-none-eabi/lib/thumb/v7e-m+dp/hard\libc_nano.a(lib_a-memchr.o)
                0x0000000008000240                memchr
 .text          0x00000000080002e0       0x30 c:/program files (x86)/stm32cubeide_1.12.1/stm32cubeide/plugins/com.st.stm32cube.ide.mcu.externaltools.gnu-tools-for-stm32.10.3-2021.10.win32_1.0.200.202301161003/tools/bin/../lib/gcc/arm-none-eabi/10.3.1/thumb/v7e-m+dp/hard\libgcc.a(_aeabi_uldivmod.o)
                0x00000000080002e0                __aeabi_uldivmod
 .text          0x0000000008000310      0x2d0 c:/program files (x86)/stm32cubeide_1.12.1/stm32cubeide/plugins/com.st.stm32cube.ide.mcu.externaltools.gnu-tools-for-stm32.10.3-2021.10.win32_1.0.200.202301161003/tools/bin/../lib/gcc/arm-none-eabi/10.3.1/thumb/v7e-m+dp/hard\libgcc.a(_udivmoddi4.o)
                0x0000000008000310                __udivmoddi4
 .text          0x00000000080005e0        0x4 c:/program files (x86)/stm32cubeide_1.12.1/stm32cubeide/plugins/com.st.stm32cube.ide.mcu.externaltools.gnu-tools-for-stm32.10.3-2021.10.win32_1.0.200.202301161003/tools/bin/../lib/gcc/arm-none-eabi/10.3.1/thumb/v7e-m+dp/hard\libgcc.a(_dvmd_tls.o)
                0x00000000080005e0                __aeabi_idiv0
                0x00000000080005e0                __aeabi_ldiv0
 *(.text*)
 .text.PushTx8Bytes
                0x00000000080005e4       0xb0 ./CANLib/CAN_Main/CAN_Main.o
                0x00000000080005e4                PushTx8Bytes
 .text.PopSendTx8Bytes
                0x0000000008000694       0xb4 ./CANLib/CAN_Main/CAN_Main.o
                0x0000000008000694                PopSendTx8Bytes
 .text.WhenTxMailbox0_1_2CompleteCallbackCalled
                0x0000000008000748        0xc ./CANLib/CAN_Main/CAN_Main.o
                0x0000000008000748                WhenTxMailbox0_1_2CompleteCallbackCalled
 .text.WhenTxMailbox0_1_2AbortCallbackCalled
                0x0000000008000754        0xc ./CANLib/CAN_Main/CAN_Main.o
                0x0000000008000754                WhenTxMailbox0_1_2AbortCallbackCalled
 .text.WhenCANRxFifo0MsgPending
                0x0000000008000760      0x200 ./CANLib/CAN_Main/CAN_Main.o
                0x0000000008000760                WhenCANRxFifo0MsgPending
 .text.SendBytes
                0x0000000008000960       0xa0 ./CANLib/CAN_Main/CAN_Main.o
                0x0000000008000960                SendBytes
 .text.CAN_SystemInit
                0x0000000008000a00      0x550 ./CANLib/CAN_Main/CAN_Main.o
                0x0000000008000a00                CAN_SystemInit
 .text.MCMD_ChangeControl
                0x0000000008000f50       0xd0 ./CANLib/CAN_Main/CAN_Main.o
                0x0000000008000f50                MCMD_ChangeControl
 .text.MCMD_init
                0x0000000008001020       0xa0 ./CANLib/CAN_Main/CAN_Main.o
                0x0000000008001020                MCMD_init
 .text.MCMD_Calib
                0x00000000080010c0       0x2c ./CANLib/CAN_Main/CAN_Main.o
                0x00000000080010c0                MCMD_Calib
 .text.MCMD_Control_Enable
                0x00000000080010ec       0x2c ./CANLib/CAN_Main/CAN_Main.o
                0x00000000080010ec                MCMD_Control_Enable
 .text.MCMD_SetTarget
                0x0000000008001118       0x2e ./CANLib/CAN_Main/CAN_Main.o
                0x0000000008001118                MCMD_SetTarget
 *fill*         0x0000000008001146        0x2 
 .text.Get_MCMD_Feedback
                0x0000000008001148      0x1b0 ./CANLib/CAN_Main/CAN_Main.o
                0x0000000008001148                Get_MCMD_Feedback
 .text.Make_CAN_ID_from_CAN_Device
                0x00000000080012f8       0x52 ./CANLib/Defines/CAN_System_Def.o
                0x00000000080012f8                Make_CAN_ID_from_CAN_Device
 .text.Make_CAN_ID
                0x000000000800134a       0x5a ./CANLib/Defines/CAN_System_Def.o
                0x000000000800134a                Make_CAN_ID
 .text.Extract_CAN_Device
                0x00000000080013a4       0x98 ./CANLib/Defines/CAN_System_Def.o
                0x00000000080013a4                Extract_CAN_Device
 .text.Extract_CAN_CMD
                0x000000000800143c       0x1e ./CANLib/Defines/CAN_System_Def.o
                0x000000000800143c                Extract_CAN_CMD
 *fill*         0x000000000800145a        0x2 
 .text.__io_putchar
                0x000000000800145c       0x28 ./Core/Src/main.o
                0x000000000800145c                __io_putchar
 .text.HAL_CAN_TxMailbox0CompleteCallback
                0x0000000008001484       0x14 ./Core/Src/main.o
                0x0000000008001484                HAL_CAN_TxMailbox0CompleteCallback
 .text.HAL_CAN_TxMailbox0AbortCallback
                0x0000000008001498       0x14 ./Core/Src/main.o
                0x0000000008001498                HAL_CAN_TxMailbox0AbortCallback
 .text.HAL_CAN_TxMailbox1CompleteCallback
                0x00000000080014ac       0x14 ./Core/Src/main.o
                0x00000000080014ac                HAL_CAN_TxMailbox1CompleteCallback
 .text.HAL_CAN_TxMailbox1AbortCallback
                0x00000000080014c0       0x14 ./Core/Src/main.o
                0x00000000080014c0                HAL_CAN_TxMailbox1AbortCallback
 .text.HAL_CAN_TxMailbox2CompleteCallback
                0x00000000080014d4       0x14 ./Core/Src/main.o
                0x00000000080014d4                HAL_CAN_TxMailbox2CompleteCallback
 .text.HAL_CAN_TxMailbox2AbortCallback
                0x00000000080014e8       0x14 ./Core/Src/main.o
                0x00000000080014e8                HAL_CAN_TxMailbox2AbortCallback
 .text.HAL_CAN_RxFifo0MsgPendingCallback
                0x00000000080014fc       0x1c ./Core/Src/main.o
                0x00000000080014fc                HAL_CAN_RxFifo0MsgPendingCallback
 .text.mcmdSetting.0
                0x0000000008001518      0x128 ./Core/Src/main.o
 .text.main     0x0000000008001640       0x94 ./Core/Src/main.o
                0x0000000008001640                main
 .text.SystemClock_Config
                0x00000000080016d4       0xe4 ./Core/Src/main.o
                0x00000000080016d4                SystemClock_Config
 .text.MX_CAN1_Init
                0x00000000080017b8       0x6c ./Core/Src/main.o
 .text.MX_ETH_Init
                0x0000000008001824       0x9c ./Core/Src/main.o
 .text.MX_USART3_UART_Init
                0x00000000080018c0       0x60 ./Core/Src/main.o
 .text.MX_USB_OTG_FS_PCD_Init
                0x0000000008001920       0x5c ./Core/Src/main.o
 .text.MX_DMA_Init
                0x000000000800197c       0x3c ./Core/Src/main.o
 .text.MX_GPIO_Init
                0x00000000080019b8      0x144 ./Core/Src/main.o
 .text.StartDefaultTask
                0x0000000008001afc       0x12 ./Core/Src/main.o
                0x0000000008001afc                StartDefaultTask
 *fill*         0x0000000008001b0e        0x2 
 .text.freeRTOSChecker
                0x0000000008001b10       0x14 ./Core/Src/main.o
                0x0000000008001b10                freeRTOSChecker
 .text.mcmdChecker
                0x0000000008001b24       0x48 ./Core/Src/main.o
                0x0000000008001b24                mcmdChecker
 .text.StartTask02
                0x0000000008001b6c       0x1a ./Core/Src/main.o
                0x0000000008001b6c                StartTask02
 .text.StartTask03
                0x0000000008001b86       0x10 ./Core/Src/main.o
                0x0000000008001b86                StartTask03
 *fill*         0x0000000008001b96        0x2 
 .text.HAL_TIM_PeriodElapsedCallback
                0x0000000008001b98       0x24 ./Core/Src/main.o
                0x0000000008001b98                HAL_TIM_PeriodElapsedCallback
 .text.Error_Handler
                0x0000000008001bbc        0xa ./Core/Src/main.o
                0x0000000008001bbc                Error_Handler
 *fill*         0x0000000008001bc6        0x2 
 .text.HAL_MspInit
                0x0000000008001bc8       0x50 ./Core/Src/stm32f7xx_hal_msp.o
                0x0000000008001bc8                HAL_MspInit
 .text.HAL_CAN_MspInit
                0x0000000008001c18       0xb8 ./Core/Src/stm32f7xx_hal_msp.o
                0x0000000008001c18                HAL_CAN_MspInit
 .text.HAL_ETH_MspInit
                0x0000000008001cd0      0x180 ./Core/Src/stm32f7xx_hal_msp.o
                0x0000000008001cd0                HAL_ETH_MspInit
 .text.HAL_UART_MspInit
                0x0000000008001e50      0x134 ./Core/Src/stm32f7xx_hal_msp.o
                0x0000000008001e50                HAL_UART_MspInit
 .text.HAL_PCD_MspInit
                0x0000000008001f84       0xf4 ./Core/Src/stm32f7xx_hal_msp.o
                0x0000000008001f84                HAL_PCD_MspInit
 .text.HAL_InitTick
                0x0000000008002078       0xf4 ./Core/Src/stm32f7xx_hal_timebase_tim.o
                0x0000000008002078                HAL_InitTick
 .text.NMI_Handler
                0x000000000800216c        0x6 ./Core/Src/stm32f7xx_it.o
                0x000000000800216c                NMI_Handler
 .text.HardFault_Handler
                0x0000000008002172        0x6 ./Core/Src/stm32f7xx_it.o
                0x0000000008002172                HardFault_Handler
 .text.MemManage_Handler
                0x0000000008002178        0x6 ./Core/Src/stm32f7xx_it.o
                0x0000000008002178                MemManage_Handler
 .text.BusFault_Handler
                0x000000000800217e        0x6 ./Core/Src/stm32f7xx_it.o
                0x000000000800217e                BusFault_Handler
 .text.UsageFault_Handler
                0x0000000008002184        0x6 ./Core/Src/stm32f7xx_it.o
                0x0000000008002184                UsageFault_Handler
 .text.DebugMon_Handler
                0x000000000800218a        0xe ./Core/Src/stm32f7xx_it.o
                0x000000000800218a                DebugMon_Handler
 .text.DMA1_Stream3_IRQHandler
                0x0000000008002198       0x14 ./Core/Src/stm32f7xx_it.o
                0x0000000008002198                DMA1_Stream3_IRQHandler
 .text.CAN1_TX_IRQHandler
                0x00000000080021ac       0x14 ./Core/Src/stm32f7xx_it.o
                0x00000000080021ac                CAN1_TX_IRQHandler
 .text.CAN1_RX0_IRQHandler
                0x00000000080021c0       0x14 ./Core/Src/stm32f7xx_it.o
                0x00000000080021c0                CAN1_RX0_IRQHandler
 .text.CAN1_RX1_IRQHandler
                0x00000000080021d4       0x14 ./Core/Src/stm32f7xx_it.o
                0x00000000080021d4                CAN1_RX1_IRQHandler
 .text.USART3_IRQHandler
                0x00000000080021e8       0x14 ./Core/Src/stm32f7xx_it.o
                0x00000000080021e8                USART3_IRQHandler
 .text.TIM8_TRG_COM_TIM14_IRQHandler
                0x00000000080021fc       0x14 ./Core/Src/stm32f7xx_it.o
                0x00000000080021fc                TIM8_TRG_COM_TIM14_IRQHandler
 .text.ETH_IRQHandler
                0x0000000008002210       0x14 ./Core/Src/stm32f7xx_it.o
                0x0000000008002210                ETH_IRQHandler
 .text._read    0x0000000008002224       0x3a ./Core/Src/syscalls.o
                0x0000000008002224                _read
 .text._write   0x000000000800225e       0x38 ./Core/Src/syscalls.o
                0x000000000800225e                _write
 .text._close   0x0000000008002296       0x18 ./Core/Src/syscalls.o
                0x0000000008002296                _close
 .text._fstat   0x00000000080022ae       0x20 ./Core/Src/syscalls.o
                0x00000000080022ae                _fstat
 .text._isatty  0x00000000080022ce       0x16 ./Core/Src/syscalls.o
                0x00000000080022ce                _isatty
 .text._lseek   0x00000000080022e4       0x1a ./Core/Src/syscalls.o
                0x00000000080022e4                _lseek
 *fill*         0x00000000080022fe        0x2 
 .text._sbrk    0x0000000008002300       0x6c ./Core/Src/sysmem.o
                0x0000000008002300                _sbrk
 .text.SystemInit
                0x000000000800236c       0x24 ./Core/Src/system_stm32f7xx.o
                0x000000000800236c                SystemInit
 .text.Reset_Handler
                0x0000000008002390       0x50 ./Core/Startup/startup_stm32f767zitx.o
                0x0000000008002390                Reset_Handler
 .text.Default_Handler
                0x00000000080023e0        0x2 ./Core/Startup/startup_stm32f767zitx.o
                0x00000000080023e0                RTC_Alarm_IRQHandler
                0x00000000080023e0                EXTI2_IRQHandler
                0x00000000080023e0                TIM8_CC_IRQHandler
                0x00000000080023e0                UART8_IRQHandler
                0x00000000080023e0                SPI4_IRQHandler
                0x00000000080023e0                TIM1_CC_IRQHandler
                0x00000000080023e0                DMA2_Stream5_IRQHandler
                0x00000000080023e0                JPEG_IRQHandler
                0x00000000080023e0                DMA1_Stream5_IRQHandler
                0x00000000080023e0                CAN3_RX1_IRQHandler
                0x00000000080023e0                PVD_IRQHandler
                0x00000000080023e0                TAMP_STAMP_IRQHandler
                0x00000000080023e0                CAN2_RX1_IRQHandler
                0x00000000080023e0                EXTI3_IRQHandler
                0x00000000080023e0                DFSDM1_FLT1_IRQHandler
                0x00000000080023e0                TIM1_UP_TIM10_IRQHandler
                0x00000000080023e0                TIM8_UP_TIM13_IRQHandler
                0x00000000080023e0                I2C3_ER_IRQHandler
                0x00000000080023e0                DFSDM1_FLT2_IRQHandler
                0x00000000080023e0                EXTI0_IRQHandler
                0x00000000080023e0                I2C2_EV_IRQHandler
                0x00000000080023e0                DMA1_Stream2_IRQHandler
                0x00000000080023e0                FPU_IRQHandler
                0x00000000080023e0                OTG_HS_WKUP_IRQHandler
                0x00000000080023e0                CAN3_SCE_IRQHandler
                0x00000000080023e0                LTDC_ER_IRQHandler
                0x00000000080023e0                CAN2_SCE_IRQHandler
                0x00000000080023e0                DMA2_Stream2_IRQHandler
                0x00000000080023e0                SPI1_IRQHandler
                0x00000000080023e0                TIM6_DAC_IRQHandler
                0x00000000080023e0                TIM1_BRK_TIM9_IRQHandler
                0x00000000080023e0                DCMI_IRQHandler
                0x00000000080023e0                CAN2_RX0_IRQHandler
                0x00000000080023e0                DMA2_Stream3_IRQHandler
                0x00000000080023e0                SAI2_IRQHandler
                0x00000000080023e0                DFSDM1_FLT3_IRQHandler
                0x00000000080023e0                USART6_IRQHandler
                0x00000000080023e0                CAN3_RX0_IRQHandler
                0x00000000080023e0                UART5_IRQHandler
                0x00000000080023e0                DMA2_Stream0_IRQHandler
                0x00000000080023e0                TIM4_IRQHandler
                0x00000000080023e0                QUADSPI_IRQHandler
                0x00000000080023e0                I2C1_EV_IRQHandler
                0x00000000080023e0                DMA1_Stream6_IRQHandler
                0x00000000080023e0                DMA1_Stream1_IRQHandler
                0x00000000080023e0                UART4_IRQHandler
                0x00000000080023e0                TIM3_IRQHandler
                0x00000000080023e0                RCC_IRQHandler
                0x00000000080023e0                TIM8_BRK_TIM12_IRQHandler
                0x00000000080023e0                Default_Handler
                0x00000000080023e0                CEC_IRQHandler
                0x00000000080023e0                EXTI15_10_IRQHandler
                0x00000000080023e0                ADC_IRQHandler
                0x00000000080023e0                DMA1_Stream7_IRQHandler
                0x00000000080023e0                SPI5_IRQHandler
                0x00000000080023e0                TIM7_IRQHandler
                0x00000000080023e0                SDMMC1_IRQHandler
                0x00000000080023e0                CAN2_TX_IRQHandler
                0x00000000080023e0                TIM5_IRQHandler
                0x00000000080023e0                DMA2_Stream7_IRQHandler
                0x00000000080023e0                I2C3_EV_IRQHandler
                0x00000000080023e0                EXTI9_5_IRQHandler
                0x00000000080023e0                RTC_WKUP_IRQHandler
                0x00000000080023e0                LTDC_IRQHandler
                0x00000000080023e0                ETH_WKUP_IRQHandler
                0x00000000080023e0                SPDIF_RX_IRQHandler
                0x00000000080023e0                SPI2_IRQHandler
                0x00000000080023e0                OTG_HS_EP1_IN_IRQHandler
                0x00000000080023e0                DMA1_Stream0_IRQHandler
                0x00000000080023e0                EXTI4_IRQHandler
                0x00000000080023e0                RNG_IRQHandler
                0x00000000080023e0                OTG_HS_EP1_OUT_IRQHandler
                0x00000000080023e0                WWDG_IRQHandler
                0x00000000080023e0                SPI6_IRQHandler
                0x00000000080023e0                MDIOS_IRQHandler
                0x00000000080023e0                I2C4_EV_IRQHandler
                0x00000000080023e0                CAN3_TX_IRQHandler
                0x00000000080023e0                TIM2_IRQHandler
                0x00000000080023e0                OTG_FS_WKUP_IRQHandler
                0x00000000080023e0                TIM1_TRG_COM_TIM11_IRQHandler
                0x00000000080023e0                OTG_HS_IRQHandler
                0x00000000080023e0                DMA2D_IRQHandler
                0x00000000080023e0                EXTI1_IRQHandler
                0x00000000080023e0                SDMMC2_IRQHandler
                0x00000000080023e0                UART7_IRQHandler
                0x00000000080023e0                USART2_IRQHandler
                0x00000000080023e0                DFSDM1_FLT0_IRQHandler
                0x00000000080023e0                I2C2_ER_IRQHandler
                0x00000000080023e0                DMA2_Stream1_IRQHandler
                0x00000000080023e0                CAN1_SCE_IRQHandler
                0x00000000080023e0                FLASH_IRQHandler
                0x00000000080023e0                DMA2_Stream4_IRQHandler
                0x00000000080023e0                USART1_IRQHandler
                0x00000000080023e0                OTG_FS_IRQHandler
                0x00000000080023e0                SPI3_IRQHandler
                0x00000000080023e0                DMA1_Stream4_IRQHandler
                0x00000000080023e0                I2C1_ER_IRQHandler
                0x00000000080023e0                FMC_IRQHandler
                0x00000000080023e0                LPTIM1_IRQHandler
                0x00000000080023e0                I2C4_ER_IRQHandler
                0x00000000080023e0                DMA2_Stream6_IRQHandler
                0x00000000080023e0                SAI1_IRQHandler
 .text.HAL_Init
                0x00000000080023e2       0x1a ./Drivers/STM32F7xx_HAL_Driver/Src/stm32f7xx_hal.o
                0x00000000080023e2                HAL_Init
 .text.HAL_IncTick
                0x00000000080023fc       0x28 ./Drivers/STM32F7xx_HAL_Driver/Src/stm32f7xx_hal.o
                0x00000000080023fc                HAL_IncTick
 .text.HAL_GetTick
                0x0000000008002424       0x18 ./Drivers/STM32F7xx_HAL_Driver/Src/stm32f7xx_hal.o
                0x0000000008002424                HAL_GetTick
 .text.HAL_Delay
                0x000000000800243c       0x48 ./Drivers/STM32F7xx_HAL_Driver/Src/stm32f7xx_hal.o
                0x000000000800243c                HAL_Delay
 .text.HAL_CAN_Init
                0x0000000008002484      0x1f6 ./Drivers/STM32F7xx_HAL_Driver/Src/stm32f7xx_hal_can.o
                0x0000000008002484                HAL_CAN_Init
 *fill*         0x000000000800267a        0x2 
 .text.HAL_CAN_ConfigFilter
                0x000000000800267c      0x1d8 ./Drivers/STM32F7xx_HAL_Driver/Src/stm32f7xx_hal_can.o
                0x000000000800267c                HAL_CAN_ConfigFilter
 .text.HAL_CAN_Start
                0x0000000008002854       0x88 ./Drivers/STM32F7xx_HAL_Driver/Src/stm32f7xx_hal_can.o
                0x0000000008002854                HAL_CAN_Start
 .text.HAL_CAN_AddTxMessage
                0x00000000080028dc      0x1a0 ./Drivers/STM32F7xx_HAL_Driver/Src/stm32f7xx_hal_can.o
                0x00000000080028dc                HAL_CAN_AddTxMessage
 .text.HAL_CAN_GetTxMailboxesFreeLevel
                0x0000000008002a7c       0x6a ./Drivers/STM32F7xx_HAL_Driver/Src/stm32f7xx_hal_can.o
                0x0000000008002a7c                HAL_CAN_GetTxMailboxesFreeLevel
 .text.HAL_CAN_GetRxMessage
                0x0000000008002ae6      0x224 ./Drivers/STM32F7xx_HAL_Driver/Src/stm32f7xx_hal_can.o
                0x0000000008002ae6                HAL_CAN_GetRxMessage
 .text.HAL_CAN_ActivateNotification
                0x0000000008002d0a       0x4c ./Drivers/STM32F7xx_HAL_Driver/Src/stm32f7xx_hal_can.o
                0x0000000008002d0a                HAL_CAN_ActivateNotification
 .text.HAL_CAN_IRQHandler
                0x0000000008002d56      0x36e ./Drivers/STM32F7xx_HAL_Driver/Src/stm32f7xx_hal_can.o
                0x0000000008002d56                HAL_CAN_IRQHandler
 .text.HAL_CAN_RxFifo0FullCallback
                0x00000000080030c4       0x14 ./Drivers/STM32F7xx_HAL_Driver/Src/stm32f7xx_hal_can.o
                0x00000000080030c4                HAL_CAN_RxFifo0FullCallback
 .text.HAL_CAN_RxFifo1MsgPendingCallback
                0x00000000080030d8       0x14 ./Drivers/STM32F7xx_HAL_Driver/Src/stm32f7xx_hal_can.o
                0x00000000080030d8                HAL_CAN_RxFifo1MsgPendingCallback
 .text.HAL_CAN_RxFifo1FullCallback
                0x00000000080030ec       0x14 ./Drivers/STM32F7xx_HAL_Driver/Src/stm32f7xx_hal_can.o
                0x00000000080030ec                HAL_CAN_RxFifo1FullCallback
 .text.HAL_CAN_SleepCallback
                0x0000000008003100       0x14 ./Drivers/STM32F7xx_HAL_Driver/Src/stm32f7xx_hal_can.o
                0x0000000008003100                HAL_CAN_SleepCallback
 .text.HAL_CAN_WakeUpFromRxMsgCallback
                0x0000000008003114       0x14 ./Drivers/STM32F7xx_HAL_Driver/Src/stm32f7xx_hal_can.o
                0x0000000008003114                HAL_CAN_WakeUpFromRxMsgCallback
 .text.HAL_CAN_ErrorCallback
                0x0000000008003128       0x14 ./Drivers/STM32F7xx_HAL_Driver/Src/stm32f7xx_hal_can.o
                0x0000000008003128                HAL_CAN_ErrorCallback
 .text.__NVIC_SetPriorityGrouping
                0x000000000800313c       0x48 ./Drivers/STM32F7xx_HAL_Driver/Src/stm32f7xx_hal_cortex.o
 .text.__NVIC_GetPriorityGrouping
                0x0000000008003184       0x1c ./Drivers/STM32F7xx_HAL_Driver/Src/stm32f7xx_hal_cortex.o
 .text.__NVIC_EnableIRQ
                0x00000000080031a0       0x3c ./Drivers/STM32F7xx_HAL_Driver/Src/stm32f7xx_hal_cortex.o
 .text.__NVIC_SetPriority
                0x00000000080031dc       0x54 ./Drivers/STM32F7xx_HAL_Driver/Src/stm32f7xx_hal_cortex.o
 .text.NVIC_EncodePriority
                0x0000000008003230       0x66 ./Drivers/STM32F7xx_HAL_Driver/Src/stm32f7xx_hal_cortex.o
 .text.HAL_NVIC_SetPriorityGrouping
                0x0000000008003296       0x16 ./Drivers/STM32F7xx_HAL_Driver/Src/stm32f7xx_hal_cortex.o
                0x0000000008003296                HAL_NVIC_SetPriorityGrouping
 .text.HAL_NVIC_SetPriority
                0x00000000080032ac       0x38 ./Drivers/STM32F7xx_HAL_Driver/Src/stm32f7xx_hal_cortex.o
                0x00000000080032ac                HAL_NVIC_SetPriority
 .text.HAL_NVIC_EnableIRQ
                0x00000000080032e4       0x1c ./Drivers/STM32F7xx_HAL_Driver/Src/stm32f7xx_hal_cortex.o
                0x00000000080032e4                HAL_NVIC_EnableIRQ
 .text.HAL_DMA_Init
                0x0000000008003300      0x15c ./Drivers/STM32F7xx_HAL_Driver/Src/stm32f7xx_hal_dma.o
                0x0000000008003300                HAL_DMA_Init
 .text.HAL_DMA_Abort
                0x000000000800345c       0xe0 ./Drivers/STM32F7xx_HAL_Driver/Src/stm32f7xx_hal_dma.o
                0x000000000800345c                HAL_DMA_Abort
 .text.HAL_DMA_Abort_IT
                0x000000000800353c       0x44 ./Drivers/STM32F7xx_HAL_Driver/Src/stm32f7xx_hal_dma.o
                0x000000000800353c                HAL_DMA_Abort_IT
 .text.HAL_DMA_IRQHandler
                0x0000000008003580      0x314 ./Drivers/STM32F7xx_HAL_Driver/Src/stm32f7xx_hal_dma.o
                0x0000000008003580                HAL_DMA_IRQHandler
 .text.DMA_CalcBaseAndBitshift
                0x0000000008003894       0x6c ./Drivers/STM32F7xx_HAL_Driver/Src/stm32f7xx_hal_dma.o
 .text.DMA_CheckFifoParam
                0x0000000008003900       0xf8 ./Drivers/STM32F7xx_HAL_Driver/Src/stm32f7xx_hal_dma.o
 .text.HAL_ETH_Init
                0x00000000080039f8       0xf8 ./Drivers/STM32F7xx_HAL_Driver/Src/stm32f7xx_hal_eth.o
                0x00000000080039f8                HAL_ETH_Init
 .text.HAL_ETH_IRQHandler
                0x0000000008003af0      0x184 ./Drivers/STM32F7xx_HAL_Driver/Src/stm32f7xx_hal_eth.o
                0x0000000008003af0                HAL_ETH_IRQHandler
 .text.HAL_ETH_TxCpltCallback
                0x0000000008003c74       0x14 ./Drivers/STM32F7xx_HAL_Driver/Src/stm32f7xx_hal_eth.o
                0x0000000008003c74                HAL_ETH_TxCpltCallback
 .text.HAL_ETH_RxCpltCallback
                0x0000000008003c88       0x14 ./Drivers/STM32F7xx_HAL_Driver/Src/stm32f7xx_hal_eth.o
                0x0000000008003c88                HAL_ETH_RxCpltCallback
 .text.HAL_ETH_ErrorCallback
                0x0000000008003c9c       0x14 ./Drivers/STM32F7xx_HAL_Driver/Src/stm32f7xx_hal_eth.o
                0x0000000008003c9c                HAL_ETH_ErrorCallback
 .text.HAL_ETH_PMTCallback
                0x0000000008003cb0       0x14 ./Drivers/STM32F7xx_HAL_Driver/Src/stm32f7xx_hal_eth.o
                0x0000000008003cb0                HAL_ETH_PMTCallback
 .text.HAL_ETH_WakeUpCallback
                0x0000000008003cc4       0x14 ./Drivers/STM32F7xx_HAL_Driver/Src/stm32f7xx_hal_eth.o
                0x0000000008003cc4                HAL_ETH_WakeUpCallback
 .text.ETH_SetMACConfig
                0x0000000008003cd8      0x160 ./Drivers/STM32F7xx_HAL_Driver/Src/stm32f7xx_hal_eth.o
 .text.ETH_SetDMAConfig
                0x0000000008003e38      0x114 ./Drivers/STM32F7xx_HAL_Driver/Src/stm32f7xx_hal_eth.o
 .text.ETH_MACDMAConfig
                0x0000000008003f4c       0xe4 ./Drivers/STM32F7xx_HAL_Driver/Src/stm32f7xx_hal_eth.o
 .text.ETH_MACAddressConfig
                0x0000000008004030       0x70 ./Drivers/STM32F7xx_HAL_Driver/Src/stm32f7xx_hal_eth.o
 .text.ETH_DMATxDescListInit
                0x00000000080040a0       0xb2 ./Drivers/STM32F7xx_HAL_Driver/Src/stm32f7xx_hal_eth.o
 .text.ETH_DMARxDescListInit
                0x0000000008004152       0xda ./Drivers/STM32F7xx_HAL_Driver/Src/stm32f7xx_hal_eth.o
 .text.HAL_GPIO_Init
                0x000000000800422c      0x358 ./Drivers/STM32F7xx_HAL_Driver/Src/stm32f7xx_hal_gpio.o
                0x000000000800422c                HAL_GPIO_Init
 .text.HAL_GPIO_WritePin
                0x0000000008004584       0x32 ./Drivers/STM32F7xx_HAL_Driver/Src/stm32f7xx_hal_gpio.o
                0x0000000008004584                HAL_GPIO_WritePin
 .text.HAL_GPIO_TogglePin
                0x00000000080045b6       0x34 ./Drivers/STM32F7xx_HAL_Driver/Src/stm32f7xx_hal_gpio.o
                0x00000000080045b6                HAL_GPIO_TogglePin
 .text.HAL_PCD_Init
                0x00000000080045ea      0x248 ./Drivers/STM32F7xx_HAL_Driver/Src/stm32f7xx_hal_pcd.o
                0x00000000080045ea                HAL_PCD_Init
 *fill*         0x0000000008004832        0x2 
 .text.HAL_PCDEx_ActivateLPM
                0x0000000008004834       0x48 ./Drivers/STM32F7xx_HAL_Driver/Src/stm32f7xx_hal_pcd_ex.o
                0x0000000008004834                HAL_PCDEx_ActivateLPM
 .text.HAL_PWR_EnableBkUpAccess
                0x000000000800487c       0x20 ./Drivers/STM32F7xx_HAL_Driver/Src/stm32f7xx_hal_pwr.o
                0x000000000800487c                HAL_PWR_EnableBkUpAccess
 .text.HAL_PWREx_EnableOverDrive
                0x000000000800489c       0xa0 ./Drivers/STM32F7xx_HAL_Driver/Src/stm32f7xx_hal_pwr_ex.o
                0x000000000800489c                HAL_PWREx_EnableOverDrive
 .text.HAL_RCC_OscConfig
                0x000000000800493c      0x55c ./Drivers/STM32F7xx_HAL_Driver/Src/stm32f7xx_hal_rcc.o
                0x000000000800493c                HAL_RCC_OscConfig
 .text.HAL_RCC_ClockConfig
                0x0000000008004e98      0x1d8 ./Drivers/STM32F7xx_HAL_Driver/Src/stm32f7xx_hal_rcc.o
                0x0000000008004e98                HAL_RCC_ClockConfig
 .text.HAL_RCC_GetSysClockFreq
                0x0000000008005070      0x20c ./Drivers/STM32F7xx_HAL_Driver/Src/stm32f7xx_hal_rcc.o
                0x0000000008005070                HAL_RCC_GetSysClockFreq
 .text.HAL_RCC_GetHCLKFreq
                0x000000000800527c       0x18 ./Drivers/STM32F7xx_HAL_Driver/Src/stm32f7xx_hal_rcc.o
                0x000000000800527c                HAL_RCC_GetHCLKFreq
 .text.HAL_RCC_GetPCLK1Freq
                0x0000000008005294       0x28 ./Drivers/STM32F7xx_HAL_Driver/Src/stm32f7xx_hal_rcc.o
                0x0000000008005294                HAL_RCC_GetPCLK1Freq
 .text.HAL_RCC_GetPCLK2Freq
                0x00000000080052bc       0x28 ./Drivers/STM32F7xx_HAL_Driver/Src/stm32f7xx_hal_rcc.o
                0x00000000080052bc                HAL_RCC_GetPCLK2Freq
 .text.HAL_RCC_GetClockConfig
                0x00000000080052e4       0x64 ./Drivers/STM32F7xx_HAL_Driver/Src/stm32f7xx_hal_rcc.o
                0x00000000080052e4                HAL_RCC_GetClockConfig
 .text.HAL_RCCEx_PeriphCLKConfig
                0x0000000008005348      0x850 ./Drivers/STM32F7xx_HAL_Driver/Src/stm32f7xx_hal_rcc_ex.o
                0x0000000008005348                HAL_RCCEx_PeriphCLKConfig
 .text.HAL_TIM_Base_Init
                0x0000000008005b98       0xae ./Drivers/STM32F7xx_HAL_Driver/Src/stm32f7xx_hal_tim.o
                0x0000000008005b98                HAL_TIM_Base_Init
 .text.HAL_TIM_Base_MspInit
                0x0000000008005c46       0x14 ./Drivers/STM32F7xx_HAL_Driver/Src/stm32f7xx_hal_tim.o
                0x0000000008005c46                HAL_TIM_Base_MspInit
 *fill*         0x0000000008005c5a        0x2 
 .text.HAL_TIM_Base_Start_IT
                0x0000000008005c5c       0xf0 ./Drivers/STM32F7xx_HAL_Driver/Src/stm32f7xx_hal_tim.o
                0x0000000008005c5c                HAL_TIM_Base_Start_IT
 .text.HAL_TIM_IRQHandler
                0x0000000008005d4c      0x23e ./Drivers/STM32F7xx_HAL_Driver/Src/stm32f7xx_hal_tim.o
                0x0000000008005d4c                HAL_TIM_IRQHandler
 .text.HAL_TIM_OC_DelayElapsedCallback
                0x0000000008005f8a       0x14 ./Drivers/STM32F7xx_HAL_Driver/Src/stm32f7xx_hal_tim.o
                0x0000000008005f8a                HAL_TIM_OC_DelayElapsedCallback
 .text.HAL_TIM_IC_CaptureCallback
                0x0000000008005f9e       0x14 ./Drivers/STM32F7xx_HAL_Driver/Src/stm32f7xx_hal_tim.o
                0x0000000008005f9e                HAL_TIM_IC_CaptureCallback
 .text.HAL_TIM_PWM_PulseFinishedCallback
                0x0000000008005fb2       0x14 ./Drivers/STM32F7xx_HAL_Driver/Src/stm32f7xx_hal_tim.o
                0x0000000008005fb2                HAL_TIM_PWM_PulseFinishedCallback
 .text.HAL_TIM_TriggerCallback
                0x0000000008005fc6       0x14 ./Drivers/STM32F7xx_HAL_Driver/Src/stm32f7xx_hal_tim.o
                0x0000000008005fc6                HAL_TIM_TriggerCallback
 *fill*         0x0000000008005fda        0x2 
 .text.TIM_Base_SetConfig
                0x0000000008005fdc      0x140 ./Drivers/STM32F7xx_HAL_Driver/Src/stm32f7xx_hal_tim.o
                0x0000000008005fdc                TIM_Base_SetConfig
 .text.HAL_TIMEx_CommutCallback
                0x000000000800611c       0x14 ./Drivers/STM32F7xx_HAL_Driver/Src/stm32f7xx_hal_tim_ex.o
                0x000000000800611c                HAL_TIMEx_CommutCallback
 .text.HAL_TIMEx_BreakCallback
                0x0000000008006130       0x14 ./Drivers/STM32F7xx_HAL_Driver/Src/stm32f7xx_hal_tim_ex.o
                0x0000000008006130                HAL_TIMEx_BreakCallback
 .text.HAL_TIMEx_Break2Callback
                0x0000000008006144       0x14 ./Drivers/STM32F7xx_HAL_Driver/Src/stm32f7xx_hal_tim_ex.o
                0x0000000008006144                HAL_TIMEx_Break2Callback
 .text.HAL_UART_Init
                0x0000000008006158       0x9c ./Drivers/STM32F7xx_HAL_Driver/Src/stm32f7xx_hal_uart.o
                0x0000000008006158                HAL_UART_Init
 .text.HAL_UART_Transmit
                0x00000000080061f4      0x106 ./Drivers/STM32F7xx_HAL_Driver/Src/stm32f7xx_hal_uart.o
                0x00000000080061f4                HAL_UART_Transmit
 *fill*         0x00000000080062fa        0x2 
 .text.HAL_UART_IRQHandler
                0x00000000080062fc      0x5d0 ./Drivers/STM32F7xx_HAL_Driver/Src/stm32f7xx_hal_uart.o
                0x00000000080062fc                HAL_UART_IRQHandler
 .text.HAL_UART_TxCpltCallback
                0x00000000080068cc       0x14 ./Drivers/STM32F7xx_HAL_Driver/Src/stm32f7xx_hal_uart.o
                0x00000000080068cc                HAL_UART_TxCpltCallback
 .text.HAL_UART_ErrorCallback
                0x00000000080068e0       0x14 ./Drivers/STM32F7xx_HAL_Driver/Src/stm32f7xx_hal_uart.o
                0x00000000080068e0                HAL_UART_ErrorCallback
 .text.HAL_UARTEx_RxEventCallback
                0x00000000080068f4       0x18 ./Drivers/STM32F7xx_HAL_Driver/Src/stm32f7xx_hal_uart.o
                0x00000000080068f4                HAL_UARTEx_RxEventCallback
 .text.HAL_UARTEx_WakeupCallback
                0x000000000800690c       0x14 ./Drivers/STM32F7xx_HAL_Driver/Src/stm32f7xx_hal_uart.o
                0x000000000800690c                HAL_UARTEx_WakeupCallback
 .text.UART_SetConfig
                0x0000000008006920      0x4c8 ./Drivers/STM32F7xx_HAL_Driver/Src/stm32f7xx_hal_uart.o
                0x0000000008006920                UART_SetConfig
 .text.UART_AdvFeatureConfig
                0x0000000008006de8      0x144 ./Drivers/STM32F7xx_HAL_Driver/Src/stm32f7xx_hal_uart.o
                0x0000000008006de8                UART_AdvFeatureConfig
 .text.UART_CheckIdleState
                0x0000000008006f2c       0x9a ./Drivers/STM32F7xx_HAL_Driver/Src/stm32f7xx_hal_uart.o
                0x0000000008006f2c                UART_CheckIdleState
 .text.UART_WaitOnFlagUntilTimeout
                0x0000000008006fc6      0x18c ./Drivers/STM32F7xx_HAL_Driver/Src/stm32f7xx_hal_uart.o
                0x0000000008006fc6                UART_WaitOnFlagUntilTimeout
 .text.UART_EndRxTransfer
                0x0000000008007152       0xc8 ./Drivers/STM32F7xx_HAL_Driver/Src/stm32f7xx_hal_uart.o
 .text.UART_DMAAbortOnError
                0x000000000800721a       0x2c ./Drivers/STM32F7xx_HAL_Driver/Src/stm32f7xx_hal_uart.o
 .text.UART_EndTransmit_IT
                0x0000000008007246       0x54 ./Drivers/STM32F7xx_HAL_Driver/Src/stm32f7xx_hal_uart.o
 *fill*         0x000000000800729a        0x2 
 .text.USB_CoreInit
                0x000000000800729c       0xb0 ./Drivers/STM32F7xx_HAL_Driver/Src/stm32f7xx_ll_usb.o
                0x000000000800729c                USB_CoreInit
 .text.USB_DisableGlobalInt
                0x000000000800734c       0x22 ./Drivers/STM32F7xx_HAL_Driver/Src/stm32f7xx_ll_usb.o
                0x000000000800734c                USB_DisableGlobalInt
 .text.USB_SetCurrentMode
                0x000000000800736e       0x98 ./Drivers/STM32F7xx_HAL_Driver/Src/stm32f7xx_ll_usb.o
                0x000000000800736e                USB_SetCurrentMode
 *fill*         0x0000000008007406        0x2 
 .text.USB_DevInit
                0x0000000008007408      0x2bc ./Drivers/STM32F7xx_HAL_Driver/Src/stm32f7xx_ll_usb.o
                0x0000000008007408                USB_DevInit
 .text.USB_FlushTxFifo
                0x00000000080076c4       0x68 ./Drivers/STM32F7xx_HAL_Driver/Src/stm32f7xx_ll_usb.o
                0x00000000080076c4                USB_FlushTxFifo
 .text.USB_FlushRxFifo
                0x000000000800772c       0x60 ./Drivers/STM32F7xx_HAL_Driver/Src/stm32f7xx_ll_usb.o
                0x000000000800772c                USB_FlushRxFifo
 .text.USB_SetDevSpeed
                0x000000000800778c       0x32 ./Drivers/STM32F7xx_HAL_Driver/Src/stm32f7xx_ll_usb.o
                0x000000000800778c                USB_SetDevSpeed
 .text.USB_DevDisconnect
                0x00000000080077be       0x42 ./Drivers/STM32F7xx_HAL_Driver/Src/stm32f7xx_ll_usb.o
                0x00000000080077be                USB_DevDisconnect
 .text.USB_GetMode
                0x0000000008007800       0x1c ./Drivers/STM32F7xx_HAL_Driver/Src/stm32f7xx_ll_usb.o
                0x0000000008007800                USB_GetMode
 .text.USB_CoreReset
                0x000000000800781c       0x68 ./Drivers/STM32F7xx_HAL_Driver/Src/stm32f7xx_ll_usb.o
 .text.SVC_Setup
                0x0000000008007884        0xe ./Middlewares/Third_Party/FreeRTOS/Source/CMSIS_RTOS_V2/cmsis_os2.o
 *fill*         0x0000000008007892        0x2 
 .text.osKernelInitialize
                0x0000000008007894       0x68 ./Middlewares/Third_Party/FreeRTOS/Source/CMSIS_RTOS_V2/cmsis_os2.o
                0x0000000008007894                osKernelInitialize
 .text.osKernelStart
                0x00000000080078fc       0x6c ./Middlewares/Third_Party/FreeRTOS/Source/CMSIS_RTOS_V2/cmsis_os2.o
                0x00000000080078fc                osKernelStart
 .text.osThreadNew
                0x0000000008007968      0x14c ./Middlewares/Third_Party/FreeRTOS/Source/CMSIS_RTOS_V2/cmsis_os2.o
                0x0000000008007968                osThreadNew
 .text.osDelay  0x0000000008007ab4       0x5c ./Middlewares/Third_Party/FreeRTOS/Source/CMSIS_RTOS_V2/cmsis_os2.o
                0x0000000008007ab4                osDelay
 .text.vApplicationGetIdleTaskMemory
                0x0000000008007b10       0x34 ./Middlewares/Third_Party/FreeRTOS/Source/CMSIS_RTOS_V2/cmsis_os2.o
                0x0000000008007b10                vApplicationGetIdleTaskMemory
 .text.vApplicationGetTimerTaskMemory
                0x0000000008007b44       0x34 ./Middlewares/Third_Party/FreeRTOS/Source/CMSIS_RTOS_V2/cmsis_os2.o
                0x0000000008007b44                vApplicationGetTimerTaskMemory
 .text.vListInitialise
                0x0000000008007b78       0x40 ./Middlewares/Third_Party/FreeRTOS/Source/list.o
                0x0000000008007b78                vListInitialise
 .text.vListInitialiseItem
                0x0000000008007bb8       0x1a ./Middlewares/Third_Party/FreeRTOS/Source/list.o
                0x0000000008007bb8                vListInitialiseItem
 .text.vListInsertEnd
                0x0000000008007bd2       0x48 ./Middlewares/Third_Party/FreeRTOS/Source/list.o
                0x0000000008007bd2                vListInsertEnd
 .text.vListInsert
                0x0000000008007c1a       0x72 ./Middlewares/Third_Party/FreeRTOS/Source/list.o
                0x0000000008007c1a                vListInsert
 .text.uxListRemove
                0x0000000008007c8c       0x54 ./Middlewares/Third_Party/FreeRTOS/Source/list.o
                0x0000000008007c8c                uxListRemove
 .text.xQueueGenericReset
                0x0000000008007ce0       0xd4 ./Middlewares/Third_Party/FreeRTOS/Source/queue.o
                0x0000000008007ce0                xQueueGenericReset
 .text.xQueueGenericCreateStatic
                0x0000000008007db4      0x104 ./Middlewares/Third_Party/FreeRTOS/Source/queue.o
                0x0000000008007db4                xQueueGenericCreateStatic
 .text.prvInitialiseNewQueue
                0x0000000008007eb8       0x46 ./Middlewares/Third_Party/FreeRTOS/Source/queue.o
 *fill*         0x0000000008007efe        0x2 
 .text.xQueueGenericSend
                0x0000000008007f00      0x20c ./Middlewares/Third_Party/FreeRTOS/Source/queue.o
                0x0000000008007f00                xQueueGenericSend
 .text.xQueueGenericSendFromISR
                0x000000000800810c      0x140 ./Middlewares/Third_Party/FreeRTOS/Source/queue.o
                0x000000000800810c                xQueueGenericSendFromISR
 .text.xQueueReceive
                0x000000000800824c      0x1cc ./Middlewares/Third_Party/FreeRTOS/Source/queue.o
                0x000000000800824c                xQueueReceive
 .text.prvCopyDataToQueue
                0x0000000008008418       0xd4 ./Middlewares/Third_Party/FreeRTOS/Source/queue.o
 .text.prvCopyDataFromQueue
                0x00000000080084ec       0x4c ./Middlewares/Third_Party/FreeRTOS/Source/queue.o
 .text.prvUnlockQueue
                0x0000000008008538       0xa4 ./Middlewares/Third_Party/FreeRTOS/Source/queue.o
 .text.prvIsQueueEmpty
                0x00000000080085dc       0x2c ./Middlewares/Third_Party/FreeRTOS/Source/queue.o
 .text.prvIsQueueFull
                0x0000000008008608       0x30 ./Middlewares/Third_Party/FreeRTOS/Source/queue.o
 .text.vQueueAddToRegistry
                0x0000000008008638       0x54 ./Middlewares/Third_Party/FreeRTOS/Source/queue.o
                0x0000000008008638                vQueueAddToRegistry
 .text.vQueueWaitForMessageRestricted
                0x000000000800868c       0x68 ./Middlewares/Third_Party/FreeRTOS/Source/queue.o
                0x000000000800868c                vQueueWaitForMessageRestricted
 .text.xTaskCreateStatic
                0x00000000080086f4       0xc6 ./Middlewares/Third_Party/FreeRTOS/Source/tasks.o
                0x00000000080086f4                xTaskCreateStatic
 .text.xTaskCreate
                0x00000000080087ba       0x8a ./Middlewares/Third_Party/FreeRTOS/Source/tasks.o
                0x00000000080087ba                xTaskCreate
 .text.prvInitialiseNewTask
                0x0000000008008844      0x122 ./Middlewares/Third_Party/FreeRTOS/Source/tasks.o
 *fill*         0x0000000008008966        0x2 
 .text.prvAddNewTaskToReadyList
                0x0000000008008968       0xe0 ./Middlewares/Third_Party/FreeRTOS/Source/tasks.o
 .text.vTaskDelay
                0x0000000008008a48       0x6c ./Middlewares/Third_Party/FreeRTOS/Source/tasks.o
                0x0000000008008a48                vTaskDelay
 .text.vTaskStartScheduler
                0x0000000008008ab4       0xd4 ./Middlewares/Third_Party/FreeRTOS/Source/tasks.o
                0x0000000008008ab4                vTaskStartScheduler
 .text.vTaskSuspendAll
                0x0000000008008b88       0x1c ./Middlewares/Third_Party/FreeRTOS/Source/tasks.o
                0x0000000008008b88                vTaskSuspendAll
 .text.xTaskResumeAll
                0x0000000008008ba4      0x140 ./Middlewares/Third_Party/FreeRTOS/Source/tasks.o
                0x0000000008008ba4                xTaskResumeAll
 .text.xTaskGetTickCount
                0x0000000008008ce4       0x20 ./Middlewares/Third_Party/FreeRTOS/Source/tasks.o
                0x0000000008008ce4                xTaskGetTickCount
 .text.xTaskIncrementTick
                0x0000000008008d04      0x178 ./Middlewares/Third_Party/FreeRTOS/Source/tasks.o
                0x0000000008008d04                xTaskIncrementTick
 .text.vTaskSwitchContext
                0x0000000008008e7c       0xc0 ./Middlewares/Third_Party/FreeRTOS/Source/tasks.o
                0x0000000008008e7c                vTaskSwitchContext
 .text.vTaskPlaceOnEventList
                0x0000000008008f3c       0x4c ./Middlewares/Third_Party/FreeRTOS/Source/tasks.o
                0x0000000008008f3c                vTaskPlaceOnEventList
 .text.vTaskPlaceOnEventListRestricted
                0x0000000008008f88       0x5c ./Middlewares/Third_Party/FreeRTOS/Source/tasks.o
                0x0000000008008f88                vTaskPlaceOnEventListRestricted
 .text.xTaskRemoveFromEventList
                0x0000000008008fe4       0xcc ./Middlewares/Third_Party/FreeRTOS/Source/tasks.o
                0x0000000008008fe4                xTaskRemoveFromEventList
 .text.vTaskInternalSetTimeOutState
                0x00000000080090b0       0x2c ./Middlewares/Third_Party/FreeRTOS/Source/tasks.o
                0x00000000080090b0                vTaskInternalSetTimeOutState
 .text.xTaskCheckForTimeOut
                0x00000000080090dc       0xcc ./Middlewares/Third_Party/FreeRTOS/Source/tasks.o
                0x00000000080090dc                xTaskCheckForTimeOut
 .text.vTaskMissedYield
                0x00000000080091a8       0x18 ./Middlewares/Third_Party/FreeRTOS/Source/tasks.o
                0x00000000080091a8                vTaskMissedYield
 .text.prvIdleTask
                0x00000000080091c0       0x30 ./Middlewares/Third_Party/FreeRTOS/Source/tasks.o
 .text.prvInitialiseTaskLists
                0x00000000080091f0       0x80 ./Middlewares/Third_Party/FreeRTOS/Source/tasks.o
 .text.prvCheckTasksWaitingTermination
                0x0000000008009270       0x5c ./Middlewares/Third_Party/FreeRTOS/Source/tasks.o
 .text.prvDeleteTCB
                0x00000000080092cc       0x62 ./Middlewares/Third_Party/FreeRTOS/Source/tasks.o
 *fill*         0x000000000800932e        0x2 
 .text.prvResetNextTaskUnblockTime
                0x0000000008009330       0x40 ./Middlewares/Third_Party/FreeRTOS/Source/tasks.o
 .text.xTaskGetSchedulerState
                0x0000000008009370       0x3c ./Middlewares/Third_Party/FreeRTOS/Source/tasks.o
                0x0000000008009370                xTaskGetSchedulerState
 .text.xTaskPriorityDisinherit
                0x00000000080093ac       0xe4 ./Middlewares/Third_Party/FreeRTOS/Source/tasks.o
                0x00000000080093ac                xTaskPriorityDisinherit
 .text.prvAddCurrentTaskToDelayedList
                0x0000000008009490       0xa8 ./Middlewares/Third_Party/FreeRTOS/Source/tasks.o
 .text.xTimerCreateTimerTask
                0x0000000008009538       0x94 ./Middlewares/Third_Party/FreeRTOS/Source/timers.o
                0x0000000008009538                xTimerCreateTimerTask
 .text.xTimerGenericCommand
                0x00000000080095cc       0xa0 ./Middlewares/Third_Party/FreeRTOS/Source/timers.o
                0x00000000080095cc                xTimerGenericCommand
 .text.prvProcessExpiredTimer
                0x000000000800966c       0x9c ./Middlewares/Third_Party/FreeRTOS/Source/timers.o
 .text.prvTimerTask
                0x0000000008009708       0x24 ./Middlewares/Third_Party/FreeRTOS/Source/timers.o
 .text.prvProcessTimerOrBlockTask
                0x000000000800972c       0x9c ./Middlewares/Third_Party/FreeRTOS/Source/timers.o
 .text.prvGetNextExpireTime
                0x00000000080097c8       0x48 ./Middlewares/Third_Party/FreeRTOS/Source/timers.o
 .text.prvSampleTimeNow
                0x0000000008009810       0x40 ./Middlewares/Third_Party/FreeRTOS/Source/timers.o
 .text.prvInsertTimerInActiveList
                0x0000000008009850       0x84 ./Middlewares/Third_Party/FreeRTOS/Source/timers.o
 .text.prvProcessReceivedCommands
                0x00000000080098d4      0x1d0 ./Middlewares/Third_Party/FreeRTOS/Source/timers.o
 .text.prvSwitchTimerLists
                0x0000000008009aa4       0xcc ./Middlewares/Third_Party/FreeRTOS/Source/timers.o
 .text.prvCheckForValidListAndQueue
                0x0000000008009b70       0x80 ./Middlewares/Third_Party/FreeRTOS/Source/timers.o
 .text.pxPortInitialiseStack
                0x0000000008009bf0       0x68 ./Middlewares/Third_Party/FreeRTOS/Source/portable/GCC/ARM_CM7/r0p1/port.o
                0x0000000008009bf0                pxPortInitialiseStack
 .text.prvTaskExitError
                0x0000000008009c58       0x60 ./Middlewares/Third_Party/FreeRTOS/Source/portable/GCC/ARM_CM7/r0p1/port.o
 *fill*         0x0000000008009cb8        0x8 
 .text.SVC_Handler
                0x0000000008009cc0       0x28 ./Middlewares/Third_Party/FreeRTOS/Source/portable/GCC/ARM_CM7/r0p1/port.o
                0x0000000008009cc0                SVC_Handler
 .text.prvPortStartFirstTask
                0x0000000008009ce8       0x28 ./Middlewares/Third_Party/FreeRTOS/Source/portable/GCC/ARM_CM7/r0p1/port.o
 .text.xPortStartScheduler
                0x0000000008009d10       0xfc ./Middlewares/Third_Party/FreeRTOS/Source/portable/GCC/ARM_CM7/r0p1/port.o
                0x0000000008009d10                xPortStartScheduler
 .text.vPortEnterCritical
                0x0000000008009e0c       0x68 ./Middlewares/Third_Party/FreeRTOS/Source/portable/GCC/ARM_CM7/r0p1/port.o
                0x0000000008009e0c                vPortEnterCritical
 .text.vPortExitCritical
                0x0000000008009e74       0x58 ./Middlewares/Third_Party/FreeRTOS/Source/portable/GCC/ARM_CM7/r0p1/port.o
                0x0000000008009e74                vPortExitCritical
 *fill*         0x0000000008009ecc        0x4 
 .text.PendSV_Handler
                0x0000000008009ed0       0x68 ./Middlewares/Third_Party/FreeRTOS/Source/portable/GCC/ARM_CM7/r0p1/port.o
                0x0000000008009ed0                PendSV_Handler
 .text.SysTick_Handler
                0x0000000008009f38       0x48 ./Middlewares/Third_Party/FreeRTOS/Source/portable/GCC/ARM_CM7/r0p1/port.o
                0x0000000008009f38                SysTick_Handler
 .text.vPortSetupTimerInterrupt
                0x0000000008009f80       0x48 ./Middlewares/Third_Party/FreeRTOS/Source/portable/GCC/ARM_CM7/r0p1/port.o
                0x0000000008009f80                vPortSetupTimerInterrupt
 .text.vPortEnableVFP
                0x0000000008009fc8       0x14 ./Middlewares/Third_Party/FreeRTOS/Source/portable/GCC/ARM_CM7/r0p1/port.o
 .text.vPortValidateInterruptPriority
                0x0000000008009fdc       0x88 ./Middlewares/Third_Party/FreeRTOS/Source/portable/GCC/ARM_CM7/r0p1/port.o
                0x0000000008009fdc                vPortValidateInterruptPriority
 .text.pvPortMalloc
                0x000000000800a064      0x194 ./Middlewares/Third_Party/FreeRTOS/Source/portable/MemMang/heap_4.o
                0x000000000800a064                pvPortMalloc
 .text.vPortFree
                0x000000000800a1f8       0xbc ./Middlewares/Third_Party/FreeRTOS/Source/portable/MemMang/heap_4.o
                0x000000000800a1f8                vPortFree
 .text.prvHeapInit
                0x000000000800a2b4       0xc4 ./Middlewares/Third_Party/FreeRTOS/Source/portable/MemMang/heap_4.o
 .text.prvInsertBlockIntoFreeList
                0x000000000800a378       0xb4 ./Middlewares/Third_Party/FreeRTOS/Source/portable/MemMang/heap_4.o
 .text.__errno  0x000000000800a42c        0xc c:/program files (x86)/stm32cubeide_1.12.1/stm32cubeide/plugins/com.st.stm32cube.ide.mcu.externaltools.gnu-tools-for-stm32.10.3-2021.10.win32_1.0.200.202301161003/tools/bin/../lib/gcc/arm-none-eabi/10.3.1/../../../../arm-none-eabi/lib/thumb/v7e-m+dp/hard\libc_nano.a(lib_a-errno.o)
                0x000000000800a42c                __errno
 .text.__libc_init_array
                0x000000000800a438       0x48 c:/program files (x86)/stm32cubeide_1.12.1/stm32cubeide/plugins/com.st.stm32cube.ide.mcu.externaltools.gnu-tools-for-stm32.10.3-2021.10.win32_1.0.200.202301161003/tools/bin/../lib/gcc/arm-none-eabi/10.3.1/../../../../arm-none-eabi/lib/thumb/v7e-m+dp/hard\libc_nano.a(lib_a-init.o)
                0x000000000800a438                __libc_init_array
 .text.memcpy   0x000000000800a480       0x1c c:/program files (x86)/stm32cubeide_1.12.1/stm32cubeide/plugins/com.st.stm32cube.ide.mcu.externaltools.gnu-tools-for-stm32.10.3-2021.10.win32_1.0.200.202301161003/tools/bin/../lib/gcc/arm-none-eabi/10.3.1/../../../../arm-none-eabi/lib/thumb/v7e-m+dp/hard\libc_nano.a(lib_a-memcpy-stub.o)
                0x000000000800a480                memcpy
 .text.memset   0x000000000800a49c       0x10 c:/program files (x86)/stm32cubeide_1.12.1/stm32cubeide/plugins/com.st.stm32cube.ide.mcu.externaltools.gnu-tools-for-stm32.10.3-2021.10.win32_1.0.200.202301161003/tools/bin/../lib/gcc/arm-none-eabi/10.3.1/../../../../arm-none-eabi/lib/thumb/v7e-m+dp/hard\libc_nano.a(lib_a-memset.o)
                0x000000000800a49c                memset
 .text.printf   0x000000000800a4ac       0x30 c:/program files (x86)/stm32cubeide_1.12.1/stm32cubeide/plugins/com.st.stm32cube.ide.mcu.externaltools.gnu-tools-for-stm32.10.3-2021.10.win32_1.0.200.202301161003/tools/bin/../lib/gcc/arm-none-eabi/10.3.1/../../../../arm-none-eabi/lib/thumb/v7e-m+dp/hard\libc_nano.a(lib_a-printf.o)
                0x000000000800a4ac                iprintf
                0x000000000800a4ac                printf
 .text._puts_r  0x000000000800a4dc       0xdc c:/program files (x86)/stm32cubeide_1.12.1/stm32cubeide/plugins/com.st.stm32cube.ide.mcu.externaltools.gnu-tools-for-stm32.10.3-2021.10.win32_1.0.200.202301161003/tools/bin/../lib/gcc/arm-none-eabi/10.3.1/../../../../arm-none-eabi/lib/thumb/v7e-m+dp/hard\libc_nano.a(lib_a-puts.o)
                0x000000000800a4dc                _puts_r
 .text.puts     0x000000000800a5b8       0x10 c:/program files (x86)/stm32cubeide_1.12.1/stm32cubeide/plugins/com.st.stm32cube.ide.mcu.externaltools.gnu-tools-for-stm32.10.3-2021.10.win32_1.0.200.202301161003/tools/bin/../lib/gcc/arm-none-eabi/10.3.1/../../../../arm-none-eabi/lib/thumb/v7e-m+dp/hard\libc_nano.a(lib_a-puts.o)
                0x000000000800a5b8                puts
 .text.__swbuf_r
                0x000000000800a5c8       0xa4 c:/program files (x86)/stm32cubeide_1.12.1/stm32cubeide/plugins/com.st.stm32cube.ide.mcu.externaltools.gnu-tools-for-stm32.10.3-2021.10.win32_1.0.200.202301161003/tools/bin/../lib/gcc/arm-none-eabi/10.3.1/../../../../arm-none-eabi/lib/thumb/v7e-m+dp/hard\libc_nano.a(lib_a-wbuf.o)
                0x000000000800a5c8                __swbuf_r
 .text.__swsetup_r
                0x000000000800a66c       0xdc c:/program files (x86)/stm32cubeide_1.12.1/stm32cubeide/plugins/com.st.stm32cube.ide.mcu.externaltools.gnu-tools-for-stm32.10.3-2021.10.win32_1.0.200.202301161003/tools/bin/../lib/gcc/arm-none-eabi/10.3.1/../../../../arm-none-eabi/lib/thumb/v7e-m+dp/hard\libc_nano.a(lib_a-wsetup.o)
                0x000000000800a66c                __swsetup_r
 .text.__sflush_r
                0x000000000800a748      0x10c c:/program files (x86)/stm32cubeide_1.12.1/stm32cubeide/plugins/com.st.stm32cube.ide.mcu.externaltools.gnu-tools-for-stm32.10.3-2021.10.win32_1.0.200.202301161003/tools/bin/../lib/gcc/arm-none-eabi/10.3.1/../../../../arm-none-eabi/lib/thumb/v7e-m+dp/hard\libc_nano.a(lib_a-fflush.o)
                0x000000000800a748                __sflush_r
 .text._fflush_r
                0x000000000800a854       0x78 c:/program files (x86)/stm32cubeide_1.12.1/stm32cubeide/plugins/com.st.stm32cube.ide.mcu.externaltools.gnu-tools-for-stm32.10.3-2021.10.win32_1.0.200.202301161003/tools/bin/../lib/gcc/arm-none-eabi/10.3.1/../../../../arm-none-eabi/lib/thumb/v7e-m+dp/hard\libc_nano.a(lib_a-fflush.o)
                0x000000000800a854                _fflush_r
 .text.std      0x000000000800a8cc       0x48 c:/program files (x86)/stm32cubeide_1.12.1/stm32cubeide/plugins/com.st.stm32cube.ide.mcu.externaltools.gnu-tools-for-stm32.10.3-2021.10.win32_1.0.200.202301161003/tools/bin/../lib/gcc/arm-none-eabi/10.3.1/../../../../arm-none-eabi/lib/thumb/v7e-m+dp/hard\libc_nano.a(lib_a-findfp.o)
 .text._cleanup_r
                0x000000000800a914        0xc c:/program files (x86)/stm32cubeide_1.12.1/stm32cubeide/plugins/com.st.stm32cube.ide.mcu.externaltools.gnu-tools-for-stm32.10.3-2021.10.win32_1.0.200.202301161003/tools/bin/../lib/gcc/arm-none-eabi/10.3.1/../../../../arm-none-eabi/lib/thumb/v7e-m+dp/hard\libc_nano.a(lib_a-findfp.o)
                0x000000000800a914                _cleanup_r
 .text.__sfmoreglue
                0x000000000800a920       0x2c c:/program files (x86)/stm32cubeide_1.12.1/stm32cubeide/plugins/com.st.stm32cube.ide.mcu.externaltools.gnu-tools-for-stm32.10.3-2021.10.win32_1.0.200.202301161003/tools/bin/../lib/gcc/arm-none-eabi/10.3.1/../../../../arm-none-eabi/lib/thumb/v7e-m+dp/hard\libc_nano.a(lib_a-findfp.o)
                0x000000000800a920                __sfmoreglue
 .text.__sfp_lock_acquire
                0x000000000800a94c        0xc c:/program files (x86)/stm32cubeide_1.12.1/stm32cubeide/plugins/com.st.stm32cube.ide.mcu.externaltools.gnu-tools-for-stm32.10.3-2021.10.win32_1.0.200.202301161003/tools/bin/../lib/gcc/arm-none-eabi/10.3.1/../../../../arm-none-eabi/lib/thumb/v7e-m+dp/hard\libc_nano.a(lib_a-findfp.o)
                0x000000000800a94c                __sfp_lock_acquire
 .text.__sfp_lock_release
                0x000000000800a958        0xc c:/program files (x86)/stm32cubeide_1.12.1/stm32cubeide/plugins/com.st.stm32cube.ide.mcu.externaltools.gnu-tools-for-stm32.10.3-2021.10.win32_1.0.200.202301161003/tools/bin/../lib/gcc/arm-none-eabi/10.3.1/../../../../arm-none-eabi/lib/thumb/v7e-m+dp/hard\libc_nano.a(lib_a-findfp.o)
                0x000000000800a958                __sfp_lock_release
 .text.__sinit_lock_acquire
                0x000000000800a964        0xc c:/program files (x86)/stm32cubeide_1.12.1/stm32cubeide/plugins/com.st.stm32cube.ide.mcu.externaltools.gnu-tools-for-stm32.10.3-2021.10.win32_1.0.200.202301161003/tools/bin/../lib/gcc/arm-none-eabi/10.3.1/../../../../arm-none-eabi/lib/thumb/v7e-m+dp/hard\libc_nano.a(lib_a-findfp.o)
                0x000000000800a964                __sinit_lock_acquire
 .text.__sinit_lock_release
                0x000000000800a970        0xc c:/program files (x86)/stm32cubeide_1.12.1/stm32cubeide/plugins/com.st.stm32cube.ide.mcu.externaltools.gnu-tools-for-stm32.10.3-2021.10.win32_1.0.200.202301161003/tools/bin/../lib/gcc/arm-none-eabi/10.3.1/../../../../arm-none-eabi/lib/thumb/v7e-m+dp/hard\libc_nano.a(lib_a-findfp.o)
                0x000000000800a970                __sinit_lock_release
 .text.__sinit  0x000000000800a97c       0x70 c:/program files (x86)/stm32cubeide_1.12.1/stm32cubeide/plugins/com.st.stm32cube.ide.mcu.externaltools.gnu-tools-for-stm32.10.3-2021.10.win32_1.0.200.202301161003/tools/bin/../lib/gcc/arm-none-eabi/10.3.1/../../../../arm-none-eabi/lib/thumb/v7e-m+dp/hard\libc_nano.a(lib_a-findfp.o)
                0x000000000800a97c                __sinit
 .text.__sfp    0x000000000800a9ec       0x8c c:/program files (x86)/stm32cubeide_1.12.1/stm32cubeide/plugins/com.st.stm32cube.ide.mcu.externaltools.gnu-tools-for-stm32.10.3-2021.10.win32_1.0.200.202301161003/tools/bin/../lib/gcc/arm-none-eabi/10.3.1/../../../../arm-none-eabi/lib/thumb/v7e-m+dp/hard\libc_nano.a(lib_a-findfp.o)
                0x000000000800a9ec                __sfp
 .text._fwalk_reent
                0x000000000800aa78       0x3e c:/program files (x86)/stm32cubeide_1.12.1/stm32cubeide/plugins/com.st.stm32cube.ide.mcu.externaltools.gnu-tools-for-stm32.10.3-2021.10.win32_1.0.200.202301161003/tools/bin/../lib/gcc/arm-none-eabi/10.3.1/../../../../arm-none-eabi/lib/thumb/v7e-m+dp/hard\libc_nano.a(lib_a-fwalk.o)
                0x000000000800aa78                _fwalk_reent
 .text.__retarget_lock_init_recursive
                0x000000000800aab6        0x2 c:/program files (x86)/stm32cubeide_1.12.1/stm32cubeide/plugins/com.st.stm32cube.ide.mcu.externaltools.gnu-tools-for-stm32.10.3-2021.10.win32_1.0.200.202301161003/tools/bin/../lib/gcc/arm-none-eabi/10.3.1/../../../../arm-none-eabi/lib/thumb/v7e-m+dp/hard\libc_nano.a(lib_a-lock.o)
                0x000000000800aab6                __retarget_lock_init_recursive
 .text.__retarget_lock_acquire_recursive
                0x000000000800aab8        0x2 c:/program files (x86)/stm32cubeide_1.12.1/stm32cubeide/plugins/com.st.stm32cube.ide.mcu.externaltools.gnu-tools-for-stm32.10.3-2021.10.win32_1.0.200.202301161003/tools/bin/../lib/gcc/arm-none-eabi/10.3.1/../../../../arm-none-eabi/lib/thumb/v7e-m+dp/hard\libc_nano.a(lib_a-lock.o)
                0x000000000800aab8                __retarget_lock_acquire_recursive
 .text.__retarget_lock_release_recursive
                0x000000000800aaba        0x2 c:/program files (x86)/stm32cubeide_1.12.1/stm32cubeide/plugins/com.st.stm32cube.ide.mcu.externaltools.gnu-tools-for-stm32.10.3-2021.10.win32_1.0.200.202301161003/tools/bin/../lib/gcc/arm-none-eabi/10.3.1/../../../../arm-none-eabi/lib/thumb/v7e-m+dp/hard\libc_nano.a(lib_a-lock.o)
                0x000000000800aaba                __retarget_lock_release_recursive
 .text.__swhatbuf_r
                0x000000000800aabc       0x4a c:/program files (x86)/stm32cubeide_1.12.1/stm32cubeide/plugins/com.st.stm32cube.ide.mcu.externaltools.gnu-tools-for-stm32.10.3-2021.10.win32_1.0.200.202301161003/tools/bin/../lib/gcc/arm-none-eabi/10.3.1/../../../../arm-none-eabi/lib/thumb/v7e-m+dp/hard\libc_nano.a(lib_a-makebuf.o)
                0x000000000800aabc                __swhatbuf_r
 *fill*         0x000000000800ab06        0x2 
 .text.__smakebuf_r
                0x000000000800ab08       0x80 c:/program files (x86)/stm32cubeide_1.12.1/stm32cubeide/plugins/com.st.stm32cube.ide.mcu.externaltools.gnu-tools-for-stm32.10.3-2021.10.win32_1.0.200.202301161003/tools/bin/../lib/gcc/arm-none-eabi/10.3.1/../../../../arm-none-eabi/lib/thumb/v7e-m+dp/hard\libc_nano.a(lib_a-makebuf.o)
                0x000000000800ab08                __smakebuf_r
 .text._free_r  0x000000000800ab88       0x98 c:/program files (x86)/stm32cubeide_1.12.1/stm32cubeide/plugins/com.st.stm32cube.ide.mcu.externaltools.gnu-tools-for-stm32.10.3-2021.10.win32_1.0.200.202301161003/tools/bin/../lib/gcc/arm-none-eabi/10.3.1/../../../../arm-none-eabi/lib/thumb/v7e-m+dp/hard\libc_nano.a(lib_a-nano-freer.o)
                0x000000000800ab88                _free_r
 .text.sbrk_aligned
                0x000000000800ac20       0x40 c:/program files (x86)/stm32cubeide_1.12.1/stm32cubeide/plugins/com.st.stm32cube.ide.mcu.externaltools.gnu-tools-for-stm32.10.3-2021.10.win32_1.0.200.202301161003/tools/bin/../lib/gcc/arm-none-eabi/10.3.1/../../../../arm-none-eabi/lib/thumb/v7e-m+dp/hard\libc_nano.a(lib_a-nano-mallocr.o)
 .text._malloc_r
                0x000000000800ac60       0xe8 c:/program files (x86)/stm32cubeide_1.12.1/stm32cubeide/plugins/com.st.stm32cube.ide.mcu.externaltools.gnu-tools-for-stm32.10.3-2021.10.win32_1.0.200.202301161003/tools/bin/../lib/gcc/arm-none-eabi/10.3.1/../../../../arm-none-eabi/lib/thumb/v7e-m+dp/hard\libc_nano.a(lib_a-nano-mallocr.o)
                0x000000000800ac60                _malloc_r
 .text.__sfputc_r
                0x000000000800ad48       0x2e c:/program files (x86)/stm32cubeide_1.12.1/stm32cubeide/plugins/com.st.stm32cube.ide.mcu.externaltools.gnu-tools-for-stm32.10.3-2021.10.win32_1.0.200.202301161003/tools/bin/../lib/gcc/arm-none-eabi/10.3.1/../../../../arm-none-eabi/lib/thumb/v7e-m+dp/hard\libc_nano.a(lib_a-nano-vfprintf.o)
 .text.__sfputs_r
                0x000000000800ad76       0x24 c:/program files (x86)/stm32cubeide_1.12.1/stm32cubeide/plugins/com.st.stm32cube.ide.mcu.externaltools.gnu-tools-for-stm32.10.3-2021.10.win32_1.0.200.202301161003/tools/bin/../lib/gcc/arm-none-eabi/10.3.1/../../../../arm-none-eabi/lib/thumb/v7e-m+dp/hard\libc_nano.a(lib_a-nano-vfprintf.o)
                0x000000000800ad76                __sfputs_r
 *fill*         0x000000000800ad9a        0x2 
 .text._vfprintf_r
                0x000000000800ad9c      0x260 c:/program files (x86)/stm32cubeide_1.12.1/stm32cubeide/plugins/com.st.stm32cube.ide.mcu.externaltools.gnu-tools-for-stm32.10.3-2021.10.win32_1.0.200.202301161003/tools/bin/../lib/gcc/arm-none-eabi/10.3.1/../../../../arm-none-eabi/lib/thumb/v7e-m+dp/hard\libc_nano.a(lib_a-nano-vfprintf.o)
                0x000000000800ad9c                _vfprintf_r
                0x000000000800ad9c                _vfiprintf_r
 .text._printf_common
                0x000000000800affc       0xda c:/program files (x86)/stm32cubeide_1.12.1/stm32cubeide/plugins/com.st.stm32cube.ide.mcu.externaltools.gnu-tools-for-stm32.10.3-2021.10.win32_1.0.200.202301161003/tools/bin/../lib/gcc/arm-none-eabi/10.3.1/../../../../arm-none-eabi/lib/thumb/v7e-m+dp/hard\libc_nano.a(lib_a-nano-vfprintf_i.o)
                0x000000000800affc                _printf_common
 *fill*         0x000000000800b0d6        0x2 
 .text._printf_i
                0x000000000800b0d8      0x24c c:/program files (x86)/stm32cubeide_1.12.1/stm32cubeide/plugins/com.st.stm32cube.ide.mcu.externaltools.gnu-tools-for-stm32.10.3-2021.10.win32_1.0.200.202301161003/tools/bin/../lib/gcc/arm-none-eabi/10.3.1/../../../../arm-none-eabi/lib/thumb/v7e-m+dp/hard\libc_nano.a(lib_a-nano-vfprintf_i.o)
                0x000000000800b0d8                _printf_i
 .text._sbrk_r  0x000000000800b324       0x20 c:/program files (x86)/stm32cubeide_1.12.1/stm32cubeide/plugins/com.st.stm32cube.ide.mcu.externaltools.gnu-tools-for-stm32.10.3-2021.10.win32_1.0.200.202301161003/tools/bin/../lib/gcc/arm-none-eabi/10.3.1/../../../../arm-none-eabi/lib/thumb/v7e-m+dp/hard\libc_nano.a(lib_a-sbrkr.o)
                0x000000000800b324                _sbrk_r
 .text.__sread  0x000000000800b344       0x22 c:/program files (x86)/stm32cubeide_1.12.1/stm32cubeide/plugins/com.st.stm32cube.ide.mcu.externaltools.gnu-tools-for-stm32.10.3-2021.10.win32_1.0.200.202301161003/tools/bin/../lib/gcc/arm-none-eabi/10.3.1/../../../../arm-none-eabi/lib/thumb/v7e-m+dp/hard\libc_nano.a(lib_a-stdio.o)
                0x000000000800b344                __sread
 .text.__swrite
                0x000000000800b366       0x38 c:/program files (x86)/stm32cubeide_1.12.1/stm32cubeide/plugins/com.st.stm32cube.ide.mcu.externaltools.gnu-tools-for-stm32.10.3-2021.10.win32_1.0.200.202301161003/tools/bin/../lib/gcc/arm-none-eabi/10.3.1/../../../../arm-none-eabi/lib/thumb/v7e-m+dp/hard\libc_nano.a(lib_a-stdio.o)
                0x000000000800b366                __swrite
 .text.__sseek  0x000000000800b39e       0x24 c:/program files (x86)/stm32cubeide_1.12.1/stm32cubeide/plugins/com.st.stm32cube.ide.mcu.externaltools.gnu-tools-for-stm32.10.3-2021.10.win32_1.0.200.202301161003/tools/bin/../lib/gcc/arm-none-eabi/10.3.1/../../../../arm-none-eabi/lib/thumb/v7e-m+dp/hard\libc_nano.a(lib_a-stdio.o)
                0x000000000800b39e                __sseek
 .text.__sclose
                0x000000000800b3c2        0x8 c:/program files (x86)/stm32cubeide_1.12.1/stm32cubeide/plugins/com.st.stm32cube.ide.mcu.externaltools.gnu-tools-for-stm32.10.3-2021.10.win32_1.0.200.202301161003/tools/bin/../lib/gcc/arm-none-eabi/10.3.1/../../../../arm-none-eabi/lib/thumb/v7e-m+dp/hard\libc_nano.a(lib_a-stdio.o)
                0x000000000800b3c2                __sclose
 *fill*         0x000000000800b3ca        0x2 
 .text._write_r
                0x000000000800b3cc       0x24 c:/program files (x86)/stm32cubeide_1.12.1/stm32cubeide/plugins/com.st.stm32cube.ide.mcu.externaltools.gnu-tools-for-stm32.10.3-2021.10.win32_1.0.200.202301161003/tools/bin/../lib/gcc/arm-none-eabi/10.3.1/../../../../arm-none-eabi/lib/thumb/v7e-m+dp/hard\libc_nano.a(lib_a-writer.o)
                0x000000000800b3cc                _write_r
 .text._close_r
                0x000000000800b3f0       0x20 c:/program files (x86)/stm32cubeide_1.12.1/stm32cubeide/plugins/com.st.stm32cube.ide.mcu.externaltools.gnu-tools-for-stm32.10.3-2021.10.win32_1.0.200.202301161003/tools/bin/../lib/gcc/arm-none-eabi/10.3.1/../../../../arm-none-eabi/lib/thumb/v7e-m+dp/hard\libc_nano.a(lib_a-closer.o)
                0x000000000800b3f0                _close_r
 .text._fstat_r
                0x000000000800b410       0x24 c:/program files (x86)/stm32cubeide_1.12.1/stm32cubeide/plugins/com.st.stm32cube.ide.mcu.externaltools.gnu-tools-for-stm32.10.3-2021.10.win32_1.0.200.202301161003/tools/bin/../lib/gcc/arm-none-eabi/10.3.1/../../../../arm-none-eabi/lib/thumb/v7e-m+dp/hard\libc_nano.a(lib_a-fstatr.o)
                0x000000000800b410                _fstat_r
 .text._isatty_r
                0x000000000800b434       0x20 c:/program files (x86)/stm32cubeide_1.12.1/stm32cubeide/plugins/com.st.stm32cube.ide.mcu.externaltools.gnu-tools-for-stm32.10.3-2021.10.win32_1.0.200.202301161003/tools/bin/../lib/gcc/arm-none-eabi/10.3.1/../../../../arm-none-eabi/lib/thumb/v7e-m+dp/hard\libc_nano.a(lib_a-isattyr.o)
                0x000000000800b434                _isatty_r
 .text._lseek_r
                0x000000000800b454       0x24 c:/program files (x86)/stm32cubeide_1.12.1/stm32cubeide/plugins/com.st.stm32cube.ide.mcu.externaltools.gnu-tools-for-stm32.10.3-2021.10.win32_1.0.200.202301161003/tools/bin/../lib/gcc/arm-none-eabi/10.3.1/../../../../arm-none-eabi/lib/thumb/v7e-m+dp/hard\libc_nano.a(lib_a-lseekr.o)
                0x000000000800b454                _lseek_r
 .text.__malloc_lock
                0x000000000800b478        0xc c:/program files (x86)/stm32cubeide_1.12.1/stm32cubeide/plugins/com.st.stm32cube.ide.mcu.externaltools.gnu-tools-for-stm32.10.3-2021.10.win32_1.0.200.202301161003/tools/bin/../lib/gcc/arm-none-eabi/10.3.1/../../../../arm-none-eabi/lib/thumb/v7e-m+dp/hard\libc_nano.a(lib_a-mlock.o)
                0x000000000800b478                __malloc_lock
 .text.__malloc_unlock
                0x000000000800b484        0xc c:/program files (x86)/stm32cubeide_1.12.1/stm32cubeide/plugins/com.st.stm32cube.ide.mcu.externaltools.gnu-tools-for-stm32.10.3-2021.10.win32_1.0.200.202301161003/tools/bin/../lib/gcc/arm-none-eabi/10.3.1/../../../../arm-none-eabi/lib/thumb/v7e-m+dp/hard\libc_nano.a(lib_a-mlock.o)
                0x000000000800b484                __malloc_unlock
 .text._read_r  0x000000000800b490       0x24 c:/program files (x86)/stm32cubeide_1.12.1/stm32cubeide/plugins/com.st.stm32cube.ide.mcu.externaltools.gnu-tools-for-stm32.10.3-2021.10.win32_1.0.200.202301161003/tools/bin/../lib/gcc/arm-none-eabi/10.3.1/../../../../arm-none-eabi/lib/thumb/v7e-m+dp/hard\libc_nano.a(lib_a-readr.o)
                0x000000000800b490                _read_r
 *(.glue_7)
 .glue_7        0x000000000800b4b4        0x0 linker stubs
 *(.glue_7t)
 .glue_7t       0x000000000800b4b4        0x0 linker stubs
 *(.eh_frame)
 .eh_frame      0x000000000800b4b4        0x0 c:/program files (x86)/stm32cubeide_1.12.1/stm32cubeide/plugins/com.st.stm32cube.ide.mcu.externaltools.gnu-tools-for-stm32.10.3-2021.10.win32_1.0.200.202301161003/tools/bin/../lib/gcc/arm-none-eabi/10.3.1/thumb/v7e-m+dp/hard/crtbegin.o
 *(.init)
 .init          0x000000000800b4b4        0x4 c:/program files (x86)/stm32cubeide_1.12.1/stm32cubeide/plugins/com.st.stm32cube.ide.mcu.externaltools.gnu-tools-for-stm32.10.3-2021.10.win32_1.0.200.202301161003/tools/bin/../lib/gcc/arm-none-eabi/10.3.1/thumb/v7e-m+dp/hard/crti.o
                0x000000000800b4b4                _init
 .init          0x000000000800b4b8        0x8 c:/program files (x86)/stm32cubeide_1.12.1/stm32cubeide/plugins/com.st.stm32cube.ide.mcu.externaltools.gnu-tools-for-stm32.10.3-2021.10.win32_1.0.200.202301161003/tools/bin/../lib/gcc/arm-none-eabi/10.3.1/thumb/v7e-m+dp/hard/crtn.o
 *(.fini)
 .fini          0x000000000800b4c0        0x4 c:/program files (x86)/stm32cubeide_1.12.1/stm32cubeide/plugins/com.st.stm32cube.ide.mcu.externaltools.gnu-tools-for-stm32.10.3-2021.10.win32_1.0.200.202301161003/tools/bin/../lib/gcc/arm-none-eabi/10.3.1/thumb/v7e-m+dp/hard/crti.o
                0x000000000800b4c0                _fini
 .fini          0x000000000800b4c4        0x8 c:/program files (x86)/stm32cubeide_1.12.1/stm32cubeide/plugins/com.st.stm32cube.ide.mcu.externaltools.gnu-tools-for-stm32.10.3-2021.10.win32_1.0.200.202301161003/tools/bin/../lib/gcc/arm-none-eabi/10.3.1/thumb/v7e-m+dp/hard/crtn.o
                0x000000000800b4cc                . = ALIGN (0x4)
                0x000000000800b4cc                _etext = .

.vfp11_veneer   0x000000000800b4cc        0x0
 .vfp11_veneer  0x000000000800b4cc        0x0 linker stubs

.v4_bx          0x000000000800b4cc        0x0
 .v4_bx         0x000000000800b4cc        0x0 linker stubs

.iplt           0x000000000800b4cc        0x0
 .iplt          0x000000000800b4cc        0x0 c:/program files (x86)/stm32cubeide_1.12.1/stm32cubeide/plugins/com.st.stm32cube.ide.mcu.externaltools.gnu-tools-for-stm32.10.3-2021.10.win32_1.0.200.202301161003/tools/bin/../lib/gcc/arm-none-eabi/10.3.1/thumb/v7e-m+dp/hard/crtbegin.o

.rodata         0x000000000800b4cc      0x2cc
                0x000000000800b4cc                . = ALIGN (0x4)
 *(.rodata)
 .rodata        0x000000000800b4cc       0xf6 ./CANLib/CAN_Main/CAN_Main.o
 *fill*         0x000000000800b5c2        0x2 
 .rodata        0x000000000800b5c4       0x97 ./Core/Src/main.o
 *fill*         0x000000000800b65b        0x1 
 .rodata        0x000000000800b65c        0x5 ./Middlewares/Third_Party/FreeRTOS/Source/tasks.o
 *fill*         0x000000000800b661        0x3 
 .rodata        0x000000000800b664        0xd ./Middlewares/Third_Party/FreeRTOS/Source/timers.o
 *(.rodata*)
 *fill*         0x000000000800b671        0x3 
 .rodata.defaultTask_attributes
                0x000000000800b674       0x24 ./Core/Src/main.o
                0x000000000800b674                defaultTask_attributes
 .rodata.systemCheckTask_attributes
                0x000000000800b698       0x24 ./Core/Src/main.o
                0x000000000800b698                systemCheckTask_attributes
 .rodata.ControllerTask_attributes
                0x000000000800b6bc       0x24 ./Core/Src/main.o
                0x000000000800b6bc                ControllerTask_attributes
 .rodata.AHBPrescTable
                0x000000000800b6e0       0x10 ./Core/Src/system_stm32f7xx.o
                0x000000000800b6e0                AHBPrescTable
 .rodata.APBPrescTable
                0x000000000800b6f0        0x8 ./Core/Src/system_stm32f7xx.o
                0x000000000800b6f0                APBPrescTable
 .rodata.flagBitshiftOffset.0
                0x000000000800b6f8        0x8 ./Drivers/STM32F7xx_HAL_Driver/Src/stm32f7xx_hal_dma.o
 .rodata._global_impure_ptr
                0x000000000800b700        0x4 c:/program files (x86)/stm32cubeide_1.12.1/stm32cubeide/plugins/com.st.stm32cube.ide.mcu.externaltools.gnu-tools-for-stm32.10.3-2021.10.win32_1.0.200.202301161003/tools/bin/../lib/gcc/arm-none-eabi/10.3.1/../../../../arm-none-eabi/lib/thumb/v7e-m+dp/hard\libc_nano.a(lib_a-impure.o)
                0x000000000800b700                _global_impure_ptr
 .rodata.__sf_fake_stderr
                0x000000000800b704       0x20 c:/program files (x86)/stm32cubeide_1.12.1/stm32cubeide/plugins/com.st.stm32cube.ide.mcu.externaltools.gnu-tools-for-stm32.10.3-2021.10.win32_1.0.200.202301161003/tools/bin/../lib/gcc/arm-none-eabi/10.3.1/../../../../arm-none-eabi/lib/thumb/v7e-m+dp/hard\libc_nano.a(lib_a-findfp.o)
                0x000000000800b704                __sf_fake_stderr
 .rodata.__sf_fake_stdin
                0x000000000800b724       0x20 c:/program files (x86)/stm32cubeide_1.12.1/stm32cubeide/plugins/com.st.stm32cube.ide.mcu.externaltools.gnu-tools-for-stm32.10.3-2021.10.win32_1.0.200.202301161003/tools/bin/../lib/gcc/arm-none-eabi/10.3.1/../../../../arm-none-eabi/lib/thumb/v7e-m+dp/hard\libc_nano.a(lib_a-findfp.o)
                0x000000000800b724                __sf_fake_stdin
 .rodata.__sf_fake_stdout
                0x000000000800b744       0x20 c:/program files (x86)/stm32cubeide_1.12.1/stm32cubeide/plugins/com.st.stm32cube.ide.mcu.externaltools.gnu-tools-for-stm32.10.3-2021.10.win32_1.0.200.202301161003/tools/bin/../lib/gcc/arm-none-eabi/10.3.1/../../../../arm-none-eabi/lib/thumb/v7e-m+dp/hard\libc_nano.a(lib_a-findfp.o)
                0x000000000800b744                __sf_fake_stdout
 .rodata._vfprintf_r.str1.1
                0x000000000800b764       0x11 c:/program files (x86)/stm32cubeide_1.12.1/stm32cubeide/plugins/com.st.stm32cube.ide.mcu.externaltools.gnu-tools-for-stm32.10.3-2021.10.win32_1.0.200.202301161003/tools/bin/../lib/gcc/arm-none-eabi/10.3.1/../../../../arm-none-eabi/lib/thumb/v7e-m+dp/hard\libc_nano.a(lib_a-nano-vfprintf.o)
 .rodata._printf_i.str1.1
                0x000000000800b775       0x22 c:/program files (x86)/stm32cubeide_1.12.1/stm32cubeide/plugins/com.st.stm32cube.ide.mcu.externaltools.gnu-tools-for-stm32.10.3-2021.10.win32_1.0.200.202301161003/tools/bin/../lib/gcc/arm-none-eabi/10.3.1/../../../../arm-none-eabi/lib/thumb/v7e-m+dp/hard\libc_nano.a(lib_a-nano-vfprintf_i.o)
                0x000000000800b798                . = ALIGN (0x4)
 *fill*         0x000000000800b797        0x1 

.ARM.extab      0x000000000800b798        0x0
                0x000000000800b798                . = ALIGN (0x4)
 *(.ARM.extab* .gnu.linkonce.armextab.*)
                0x000000000800b798                . = ALIGN (0x4)

.ARM            0x000000000800b798        0x8
                0x000000000800b798                . = ALIGN (0x4)
                0x000000000800b798                __exidx_start = .
 *(.ARM.exidx*)
 .ARM.exidx     0x000000000800b798        0x8 c:/program files (x86)/stm32cubeide_1.12.1/stm32cubeide/plugins/com.st.stm32cube.ide.mcu.externaltools.gnu-tools-for-stm32.10.3-2021.10.win32_1.0.200.202301161003/tools/bin/../lib/gcc/arm-none-eabi/10.3.1/thumb/v7e-m+dp/hard\libgcc.a(_udivmoddi4.o)
                0x000000000800b7a0                __exidx_end = .
                0x000000000800b7a0                . = ALIGN (0x4)

.rel.dyn        0x000000000800b7a0        0x0
 .rel.iplt      0x000000000800b7a0        0x0 c:/program files (x86)/stm32cubeide_1.12.1/stm32cubeide/plugins/com.st.stm32cube.ide.mcu.externaltools.gnu-tools-for-stm32.10.3-2021.10.win32_1.0.200.202301161003/tools/bin/../lib/gcc/arm-none-eabi/10.3.1/thumb/v7e-m+dp/hard/crtbegin.o

.preinit_array  0x000000000800b7a0        0x0
                0x000000000800b7a0                . = ALIGN (0x4)
                0x000000000800b7a0                PROVIDE (__preinit_array_start = .)
 *(.preinit_array*)
                0x000000000800b7a0                PROVIDE (__preinit_array_end = .)
                0x000000000800b7a0                . = ALIGN (0x4)

.init_array     0x000000000800b7a0        0x4
                0x000000000800b7a0                . = ALIGN (0x4)
                0x000000000800b7a0                PROVIDE (__init_array_start = .)
 *(SORT_BY_NAME(.init_array.*))
 *(.init_array*)
 .init_array    0x000000000800b7a0        0x4 c:/program files (x86)/stm32cubeide_1.12.1/stm32cubeide/plugins/com.st.stm32cube.ide.mcu.externaltools.gnu-tools-for-stm32.10.3-2021.10.win32_1.0.200.202301161003/tools/bin/../lib/gcc/arm-none-eabi/10.3.1/thumb/v7e-m+dp/hard/crtbegin.o
                0x000000000800b7a4                PROVIDE (__init_array_end = .)
                0x000000000800b7a4                . = ALIGN (0x4)

.fini_array     0x000000000800b7a4        0x4
                0x000000000800b7a4                . = ALIGN (0x4)
                [!provide]                        PROVIDE (__fini_array_start = .)
 *(SORT_BY_NAME(.fini_array.*))
 *(.fini_array*)
 .fini_array    0x000000000800b7a4        0x4 c:/program files (x86)/stm32cubeide_1.12.1/stm32cubeide/plugins/com.st.stm32cube.ide.mcu.externaltools.gnu-tools-for-stm32.10.3-2021.10.win32_1.0.200.202301161003/tools/bin/../lib/gcc/arm-none-eabi/10.3.1/thumb/v7e-m+dp/hard/crtbegin.o
                [!provide]                        PROVIDE (__fini_array_end = .)
                0x000000000800b7a8                . = ALIGN (0x4)
                0x000000000800b7a8                _sidata = LOADADDR (.data)

.data           0x0000000020000000       0x74 load address 0x000000000800b7a8
                0x0000000020000000                . = ALIGN (0x4)
                0x0000000020000000                _sdata = .
 *(.data)
 *(.data*)
 .data.SystemCoreClock
                0x0000000020000000        0x4 ./Core/Src/system_stm32f7xx.o
                0x0000000020000000                SystemCoreClock
 .data.uwTickPrio
                0x0000000020000004        0x4 ./Drivers/STM32F7xx_HAL_Driver/Src/stm32f7xx_hal.o
                0x0000000020000004                uwTickPrio
 .data.uwTickFreq
                0x0000000020000008        0x1 ./Drivers/STM32F7xx_HAL_Driver/Src/stm32f7xx_hal.o
                0x0000000020000008                uwTickFreq
 *fill*         0x0000000020000009        0x3 
 .data.uxCriticalNesting
                0x000000002000000c        0x4 ./Middlewares/Third_Party/FreeRTOS/Source/portable/GCC/ARM_CM7/r0p1/port.o
 .data._impure_ptr
                0x0000000020000010        0x4 c:/program files (x86)/stm32cubeide_1.12.1/stm32cubeide/plugins/com.st.stm32cube.ide.mcu.externaltools.gnu-tools-for-stm32.10.3-2021.10.win32_1.0.200.202301161003/tools/bin/../lib/gcc/arm-none-eabi/10.3.1/../../../../arm-none-eabi/lib/thumb/v7e-m+dp/hard\libc_nano.a(lib_a-impure.o)
                0x0000000020000010                _impure_ptr
 .data.impure_data
                0x0000000020000014       0x60 c:/program files (x86)/stm32cubeide_1.12.1/stm32cubeide/plugins/com.st.stm32cube.ide.mcu.externaltools.gnu-tools-for-stm32.10.3-2021.10.win32_1.0.200.202301161003/tools/bin/../lib/gcc/arm-none-eabi/10.3.1/../../../../arm-none-eabi/lib/thumb/v7e-m+dp/hard\libc_nano.a(lib_a-impure.o)
 *(.RamFunc)
 *(.RamFunc*)
                0x0000000020000074                . = ALIGN (0x4)
                0x0000000020000074                _edata = .

.igot.plt       0x0000000020000074        0x0 load address 0x000000000800b81c
 .igot.plt      0x0000000020000074        0x0 c:/program files (x86)/stm32cubeide_1.12.1/stm32cubeide/plugins/com.st.stm32cube.ide.mcu.externaltools.gnu-tools-for-stm32.10.3-2021.10.win32_1.0.200.202301161003/tools/bin/../lib/gcc/arm-none-eabi/10.3.1/thumb/v7e-m+dp/hard/crtbegin.o

.RxDecripSection
                0x0000000020000074       0xa0 load address 0x000000000800b81c
 .RxDecripSection
                0x0000000020000074       0xa0 ./Core/Src/main.o
                0x0000000020000074                DMARxDscrTab

.TxDecripSection
                0x0000000020000114       0xa0 load address 0x000000000800b8bc
 .TxDecripSection
                0x0000000020000114       0xa0 ./Core/Src/main.o
                0x0000000020000114                DMATxDscrTab
                0x00000000200001b4                . = ALIGN (0x4)

.bss            0x00000000200001b4     0x8d20 load address 0x000000000800b95c
                0x00000000200001b4                _sbss = .
                0x00000000200001b4                __bss_start__ = _sbss
 *(.bss)
 .bss           0x00000000200001b4       0x1c c:/program files (x86)/stm32cubeide_1.12.1/stm32cubeide/plugins/com.st.stm32cube.ide.mcu.externaltools.gnu-tools-for-stm32.10.3-2021.10.win32_1.0.200.202301161003/tools/bin/../lib/gcc/arm-none-eabi/10.3.1/thumb/v7e-m+dp/hard/crtbegin.o
 *(.bss*)
 .bss.phcan     0x00000000200001d0        0x4 ./CANLib/CAN_Main/CAN_Main.o
                0x00000000200001d0                phcan
 .bss.all_node_detected
                0x00000000200001d4        0x1 ./CANLib/CAN_Main/CAN_Main.o
                0x00000000200001d4                all_node_detected
 *fill*         0x00000000200001d5        0x3 
 .bss.num_detected
                0x00000000200001d8        0x9 ./CANLib/CAN_Main/CAN_Main.o
                0x00000000200001d8                num_detected
 *fill*         0x00000000200001e1        0x3 
 .bss.node_id_list
                0x00000000200001e4       0x3f ./CANLib/CAN_Main/CAN_Main.o
                0x00000000200001e4                node_id_list
 *fill*         0x0000000020000223        0x1 
 .bss._feedback_table_mcmd1
                0x0000000020000224       0xa0 ./CANLib/CAN_Main/CAN_Main.o
                0x0000000020000224                _feedback_table_mcmd1
 .bss._feedback_table_mcmd2
                0x00000000200002c4       0xa0 ./CANLib/CAN_Main/CAN_Main.o
                0x00000000200002c4                _feedback_table_mcmd2
 .bss._feedback_table_mcmd3
                0x0000000020000364       0xa0 ./CANLib/CAN_Main/CAN_Main.o
                0x0000000020000364                _feedback_table_mcmd3
 .bss._feedback_table_mcmd4
                0x0000000020000404       0xa0 ./CANLib/CAN_Main/CAN_Main.o
                0x0000000020000404                _feedback_table_mcmd4
 .bss.buffer    0x00000000200004a4     0x2000 ./CANLib/CAN_Main/CAN_Main.o
                0x00000000200004a4                buffer
 .bss.readpoint
                0x00000000200024a4        0x4 ./CANLib/CAN_Main/CAN_Main.o
                0x00000000200024a4                readpoint
 .bss.writepoint
                0x00000000200024a8        0x4 ./CANLib/CAN_Main/CAN_Main.o
                0x00000000200024a8                writepoint
 .bss.isfull    0x00000000200024ac        0x1 ./CANLib/CAN_Main/CAN_Main.o
                0x00000000200024ac                isfull
 *fill*         0x00000000200024ad        0x3 
 .bss.TxConfig  0x00000000200024b0       0x38 ./Core/Src/main.o
                0x00000000200024b0                TxConfig
 .bss.hcan1     0x00000000200024e8       0x28 ./Core/Src/main.o
                0x00000000200024e8                hcan1
 .bss.heth      0x0000000020002510       0xb0 ./Core/Src/main.o
                0x0000000020002510                heth
 .bss.huart3    0x00000000200025c0       0x88 ./Core/Src/main.o
                0x00000000200025c0                huart3
 .bss.hdma_usart3_tx
                0x0000000020002648       0x60 ./Core/Src/main.o
                0x0000000020002648                hdma_usart3_tx
 .bss.hpcd_USB_OTG_FS
                0x00000000200026a8      0x508 ./Core/Src/main.o
                0x00000000200026a8                hpcd_USB_OTG_FS
 .bss.defaultTaskHandle
                0x0000000020002bb0        0x4 ./Core/Src/main.o
                0x0000000020002bb0                defaultTaskHandle
 .bss.defaultTaskBuffer
                0x0000000020002bb4      0x800 ./Core/Src/main.o
                0x0000000020002bb4                defaultTaskBuffer
 .bss.defaultTaskControlBlock
                0x00000000200033b4       0x5c ./Core/Src/main.o
                0x00000000200033b4                defaultTaskControlBlock
 .bss.systemCheckTaskHandle
                0x0000000020003410        0x4 ./Core/Src/main.o
                0x0000000020003410                systemCheckTaskHandle
 .bss.systemCheckTaskBuffer
                0x0000000020003414      0x800 ./Core/Src/main.o
                0x0000000020003414                systemCheckTaskBuffer
 .bss.systemCheckTaskControlBlock
                0x0000000020003c14       0x5c ./Core/Src/main.o