../Core/Src/main.c:127:1:__io_putchar	16	static
../Core/Src/main.c:132:6:HAL_CAN_TxMailbox0CompleteCallback	16	static
../Core/Src/main.c:136:6:HAL_CAN_TxMailbox0AbortCallback	16	static
../Core/Src/main.c:140:6:HAL_CAN_TxMailbox1CompleteCallback	16	static
../Core/Src/main.c:144:6:HAL_CAN_TxMailbox1AbortCallback	16	static
../Core/Src/main.c:148:6:HAL_CAN_TxMailbox2CompleteCallback	16	static
../Core/Src/main.c:152:6:HAL_CAN_TxMailbox2AbortCallback	16	static
../Core/Src/main.c:156:6:HAL_CAN_RxFifo0MsgPendingCallback	16	static
../Core/Src/main.c:160:6:canSetting	8	static
../Core/Src/main.c:177:6:mcmdSetting	4	static
../Core/Src/main.c:205:6:activateMcmdControll	8	static
../Core/Src/main.c:218:6:servoSetting	4	static
../Core/Src/main.c:232:6:airSetting	4	static
../Core/Src/main.c:242:5:main	8	static
../Core/Src/main.c:337:6:SystemClock_Config	88	static
../Core/Src/main.c:395:13:MX_CAN1_Init	8	static
../Core/Src/main.c:432:13:MX_USART3_UART_Init	8	static
../Core/Src/main.c:467:13:MX_USB_OTG_FS_PCD_Init	8	static
../Core/Src/main.c:500:13:MX_DMA_Init	16	static
../Core/Src/main.c:518:13:MX_GPIO_Init	56	static
../Core/Src/main.c:578:6:controllerDefault	16	static
../Core/Src/main.c:589:6:StartDefaultTask	16	static
../Core/Src/main.c:609:6:freeRTOSChecker	8	static
../Core/Src/main.c:614:6:mcmdChecker	24	static
../Core/Src/main.c:619:6:servoChecker	8	static
../Core/Src/main.c:625:6:airChecker	16	static
../Core/Src/main.c:638:6:StartSystemCheckTask	16	static
../Core/Src/main.c:661:6:StartControllerTask	16	static
../Core/Src/main.c:677:6:HAL_TIM_PeriodElapsedCallback	16	static
../Core/Src/main.c:694:6:Error_Handler	4	static,ignoring_inline_asm
