../Core/Src/main.c:141:1:__io_putchar	16	static
../Core/Src/main.c:146:6:HAL_CAN_TxMailbox0CompleteCallback	16	static
../Core/Src/main.c:150:6:HAL_CAN_TxMailbox0AbortCallback	16	static
../Core/Src/main.c:154:6:HAL_CAN_TxMailbox1CompleteCallback	16	static
../Core/Src/main.c:158:6:HAL_CAN_TxMailbox1AbortCallback	16	static
../Core/Src/main.c:162:6:HAL_CAN_TxMailbox2CompleteCallback	16	static
../Core/Src/main.c:166:6:HAL_CAN_TxMailbox2AbortCallback	16	static
../Core/Src/main.c:170:6:HAL_CAN_RxFifo0MsgPendingCallback	16	static
../Core/Src/main.c:210:6:mcmdSetting	16	static
../Core/Src/main.c:179:5:main	16	static
../Core/Src/main.c:326:6:SystemClock_Config	88	static
../Core/Src/main.c:384:13:MX_CAN1_Init	8	static
../Core/Src/main.c:421:13:MX_ETH_Init	8	static
../Core/Src/main.c:470:13:MX_USART3_UART_Init	8	static
../Core/Src/main.c:505:13:MX_USB_OTG_FS_PCD_Init	8	static
../Core/Src/main.c:538:13:MX_DMA_Init	16	static
../Core/Src/main.c:556:13:MX_GPIO_Init	56	static
../Core/Src/main.c:617:6:StartDefaultTask	16	static
../Core/Src/main.c:634:6:freeRTOSChecker	8	static
../Core/Src/main.c:638:6:mcmdChecker	24	static
../Core/Src/main.c:643:6:StartTask02	16	static
../Core/Src/main.c:663:6:StartTask03	16	static
../Core/Src/main.c:678:6:Error_Handler	4	static,ignoring_inline_asm
