../Core/Src/stm32f7xx_it.c:73:6:NMI_Handler	4	static
../Core/Src/stm32f7xx_it.c:88:6:HardFault_Handler	4	static
../Core/Src/stm32f7xx_it.c:103:6:MemManage_Handler	4	static
../Core/Src/stm32f7xx_it.c:118:6:BusFault_Handler	4	static
../Core/Src/stm32f7xx_it.c:133:6:UsageFault_Handler	4	static
../Core/Src/stm32f7xx_it.c:148:6:DebugMon_Handler	4	static
../Core/Src/stm32f7xx_it.c:161:6:SysTick_Handler	8	static
../Core/Src/stm32f7xx_it.c:190:6:DMA1_Stream3_IRQHandler	8	static
../Core/Src/stm32f7xx_it.c:204:6:CAN1_TX_IRQHandler	8	static
../Core/Src/stm32f7xx_it.c:218:6:CAN1_RX0_IRQHandler	8	static
../Core/Src/stm32f7xx_it.c:232:6:CAN1_RX1_IRQHandler	8	static
../Core/Src/stm32f7xx_it.c:246:6:USART3_IRQHandler	8	static
